Archive member included because of file (symbol)

c:/winavr-20100110/bin/../lib/gcc/avr/4.3.3/avr5\libgcc.a(_udivmodqi4.o)
                              utility.o (__udivmodqi4)
c:/winavr-20100110/bin/../lib/gcc/avr/4.3.3/avr5\libgcc.a(_exit.o)
                              c:/winavr-20100110/bin/../lib/gcc/avr/4.3.3/../../../../avr/lib/avr5/crtm32.o (exit)
c:/winavr-20100110/bin/../lib/gcc/avr/4.3.3/avr5\libgcc.a(_copy_data.o)
                              ATmega32A_GCC_DigitalControlAudioSystem_pLibs.o (__do_copy_data)
c:/winavr-20100110/bin/../lib/gcc/avr/4.3.3/avr5\libgcc.a(_clear_bss.o)
                              ATmega32A_GCC_DigitalControlAudioSystem_pLibs.o (__do_clear_bss)
c:/winavr-20100110/bin/../lib/gcc/avr/4.3.3/../../../../avr/lib/avr5\libc.a(itoa.o)
                              lcd_hd44780_74hc595.o (itoa)
c:/winavr-20100110/bin/../lib/gcc/avr/4.3.3/../../../../avr/lib/avr5\libc.a(ltoa.o)
                              uart.o (ltoa)
c:/winavr-20100110/bin/../lib/gcc/avr/4.3.3/../../../../avr/lib/avr5\libc.a(ultoa.o)
                              uart.o (ultoa)
c:/winavr-20100110/bin/../lib/gcc/avr/4.3.3/../../../../avr/lib/avr5\libc.a(utoa.o)
                              uart.o (utoa)
c:/winavr-20100110/bin/../lib/gcc/avr/4.3.3/../../../../avr/lib/avr5\libc.a(strrev.o)
                              c:/winavr-20100110/bin/../lib/gcc/avr/4.3.3/../../../../avr/lib/avr5\libc.a(itoa.o) (strrev)
c:/winavr-20100110/bin/../lib/gcc/avr/4.3.3/avr5\libgcc.a(_udivmodhi4.o)
                              c:/winavr-20100110/bin/../lib/gcc/avr/4.3.3/../../../../avr/lib/avr5\libc.a(itoa.o) (__udivmodhi4)
c:/winavr-20100110/bin/../lib/gcc/avr/4.3.3/avr5\libgcc.a(_udivmodsi4.o)
                              c:/winavr-20100110/bin/../lib/gcc/avr/4.3.3/../../../../avr/lib/avr5\libc.a(ltoa.o) (__udivmodsi4)

Allocating common symbols
Common symbol       size              file

rows                0x2               lcd_hd44780_74hc595.o
irCommand           0x1               ATmega32A_GCC_DigitalControlAudioSystem_pLibs.o
flagStatusBits      0x2               ATmega32A_GCC_DigitalControlAudioSystem_pLibs.o
irExtened           0x1               ATmega32A_GCC_DigitalControlAudioSystem_pLibs.o
cols                0x2               lcd_hd44780_74hc595.o
irAddress           0x1               ATmega32A_GCC_DigitalControlAudioSystem_pLibs.o

Memory Configuration

Name             Origin             Length             Attributes
text             0x00000000         0x00020000         xr
data             0x00800060         0x0000ffa0         rw !x
eeprom           0x00810000         0x00010000         rw !x
fuse             0x00820000         0x00000400         rw !x
lock             0x00830000         0x00000400         rw !x
signature        0x00840000         0x00000400         rw !x
*default*        0x00000000         0xffffffff

Linker script and memory map

LOAD c:/winavr-20100110/bin/../lib/gcc/avr/4.3.3/../../../../avr/lib/avr5/crtm32.o
LOAD ATmega32A_GCC_DigitalControlAudioSystem_pLibs.o
LOAD 24c64.o
LOAD ds18x20.o
LOAD i2c_twi.o
LOAD lcd_hd44780_74hc595.o
LOAD pga2310.o
LOAD uart.o
LOAD spi.o
LOAD utility.o
LOAD c:/winavr-20100110/bin/../lib/gcc/avr/4.3.3/avr5\libgcc.a
LOAD c:/winavr-20100110/bin/../lib/gcc/avr/4.3.3/../../../../avr/lib/avr5\libc.a
LOAD c:/winavr-20100110/bin/../lib/gcc/avr/4.3.3/avr5\libgcc.a

.hash
 *(.hash)

.dynsym
 *(.dynsym)

.dynstr
 *(.dynstr)

.gnu.version
 *(.gnu.version)

.gnu.version_d
 *(.gnu.version_d)

.gnu.version_r
 *(.gnu.version_r)

.rel.init
 *(.rel.init)

.rela.init
 *(.rela.init)

.rel.text
 *(.rel.text)
 *(.rel.text.*)
 *(.rel.gnu.linkonce.t*)

.rela.text
 *(.rela.text)
 *(.rela.text.*)
 *(.rela.gnu.linkonce.t*)

.rel.fini
 *(.rel.fini)

.rela.fini
 *(.rela.fini)

.rel.rodata
 *(.rel.rodata)
 *(.rel.rodata.*)
 *(.rel.gnu.linkonce.r*)

.rela.rodata
 *(.rela.rodata)
 *(.rela.rodata.*)
 *(.rela.gnu.linkonce.r*)

.rel.data
 *(.rel.data)
 *(.rel.data.*)
 *(.rel.gnu.linkonce.d*)

.rela.data
 *(.rela.data)
 *(.rela.data.*)
 *(.rela.gnu.linkonce.d*)

.rel.ctors
 *(.rel.ctors)

.rela.ctors
 *(.rela.ctors)

.rel.dtors
 *(.rel.dtors)

.rela.dtors
 *(.rela.dtors)

.rel.got
 *(.rel.got)

.rela.got
 *(.rela.got)

.rel.bss
 *(.rel.bss)

.rela.bss
 *(.rela.bss)

.rel.plt
 *(.rel.plt)

.rela.plt
 *(.rela.plt)

.text           0x00000000      0xbd4
 *(.vectors)
 .vectors       0x00000000       0x54 c:/winavr-20100110/bin/../lib/gcc/avr/4.3.3/../../../../avr/lib/avr5/crtm32.o
                0x00000000                __vectors
                0x00000000                __vector_default
 *(.vectors)
 *(.progmem.gcc*)
 *(.progmem*)
                0x00000054                . = ALIGN (0x2)
                0x00000054                __trampolines_start = .
 *(.trampolines)
 .trampolines   0x00000054        0x0 linker stubs
 *(.trampolines*)
                0x00000054                __trampolines_end = .
 *(.jumptables)
 *(.jumptables*)
 *(.lowtext)
 *(.lowtext*)
                0x00000054                __ctors_start = .
 *(.ctors)
                0x00000054                __ctors_end = .
                0x00000054                __dtors_start = .
 *(.dtors)
                0x00000054                __dtors_end = .
 SORT(*)(.ctors)
 SORT(*)(.dtors)
 *(.init0)
 .init0         0x00000054        0x0 c:/winavr-20100110/bin/../lib/gcc/avr/4.3.3/../../../../avr/lib/avr5/crtm32.o
                0x00000054                __init
 *(.init0)
 *(.init1)
 *(.init1)
 *(.init2)
 .init2         0x00000054        0xc c:/winavr-20100110/bin/../lib/gcc/avr/4.3.3/../../../../avr/lib/avr5/crtm32.o
 *(.init2)
 *(.init3)
 *(.init3)
 *(.init4)
 .init4         0x00000060       0x16 c:/winavr-20100110/bin/../lib/gcc/avr/4.3.3/avr5\libgcc.a(_copy_data.o)
                0x00000060                __do_copy_data
 .init4         0x00000076       0x10 c:/winavr-20100110/bin/../lib/gcc/avr/4.3.3/avr5\libgcc.a(_clear_bss.o)
                0x00000076                __do_clear_bss
 *(.init4)
 *(.init5)
 *(.init5)
 *(.init6)
 *(.init6)
 *(.init7)
 *(.init7)
 *(.init8)
 *(.init8)
 *(.init9)
 .init9         0x00000086        0x8 c:/winavr-20100110/bin/../lib/gcc/avr/4.3.3/../../../../avr/lib/avr5/crtm32.o
 *(.init9)
 *(.text)
 .text          0x0000008e        0x4 c:/winavr-20100110/bin/../lib/gcc/avr/4.3.3/../../../../avr/lib/avr5/crtm32.o
                0x0000008e                __vector_12
                0x0000008e                __bad_interrupt
                0x0000008e                __vector_6
                0x0000008e                __vector_11
                0x0000008e                __vector_13
                0x0000008e                __vector_17
                0x0000008e                __vector_19
                0x0000008e                __vector_7
                0x0000008e                __vector_9
                0x0000008e                __vector_15
                0x0000008e                __vector_8
                0x0000008e                __vector_14
                0x0000008e                __vector_10
                0x0000008e                __vector_16
                0x0000008e                __vector_18
                0x0000008e                __vector_20
 .text          0x00000092      0x214 ATmega32A_GCC_DigitalControlAudioSystem_pLibs.o
                0x00000092                port_init
                0x000000cc                __vector_1
                0x000000c6                timer2_off
                0x000000b0                timer2_init
                0x00000232                buttons_press
                0x000000f4                __vector_3
                0x00000130                init_all
                0x000000bc                timer2_on
                0x0000011c                __vector_5
                0x00000298                main
                0x00000108                __vector_4
                0x000001be                ampliferOn
                0x0000014a                ampliferOff
                0x000000e0                __vector_2
 .text          0x000002a6       0xbc 24c64.o
                0x000002f0                eeprom_24c64_write
                0x000002a6                eeprom_24c64_read
                0x0000032a                eeprom_24c64_reset
 .text          0x00000362      0x150 ds18x20.o
                0x0000045a                wait_ready
                0x00000362                reset
                0x00000464                read_scratchpad
                0x0000038c                read_bit
                0x000003ba                read_byte
                0x000003a4                write_bit
                0x00000414                write_byte
 .text          0x000004b2       0x46 i2c_twi.o
                0x000004d4                i2c_write
                0x000004c2                i2c_start
                0x000004ce                i2c_stop
                0x000004e2                i2c_read
                0x000004b2                i2c_init
 .text          0x000004f8      0x222 lcd_hd44780_74hc595.o
                0x00000546                LCD_INIT
                0x0000060e                LCD_EXECUTE_DATA_LAST
                0x00000628                lcdDataString
                0x0000056e                LCD_EXECUTE_DATA
                0x000006e2                lcdDataInt
                0x00000676                LCD_CGRAM_CUSTOM_SYMBOLS
                0x000004f8                LCD_EXECUTE_COMMAND
                0x000005d0                LCD_EXECUTE_DATA_ONE
                0x00000536                LCD_CLEAR_CONTAINS
 .text          0x0000071a       0x82 pga2310.o
                0x0000071a                PGA2310_Volume_Update
                0x00000748                pga2310_init
                0x00000772                pga2310_reset
 .text          0x0000079c      0x16a uart.o
                0x000007ae                uart_setup
                0x0000085e                transmitUartULong
                0x00000896                transmitUartInt
                0x0000081e                receiveUart
                0x00000826                transmitUartLong
                0x000007bc                uart_transmit
                0x000007e6                uart_transmit_DEC_to_BCD
                0x0000079c                uart_init
                0x000007de                uart_transmit_one
                0x00000802                transmitUart
                0x0000080a                transmitUartString
                0x000008ce                transmitUartUInt
 .text          0x00000906       0x58 spi.o
                0x00000906                spi_init
                0x00000912                spi_start
                0x0000093a                spi_write_more_bytes
                0x00000918                spi_stop
                0x00000954                spi_read_more_bytes
                0x00000928                spi_write_two_bytes
                0x0000091c                spi_write_one_byte
 .text          0x0000095e       0xae utility.o
                0x000009da                shiftLeftInMsbFirst
                0x000009cc                shiftRightInLsbFirst
                0x0000095e                decToBcd
                0x000009e8                delay_ms
                0x00000980                bcdToDec
                0x00000994                shiftRightOutLsbFirst
                0x000009b0                shiftLeftOutMsbFirst
 .text          0x00000a0c        0x0 c:/winavr-20100110/bin/../lib/gcc/avr/4.3.3/avr5\libgcc.a(_udivmodqi4.o)
 .text          0x00000a0c        0x0 c:/winavr-20100110/bin/../lib/gcc/avr/4.3.3/avr5\libgcc.a(_exit.o)
 .text          0x00000a0c        0x0 c:/winavr-20100110/bin/../lib/gcc/avr/4.3.3/avr5\libgcc.a(_copy_data.o)
 .text          0x00000a0c        0x0 c:/winavr-20100110/bin/../lib/gcc/avr/4.3.3/avr5\libgcc.a(_clear_bss.o)
 .text          0x00000a0c        0x0 c:/winavr-20100110/bin/../lib/gcc/avr/4.3.3/../../../../avr/lib/avr5\libc.a(itoa.o)
 .text          0x00000a0c        0x0 c:/winavr-20100110/bin/../lib/gcc/avr/4.3.3/../../../../avr/lib/avr5\libc.a(ltoa.o)
 .text          0x00000a0c        0x0 c:/winavr-20100110/bin/../lib/gcc/avr/4.3.3/../../../../avr/lib/avr5\libc.a(ultoa.o)
 .text          0x00000a0c        0x0 c:/winavr-20100110/bin/../lib/gcc/avr/4.3.3/../../../../avr/lib/avr5\libc.a(utoa.o)
 .text          0x00000a0c        0x0 c:/winavr-20100110/bin/../lib/gcc/avr/4.3.3/../../../../avr/lib/avr5\libc.a(strrev.o)
 .text          0x00000a0c        0x0 c:/winavr-20100110/bin/../lib/gcc/avr/4.3.3/avr5\libgcc.a(_udivmodhi4.o)
 .text          0x00000a0c        0x0 c:/winavr-20100110/bin/../lib/gcc/avr/4.3.3/avr5\libgcc.a(_udivmodsi4.o)
                0x00000a0c                . = ALIGN (0x2)
 *(.text.*)
 .text.libgcc   0x00000a0c       0x18 c:/winavr-20100110/bin/../lib/gcc/avr/4.3.3/avr5\libgcc.a(_udivmodqi4.o)
                0x00000a0c                __udivmodqi4
 .text.libgcc   0x00000a24        0x0 c:/winavr-20100110/bin/../lib/gcc/avr/4.3.3/avr5\libgcc.a(_exit.o)
 .text.libgcc   0x00000a24        0x0 c:/winavr-20100110/bin/../lib/gcc/avr/4.3.3/avr5\libgcc.a(_copy_data.o)
 .text.libgcc   0x00000a24        0x0 c:/winavr-20100110/bin/../lib/gcc/avr/4.3.3/avr5\libgcc.a(_clear_bss.o)
 .text.avr-libc
                0x00000a24       0x42 c:/winavr-20100110/bin/../lib/gcc/avr/4.3.3/../../../../avr/lib/avr5\libc.a(itoa.o)
                0x00000a24                itoa
 .text.avr-libc
                0x00000a66       0x68 c:/winavr-20100110/bin/../lib/gcc/avr/4.3.3/../../../../avr/lib/avr5\libc.a(ltoa.o)
                0x00000a66                ltoa
 .text.avr-libc
                0x00000ace       0x4a c:/winavr-20100110/bin/../lib/gcc/avr/4.3.3/../../../../avr/lib/avr5\libc.a(ultoa.o)
                0x00000ace                ultoa
 .text.avr-libc
                0x00000b18       0x2c c:/winavr-20100110/bin/../lib/gcc/avr/4.3.3/../../../../avr/lib/avr5\libc.a(utoa.o)
                0x00000b18                utoa
 .text.avr-libc
                0x00000b44       0x20 c:/winavr-20100110/bin/../lib/gcc/avr/4.3.3/../../../../avr/lib/avr5\libc.a(strrev.o)
                0x00000b44                strrev
 .text.libgcc   0x00000b64       0x28 c:/winavr-20100110/bin/../lib/gcc/avr/4.3.3/avr5\libgcc.a(_udivmodhi4.o)
                0x00000b64                __udivmodhi4
 .text.libgcc   0x00000b8c       0x44 c:/winavr-20100110/bin/../lib/gcc/avr/4.3.3/avr5\libgcc.a(_udivmodsi4.o)
                0x00000b8c                __udivmodsi4
                0x00000bd0                . = ALIGN (0x2)
 *(.fini9)
 .fini9         0x00000bd0        0x0 c:/winavr-20100110/bin/../lib/gcc/avr/4.3.3/avr5\libgcc.a(_exit.o)
                0x00000bd0                exit
                0x00000bd0                _exit
 *(.fini9)
 *(.fini8)
 *(.fini8)
 *(.fini7)
 *(.fini7)
 *(.fini6)
 *(.fini6)
 *(.fini5)
 *(.fini5)
 *(.fini4)
 *(.fini4)
 *(.fini3)
 *(.fini3)
 *(.fini2)
 *(.fini2)
 *(.fini1)
 *(.fini1)
 *(.fini0)
 .fini0         0x00000bd0        0x4 c:/winavr-20100110/bin/../lib/gcc/avr/4.3.3/avr5\libgcc.a(_exit.o)
 *(.fini0)
                0x00000bd4                _etext = .

.data           0x00800060       0x96 load address 0x00000bd4
                0x00800060                PROVIDE (__data_start, .)
 *(.data)
 .data          0x00800060        0x0 c:/winavr-20100110/bin/../lib/gcc/avr/4.3.3/../../../../avr/lib/avr5/crtm32.o
 .data          0x00800060       0x5d ATmega32A_GCC_DigitalControlAudioSystem_pLibs.o
 .data          0x008000bd        0x0 24c64.o
 .data          0x008000bd        0x0 ds18x20.o
 .data          0x008000bd        0x0 i2c_twi.o
 .data          0x008000bd       0x38 lcd_hd44780_74hc595.o
                0x008000bd                symbolGenerator
 .data          0x008000f5        0x0 pga2310.o
 .data          0x008000f5        0x0 uart.o
 .data          0x008000f5        0x0 spi.o
 .data          0x008000f5        0x0 utility.o
 .data          0x008000f5        0x0 c:/winavr-20100110/bin/../lib/gcc/avr/4.3.3/avr5\libgcc.a(_udivmodqi4.o)
 .data          0x008000f5        0x0 c:/winavr-20100110/bin/../lib/gcc/avr/4.3.3/avr5\libgcc.a(_exit.o)
 .data          0x008000f5        0x0 c:/winavr-20100110/bin/../lib/gcc/avr/4.3.3/avr5\libgcc.a(_copy_data.o)
 .data          0x008000f5        0x0 c:/winavr-20100110/bin/../lib/gcc/avr/4.3.3/avr5\libgcc.a(_clear_bss.o)
 .data          0x008000f5        0x0 c:/winavr-20100110/bin/../lib/gcc/avr/4.3.3/../../../../avr/lib/avr5\libc.a(itoa.o)
 .data          0x008000f5        0x0 c:/winavr-20100110/bin/../lib/gcc/avr/4.3.3/../../../../avr/lib/avr5\libc.a(ltoa.o)
 .data          0x008000f5        0x0 c:/winavr-20100110/bin/../lib/gcc/avr/4.3.3/../../../../avr/lib/avr5\libc.a(ultoa.o)
 .data          0x008000f5        0x0 c:/winavr-20100110/bin/../lib/gcc/avr/4.3.3/../../../../avr/lib/avr5\libc.a(utoa.o)
 .data          0x008000f5        0x0 c:/winavr-20100110/bin/../lib/gcc/avr/4.3.3/../../../../avr/lib/avr5\libc.a(strrev.o)
 .data          0x008000f5        0x0 c:/winavr-20100110/bin/../lib/gcc/avr/4.3.3/avr5\libgcc.a(_udivmodhi4.o)
 .data          0x008000f5        0x0 c:/winavr-20100110/bin/../lib/gcc/avr/4.3.3/avr5\libgcc.a(_udivmodsi4.o)
 *(.data*)
 *(.rodata)
 *(.rodata*)
 *(.gnu.linkonce.d*)
                0x008000f6                . = ALIGN (0x2)
 *fill*         0x008000f5        0x1 00
                0x008000f6                _edata = .
                0x008000f6                PROVIDE (__data_end, .)

.bss            0x008000f6       0x14
                0x008000f6                PROVIDE (__bss_start, .)
 *(.bss)
 .bss           0x008000f6        0x0 c:/winavr-20100110/bin/../lib/gcc/avr/4.3.3/../../../../avr/lib/avr5/crtm32.o
 .bss           0x008000f6        0x1 ATmega32A_GCC_DigitalControlAudioSystem_pLibs.o
                0x008000f6                n
 .bss           0x008000f7        0x0 24c64.o
 .bss           0x008000f7        0xa ds18x20.o
                0x008000f7                scratchpad
 .bss           0x00800101        0x0 i2c_twi.o
 .bss           0x00800101        0x0 lcd_hd44780_74hc595.o
 .bss           0x00800101        0x0 pga2310.o
 .bss           0x00800101        0x0 uart.o
 .bss           0x00800101        0x0 spi.o
 .bss           0x00800101        0x0 utility.o
 .bss           0x00800101        0x0 c:/winavr-20100110/bin/../lib/gcc/avr/4.3.3/avr5\libgcc.a(_udivmodqi4.o)
 .bss           0x00800101        0x0 c:/winavr-20100110/bin/../lib/gcc/avr/4.3.3/avr5\libgcc.a(_exit.o)
 .bss           0x00800101        0x0 c:/winavr-20100110/bin/../lib/gcc/avr/4.3.3/avr5\libgcc.a(_copy_data.o)
 .bss           0x00800101        0x0 c:/winavr-20100110/bin/../lib/gcc/avr/4.3.3/avr5\libgcc.a(_clear_bss.o)
 .bss           0x00800101        0x0 c:/winavr-20100110/bin/../lib/gcc/avr/4.3.3/../../../../avr/lib/avr5\libc.a(itoa.o)
 .bss           0x00800101        0x0 c:/winavr-20100110/bin/../lib/gcc/avr/4.3.3/../../../../avr/lib/avr5\libc.a(ltoa.o)
 .bss           0x00800101        0x0 c:/winavr-20100110/bin/../lib/gcc/avr/4.3.3/../../../../avr/lib/avr5\libc.a(ultoa.o)
 .bss           0x00800101        0x0 c:/winavr-20100110/bin/../lib/gcc/avr/4.3.3/../../../../avr/lib/avr5\libc.a(utoa.o)
 .bss           0x00800101        0x0 c:/winavr-20100110/bin/../lib/gcc/avr/4.3.3/../../../../avr/lib/avr5\libc.a(strrev.o)
 .bss           0x00800101        0x0 c:/winavr-20100110/bin/../lib/gcc/avr/4.3.3/avr5\libgcc.a(_udivmodhi4.o)
 .bss           0x00800101        0x0 c:/winavr-20100110/bin/../lib/gcc/avr/4.3.3/avr5\libgcc.a(_udivmodsi4.o)
 *(.bss*)
 *(COMMON)
 COMMON         0x00800101        0x5 ATmega32A_GCC_DigitalControlAudioSystem_pLibs.o
                0x00800101                irCommand
                0x00800102                flagStatusBits
                0x00800104                irExtened
                0x00800105                irAddress
 COMMON         0x00800106        0x4 lcd_hd44780_74hc595.o
                0x00800106                rows
                0x00800108                cols
                0x0080010a                PROVIDE (__bss_end, .)
                0x00000bd4                __data_load_start = LOADADDR (.data)
                0x00000c6a                __data_load_end = (__data_load_start + SIZEOF (.data))

.noinit         0x0080010a        0x0
                0x0080010a                PROVIDE (__noinit_start, .)
 *(.noinit*)
                0x0080010a                PROVIDE (__noinit_end, .)
                0x0080010a                _end = .
                0x0080010a                PROVIDE (__heap_start, .)

.eeprom         0x00810000        0x0
 *(.eeprom*)
                0x00810000                __eeprom_end = .

.fuse
 *(.fuse)
 *(.lfuse)
 *(.hfuse)
 *(.efuse)

.lock
 *(.lock*)

.signature
 *(.signature*)

.stab
 *(.stab)

.stabstr
 *(.stabstr)

.stab.excl
 *(.stab.excl)

.stab.exclstr
 *(.stab.exclstr)

.stab.index
 *(.stab.index)

.stab.indexstr
 *(.stab.indexstr)

.comment
 *(.comment)

.debug
 *(.debug)

.line
 *(.line)

.debug_srcinfo
 *(.debug_srcinfo)

.debug_sfnames
 *(.debug_sfnames)

.debug_aranges  0x00000000      0x120
 *(.debug_aranges)
 .debug_aranges
                0x00000000       0x20 ATmega32A_GCC_DigitalControlAudioSystem_pLibs.o
 .debug_aranges
                0x00000020       0x20 24c64.o
 .debug_aranges
                0x00000040       0x20 ds18x20.o
 .debug_aranges
                0x00000060       0x20 i2c_twi.o
 .debug_aranges
                0x00000080       0x20 lcd_hd44780_74hc595.o
 .debug_aranges
                0x000000a0       0x20 pga2310.o
 .debug_aranges
                0x000000c0       0x20 uart.o
 .debug_aranges
                0x000000e0       0x20 spi.o
 .debug_aranges
                0x00000100       0x20 utility.o

.debug_pubnames
                0x00000000      0x5d3
 *(.debug_pubnames)
 .debug_pubnames
                0x00000000      0x122 ATmega32A_GCC_DigitalControlAudioSystem_pLibs.o
 .debug_pubnames
                0x00000122       0x56 24c64.o
 .debug_pubnames
                0x00000178       0x86 ds18x20.o
 .debug_pubnames
                0x000001fe       0x55 i2c_twi.o
 .debug_pubnames
                0x00000253       0xfa lcd_hd44780_74hc595.o
 .debug_pubnames
                0x0000034d       0x4f pga2310.o
 .debug_pubnames
                0x0000039c      0x100 uart.o
 .debug_pubnames
                0x0000049c       0x9a spi.o
 .debug_pubnames
                0x00000536       0x9d utility.o

.debug_info     0x00000000     0x1a5c
 *(.debug_info)
 .debug_info    0x00000000      0x4c2 ATmega32A_GCC_DigitalControlAudioSystem_pLibs.o
 .debug_info    0x000004c2       0xfe 24c64.o
 .debug_info    0x000005c0      0x4a2 ds18x20.o
 .debug_info    0x00000a62       0xe8 i2c_twi.o
 .debug_info    0x00000b4a      0x81c lcd_hd44780_74hc595.o
 .debug_info    0x00001366       0xbb pga2310.o
 .debug_info    0x00001421      0x2f5 uart.o
 .debug_info    0x00001716      0x170 spi.o
 .debug_info    0x00001886      0x1d6 utility.o
 *(.gnu.linkonce.wi.*)

.debug_abbrev   0x00000000      0x9b4
 *(.debug_abbrev)
 .debug_abbrev  0x00000000      0x1e4 ATmega32A_GCC_DigitalControlAudioSystem_pLibs.o
 .debug_abbrev  0x000001e4       0x8e 24c64.o
 .debug_abbrev  0x00000272      0x177 ds18x20.o
 .debug_abbrev  0x000003e9       0x8f i2c_twi.o
 .debug_abbrev  0x00000478      0x1e4 lcd_hd44780_74hc595.o
 .debug_abbrev  0x0000065c       0x63 pga2310.o
 .debug_abbrev  0x000006bf      0x16a uart.o
 .debug_abbrev  0x00000829       0xd5 spi.o
 .debug_abbrev  0x000008fe       0xb6 utility.o

.debug_line     0x00000000     0x1639
 *(.debug_line)
 .debug_line    0x00000000      0x4bb ATmega32A_GCC_DigitalControlAudioSystem_pLibs.o
 .debug_line    0x000004bb      0x193 24c64.o
 .debug_line    0x0000064e      0x2f3 ds18x20.o
 .debug_line    0x00000941      0x12b i2c_twi.o
 .debug_line    0x00000a6c      0x512 lcd_hd44780_74hc595.o
 .debug_line    0x00000f7e      0x17f pga2310.o
 .debug_line    0x000010fd      0x222 uart.o
 .debug_line    0x0000131f      0x187 spi.o
 .debug_line    0x000014a6      0x193 utility.o

.debug_frame    0x00000000      0x4c0
 *(.debug_frame)
 .debug_frame   0x00000000       0xf0 ATmega32A_GCC_DigitalControlAudioSystem_pLibs.o
 .debug_frame   0x000000f0       0x40 24c64.o
 .debug_frame   0x00000130       0x80 ds18x20.o
 .debug_frame   0x000001b0       0x60 i2c_twi.o
 .debug_frame   0x00000210       0xa0 lcd_hd44780_74hc595.o
 .debug_frame   0x000002b0       0x40 pga2310.o
 .debug_frame   0x000002f0       0xd0 uart.o
 .debug_frame   0x000003c0       0x80 spi.o
 .debug_frame   0x00000440       0x80 utility.o

.debug_str      0x00000000      0x7c2
 *(.debug_str)
 .debug_str     0x00000000      0x23e ATmega32A_GCC_DigitalControlAudioSystem_pLibs.o
                                0x277 (size before relaxing)
 .debug_str     0x0000023e       0xca 24c64.o
                                0x1c9 (size before relaxing)
 .debug_str     0x00000308       0x91 ds18x20.o
                                0x1d1 (size before relaxing)
 .debug_str     0x00000399       0x58 i2c_twi.o
                                0x144 (size before relaxing)
 .debug_str     0x000003f1      0x11a lcd_hd44780_74hc595.o
                                0x273 (size before relaxing)
 .debug_str     0x0000050b       0x53 pga2310.o
                                0x157 (size before relaxing)
 .debug_str     0x0000055e      0x129 uart.o
                                0x235 (size before relaxing)
 .debug_str     0x00000687       0x96 spi.o
                                0x182 (size before relaxing)
 .debug_str     0x0000071d       0xa5 utility.o
                                0x1b0 (size before relaxing)

.debug_loc      0x00000000      0x5a8
 *(.debug_loc)
 .debug_loc     0x00000000      0x128 ATmega32A_GCC_DigitalControlAudioSystem_pLibs.o
 .debug_loc     0x00000128       0x18 24c64.o
 .debug_loc     0x00000140       0xfa ds18x20.o
 .debug_loc     0x0000023a       0x31 i2c_twi.o
 .debug_loc     0x0000026b      0x1bb lcd_hd44780_74hc595.o
 .debug_loc     0x00000426       0x3c pga2310.o
 .debug_loc     0x00000462       0xed uart.o
 .debug_loc     0x0000054f       0x28 spi.o
 .debug_loc     0x00000577       0x31 utility.o

.debug_macinfo
 *(.debug_macinfo)
OUTPUT(ATmega32A_GCC_DigitalControlAudioSystem_pLibs.elf elf32-avr)
LOAD linker stubs

.debug_ranges   0x00000000      0x2e8
 .debug_ranges  0x00000000       0x48 ATmega32A_GCC_DigitalControlAudioSystem_pLibs.o
 .debug_ranges  0x00000048       0x78 ds18x20.o
 .debug_ranges  0x000000c0      0x1f8 lcd_hd44780_74hc595.o
 .debug_ranges  0x000002b8       0x18 uart.o
 .debug_ranges  0x000002d0       0x18 spi.o
