Archive member included because of file (symbol)

/usr/lib/gcc/avr/4.8.2/avr5/libgcc.a(_udivmodqi4.o)
                              utility.o (__udivmodqi4)
/usr/lib/gcc/avr/4.8.2/avr5/libgcc.a(_exit.o)
                              /usr/lib/gcc/avr/4.8.2/../../../avr/lib/avr5/crtm32.o (exit)
/usr/lib/gcc/avr/4.8.2/avr5/libgcc.a(_copy_data.o)
                              ATmega32A_GCC_DigitalControlAudioSystem_pLibs.o (__do_copy_data)
/usr/lib/gcc/avr/4.8.2/avr5/libgcc.a(_clear_bss.o)
                              ATmega32A_GCC_DigitalControlAudioSystem_pLibs.o (__do_clear_bss)
/usr/lib/gcc/avr/4.8.2/../../../avr/lib/avr5/libc.a(itoa.o)
                              lcd_hd44780_74hc595.o (itoa)
/usr/lib/gcc/avr/4.8.2/../../../avr/lib/avr5/libc.a(ltoa.o)
                              lcd_hd44780_74hc595.o (ltoa)
/usr/lib/gcc/avr/4.8.2/../../../avr/lib/avr5/libc.a(ultoa.o)
                              lcd_hd44780_74hc595.o (ultoa)
/usr/lib/gcc/avr/4.8.2/../../../avr/lib/avr5/libc.a(utoa.o)
                              lcd_hd44780_74hc595.o (utoa)
/usr/lib/gcc/avr/4.8.2/../../../avr/lib/avr5/libc.a(strrev.o)
                              /usr/lib/gcc/avr/4.8.2/../../../avr/lib/avr5/libc.a(itoa.o) (strrev)
/usr/lib/gcc/avr/4.8.2/avr5/libgcc.a(_udivmodhi4.o)
                              /usr/lib/gcc/avr/4.8.2/../../../avr/lib/avr5/libc.a(itoa.o) (__udivmodhi4)
/usr/lib/gcc/avr/4.8.2/avr5/libgcc.a(_udivmodsi4.o)
                              /usr/lib/gcc/avr/4.8.2/../../../avr/lib/avr5/libc.a(ltoa.o) (__udivmodsi4)

Allocating common symbols
Common symbol       size              file

byte7               0x1               ATmega32A_GCC_DigitalControlAudioSystem_pLibs.o
byte2               0x1               ATmega32A_GCC_DigitalControlAudioSystem_pLibs.o
rows                0x2               lcd_hd44780_74hc595.o
byte3               0x1               ATmega32A_GCC_DigitalControlAudioSystem_pLibs.o
byte6               0x1               ATmega32A_GCC_DigitalControlAudioSystem_pLibs.o
byte1               0x1               ATmega32A_GCC_DigitalControlAudioSystem_pLibs.o
irCommand           0x1               ATmega32A_GCC_DigitalControlAudioSystem_pLibs.o
flagStatusBits      0x2               ATmega32A_GCC_DigitalControlAudioSystem_pLibs.o
byte0               0x1               ATmega32A_GCC_DigitalControlAudioSystem_pLibs.o
byte4               0x1               ATmega32A_GCC_DigitalControlAudioSystem_pLibs.o
cols                0x2               lcd_hd44780_74hc595.o
irAddress           0x1               ATmega32A_GCC_DigitalControlAudioSystem_pLibs.o
byte8               0x1               ATmega32A_GCC_DigitalControlAudioSystem_pLibs.o
irExtended          0x1               ATmega32A_GCC_DigitalControlAudioSystem_pLibs.o
byte9               0x1               ATmega32A_GCC_DigitalControlAudioSystem_pLibs.o
fSB                 0x1               ATmega32A_GCC_DigitalControlAudioSystem_pLibs.o
byte5               0x1               ATmega32A_GCC_DigitalControlAudioSystem_pLibs.o

Memory Configuration

Name             Origin             Length             Attributes
text             0x0000000000000000 0x0000000000020000 xr
data             0x0000000000800060 0x000000000000ffa0 rw !x
eeprom           0x0000000000810000 0x0000000000010000 rw !x
fuse             0x0000000000820000 0x0000000000000400 rw !x
lock             0x0000000000830000 0x0000000000000400 rw !x
signature        0x0000000000840000 0x0000000000000400 rw !x
user_signatures  0x0000000000850000 0x0000000000000400 rw !x
*default*        0x0000000000000000 0xffffffffffffffff

Linker script and memory map

LOAD /usr/lib/gcc/avr/4.8.2/../../../avr/lib/avr5/crtm32.o
LOAD ATmega32A_GCC_DigitalControlAudioSystem_pLibs.o
LOAD 24c64.o
LOAD ds18x20.o
LOAD i2c_twi.o
LOAD lcd_hd44780_74hc595.o
LOAD pga2310.o
LOAD uart.o
LOAD spi.o
LOAD utility.o
LOAD rotation_encoder.o
LOAD relay_74hc595.o
LOAD ir_sirc.o
START GROUP
LOAD /usr/lib/gcc/avr/4.8.2/avr5/libgcc.a
LOAD /usr/lib/gcc/avr/4.8.2/../../../avr/lib/avr5/libm.a
LOAD /usr/lib/gcc/avr/4.8.2/../../../avr/lib/avr5/libc.a
END GROUP

.hash
 *(.hash)

.dynsym
 *(.dynsym)

.dynstr
 *(.dynstr)

.gnu.version
 *(.gnu.version)

.gnu.version_d
 *(.gnu.version_d)

.gnu.version_r
 *(.gnu.version_r)

.rel.init
 *(.rel.init)

.rela.init
 *(.rela.init)

.rel.text
 *(.rel.text)
 *(.rel.text.*)
 *(.rel.gnu.linkonce.t*)

.rela.text
 *(.rela.text)
 *(.rela.text.*)
 *(.rela.gnu.linkonce.t*)

.rel.fini
 *(.rel.fini)

.rela.fini
 *(.rela.fini)

.rel.rodata
 *(.rel.rodata)
 *(.rel.rodata.*)
 *(.rel.gnu.linkonce.r*)

.rela.rodata
 *(.rela.rodata)
 *(.rela.rodata.*)
 *(.rela.gnu.linkonce.r*)

.rel.data
 *(.rel.data)
 *(.rel.data.*)
 *(.rel.gnu.linkonce.d*)

.rela.data
 *(.rela.data)
 *(.rela.data.*)
 *(.rela.gnu.linkonce.d*)

.rel.ctors
 *(.rel.ctors)

.rela.ctors
 *(.rela.ctors)

.rel.dtors
 *(.rel.dtors)

.rela.dtors
 *(.rela.dtors)

.rel.got
 *(.rel.got)

.rela.got
 *(.rela.got)

.rel.bss
 *(.rel.bss)

.rela.bss
 *(.rela.bss)

.rel.plt
 *(.rel.plt)

.rela.plt
 *(.rela.plt)

.text           0x0000000000000000     0x183c
 *(.vectors)
 .vectors       0x0000000000000000       0x54 /usr/lib/gcc/avr/4.8.2/../../../avr/lib/avr5/crtm32.o
                0x0000000000000000                __vectors
                0x0000000000000000                __vector_default
 *(.vectors)
 *(.progmem.gcc*)
 *(.progmem*)
                0x0000000000000054                . = ALIGN (0x2)
                0x0000000000000054                __trampolines_start = .
 *(.trampolines)
 .trampolines   0x0000000000000054        0x0 linker stubs
 *(.trampolines*)
                0x0000000000000054                __trampolines_end = .
 *(.jumptables)
 *(.jumptables*)
 *(.lowtext)
 *(.lowtext*)
                0x0000000000000054                __ctors_start = .
 *(.ctors)
                0x0000000000000054                __ctors_end = .
                0x0000000000000054                __dtors_start = .
 *(.dtors)
                0x0000000000000054                __dtors_end = .
 SORT(*)(.ctors)
 SORT(*)(.dtors)
 *(.init0)
 .init0         0x0000000000000054        0x0 /usr/lib/gcc/avr/4.8.2/../../../avr/lib/avr5/crtm32.o
                0x0000000000000054                __init
 *(.init0)
 *(.init1)
 *(.init1)
 *(.init2)
 .init2         0x0000000000000054        0xc /usr/lib/gcc/avr/4.8.2/../../../avr/lib/avr5/crtm32.o
 *(.init2)
 *(.init3)
 *(.init3)
 *(.init4)
 .init4         0x0000000000000060       0x16 /usr/lib/gcc/avr/4.8.2/avr5/libgcc.a(_copy_data.o)
                0x0000000000000060                __do_copy_data
 .init4         0x0000000000000076       0x10 /usr/lib/gcc/avr/4.8.2/avr5/libgcc.a(_clear_bss.o)
                0x0000000000000076                __do_clear_bss
 *(.init4)
 *(.init5)
 *(.init5)
 *(.init6)
 *(.init6)
 *(.init7)
 *(.init7)
 *(.init8)
 *(.init8)
 *(.init9)
 .init9         0x0000000000000086        0x8 /usr/lib/gcc/avr/4.8.2/../../../avr/lib/avr5/crtm32.o
 *(.init9)
 *(.text)
 .text          0x000000000000008e        0x4 /usr/lib/gcc/avr/4.8.2/../../../avr/lib/avr5/crtm32.o
                0x000000000000008e                __vector_12
                0x000000000000008e                __bad_interrupt
                0x000000000000008e                __vector_6
                0x000000000000008e                __vector_11
                0x000000000000008e                __vector_13
                0x000000000000008e                __vector_17
                0x000000000000008e                __vector_19
                0x000000000000008e                __vector_7
                0x000000000000008e                __vector_9
                0x000000000000008e                __vector_15
                0x000000000000008e                __vector_8
                0x000000000000008e                __vector_14
                0x000000000000008e                __vector_10
                0x000000000000008e                __vector_16
                0x000000000000008e                __vector_18
                0x000000000000008e                __vector_20
 .text          0x0000000000000092      0xa16 ATmega32A_GCC_DigitalControlAudioSystem_pLibs.o
                0x0000000000000092                port_init
                0x00000000000000b0                ext0_intrpt_init
                0x00000000000000b6                ext0_intrpt_on
                0x00000000000000c4                ext0_intrpt_off
                0x00000000000000d0                ext1_intrpt_init
                0x00000000000000d2                ext2_intrpt_init
                0x00000000000000d4                timer1_init
                0x00000000000000de                timer2_init
                0x00000000000000e6                timer2Internal_intrpt_off
                0x00000000000000f2                timer2Internal_intrpt_on
                0x0000000000000100                timer1_on_speed
                0x000000000000011a                timer1_off
                0x0000000000000124                fan_pwm_control_speed
                0x0000000000000128                fan_pwm_off
                0x000000000000012c                timer2_on
                0x0000000000000136                timer2_off
                0x000000000000013c                ampliferOn
                0x00000000000001ca                ampliferOff
                0x0000000000000240                volumeUpdate
                0x0000000000000292                volumeProcess
                0x00000000000002c6                volumeMute
                0x00000000000002fc                volumeProcessRemote
                0x0000000000000328                commonEncoder
                0x0000000000000390                oneWireLeft
                0x0000000000000402                oneWireRight
                0x0000000000000474                temperMeasur
                0x0000000000000502                temperature
                0x00000000000005f2                irDecode
                0x000000000000078c                autoControlTemperature
                0x00000000000008b8                about
                0x00000000000008f8                __vector_1
                0x0000000000000964                __vector_2
                0x0000000000000978                __vector_3
                0x000000000000098c                __vector_4
                0x00000000000009dc                __vector_5
                0x00000000000009f0                init_all
                0x0000000000000a14                buttons_press
 .text          0x0000000000000aa8       0xb2 24c64.o
                0x0000000000000aa8                eeprom_24c64_reset
                0x0000000000000ada                eeprom_24c64_write
                0x0000000000000b12                eeprom_24c64_read
 .text          0x0000000000000b5a      0x158 ds18x20.o
                0x0000000000000b5a                reset
                0x0000000000000b90                read_bit
                0x0000000000000baa                write_bit
                0x0000000000000bc4                read_byte
                0x0000000000000c10                write_byte
                0x0000000000000c5a                wait_ready
                0x0000000000000c64                read_scratchpad
 .text          0x0000000000000cb2       0x46 i2c_twi.o
                0x0000000000000cb2                i2c_init
                0x0000000000000cc2                i2c_start
                0x0000000000000cce                i2c_stop
                0x0000000000000cd4                i2c_write
                0x0000000000000ce2                i2c_read
 .text          0x0000000000000cf8      0x32a lcd_hd44780_74hc595.o
                0x0000000000000cf8                LCD_EXECUTE_COMMAND
                0x0000000000000d40                LCD_EXECUTE_DATA
                0x0000000000000d9a                LCD_EXECUTE_DATA_ONE
                0x0000000000000de2                LCD_EXECUTE_DATA_LAST
                0x0000000000000e00                LCD_COMMAND
                0x0000000000000e48                LCD_INIT
                0x0000000000000e6e                LCD_CLEAR_CONTAIN
                0x0000000000000e82                LCD_DATA_STRING
                0x0000000000000ed6                LCD_DATA_UINT
                0x0000000000000f0e                LCD_DATA_INT
                0x0000000000000f46                LCD_DATA_LONG
                0x0000000000000f7e                LCD_DATA_ULONG
                0x0000000000000fb6                LCD_CGRAM_CUSTOM_SYMBOLS
 .text          0x0000000000001022       0x82 pga2310.o
                0x0000000000001022                pga2310_reset
                0x000000000000104c                pga2310_init
                0x0000000000001076                PGA2310_Volume_Update
 .text          0x00000000000010a4      0x156 uart.o
                0x00000000000010a4                uart_init
                0x00000000000010b6                uart_transmit
                0x00000000000010d0                uart_transmit_one
                0x00000000000010d8                uart_transmit_DEC_to_BCD
                0x00000000000010f2                transmitUart
                0x00000000000010fa                transmitUartString
                0x0000000000001112                transmitUartUInt
                0x000000000000114a                transmitUartInt
                0x0000000000001182                transmitUartULong
                0x00000000000011ba                transmitUartLong
                0x00000000000011f2                receiveUart
 .text          0x00000000000011fa       0x56 spi.o
                0x00000000000011fa                spi_init
                0x0000000000001206                spi_start
                0x000000000000120c                spi_stop
                0x0000000000001210                spi_write_one_byte
                0x000000000000121c                spi_write_two_bytes
                0x000000000000122e                spi_write_more_bytes
                0x0000000000001246                spi_read_more_bytes
 .text          0x0000000000001250       0x90 utility.o
                0x0000000000001250                decToBcd
                0x0000000000001262                bcdToDec
                0x0000000000001274                shiftRightOutLsbFirst
                0x000000000000128c                shiftLeftOutMsbFirst
                0x00000000000012a4                shiftRightInLsbFirst
                0x00000000000012b0                shiftLeftInMsbFirst
                0x00000000000012bc                delay_ms
 .text          0x00000000000012e0       0xc4 rotation_encoder.o
                0x00000000000012e0                rotaryEncoderNikBarzakov
                0x000000000000132e                rotaryEncoderVer1
                0x000000000000137c                rotaryEncoderVer2
 .text          0x00000000000013a4       0xb4 relay_74hc595.o
                0x00000000000013a4                RELAYS_IN_INIT
                0x00000000000013a6                RELAYS_OUT_INIT
                0x00000000000013a8                RELAYS_IN_CHOOSE
                0x00000000000013dc                relays_in1_2ch
                0x00000000000013e2                relays_in1_6ch
                0x00000000000013e8                relays_in2_2ch
                0x00000000000013ee                relays_in2_6ch
                0x00000000000013f4                relays_in3_2ch
                0x00000000000013fa                relays_in3_6ch
                0x0000000000001400                relays_in_off
                0x0000000000001406                relays_in_init
                0x000000000000140c                RELAYS_OUT_CHOOSE
                0x0000000000001440                relays_out_1ch
                0x0000000000001446                relays_out_6ch
                0x000000000000144c                relays_out_off
                0x0000000000001452                relays_out_init
 .text          0x0000000000001458      0x20c ir_sirc.o
                0x0000000000001458                GetSIRC12
                0x00000000000014f2                GetSIRC15
                0x000000000000158c                GetSIRC20
 .text          0x0000000000001664        0x0 /usr/lib/gcc/avr/4.8.2/avr5/libgcc.a(_udivmodqi4.o)
 .text          0x0000000000001664        0x0 /usr/lib/gcc/avr/4.8.2/avr5/libgcc.a(_exit.o)
 .text          0x0000000000001664        0x0 /usr/lib/gcc/avr/4.8.2/avr5/libgcc.a(_copy_data.o)
 .text          0x0000000000001664        0x0 /usr/lib/gcc/avr/4.8.2/avr5/libgcc.a(_clear_bss.o)
 .text          0x0000000000001664        0x0 /usr/lib/gcc/avr/4.8.2/../../../avr/lib/avr5/libc.a(itoa.o)
 .text          0x0000000000001664        0x0 /usr/lib/gcc/avr/4.8.2/../../../avr/lib/avr5/libc.a(ltoa.o)
 .text          0x0000000000001664        0x0 /usr/lib/gcc/avr/4.8.2/../../../avr/lib/avr5/libc.a(ultoa.o)
 .text          0x0000000000001664        0x0 /usr/lib/gcc/avr/4.8.2/../../../avr/lib/avr5/libc.a(utoa.o)
 .text          0x0000000000001664        0x0 /usr/lib/gcc/avr/4.8.2/../../../avr/lib/avr5/libc.a(strrev.o)
 .text          0x0000000000001664        0x0 /usr/lib/gcc/avr/4.8.2/avr5/libgcc.a(_udivmodhi4.o)
 .text          0x0000000000001664        0x0 /usr/lib/gcc/avr/4.8.2/avr5/libgcc.a(_udivmodsi4.o)
                0x0000000000001664                . = ALIGN (0x2)
 *(.text.*)
 .text.startup  0x0000000000001664       0x10 ATmega32A_GCC_DigitalControlAudioSystem_pLibs.o
                0x0000000000001664                main
 .text.libgcc.mul
                0x0000000000001674        0x0 /usr/lib/gcc/avr/4.8.2/avr5/libgcc.a(_udivmodqi4.o)
 .text.libgcc.div
                0x0000000000001674       0x18 /usr/lib/gcc/avr/4.8.2/avr5/libgcc.a(_udivmodqi4.o)
                0x0000000000001674                __udivmodqi4
 .text.libgcc   0x000000000000168c        0x0 /usr/lib/gcc/avr/4.8.2/avr5/libgcc.a(_udivmodqi4.o)
 .text.libgcc.prologue
                0x000000000000168c        0x0 /usr/lib/gcc/avr/4.8.2/avr5/libgcc.a(_udivmodqi4.o)
 .text.libgcc.builtins
                0x000000000000168c        0x0 /usr/lib/gcc/avr/4.8.2/avr5/libgcc.a(_udivmodqi4.o)
 .text.libgcc.fmul
                0x000000000000168c        0x0 /usr/lib/gcc/avr/4.8.2/avr5/libgcc.a(_udivmodqi4.o)
 .text.libgcc.fixed
                0x000000000000168c        0x0 /usr/lib/gcc/avr/4.8.2/avr5/libgcc.a(_udivmodqi4.o)
 .text.libgcc.mul
                0x000000000000168c        0x0 /usr/lib/gcc/avr/4.8.2/avr5/libgcc.a(_exit.o)
 .text.libgcc.div
                0x000000000000168c        0x0 /usr/lib/gcc/avr/4.8.2/avr5/libgcc.a(_exit.o)
 .text.libgcc   0x000000000000168c        0x0 /usr/lib/gcc/avr/4.8.2/avr5/libgcc.a(_exit.o)
 .text.libgcc.prologue
                0x000000000000168c        0x0 /usr/lib/gcc/avr/4.8.2/avr5/libgcc.a(_exit.o)
 .text.libgcc.builtins
                0x000000000000168c        0x0 /usr/lib/gcc/avr/4.8.2/avr5/libgcc.a(_exit.o)
 .text.libgcc.fmul
                0x000000000000168c        0x0 /usr/lib/gcc/avr/4.8.2/avr5/libgcc.a(_exit.o)
 .text.libgcc.fixed
                0x000000000000168c        0x0 /usr/lib/gcc/avr/4.8.2/avr5/libgcc.a(_exit.o)
 .text.libgcc.mul
                0x000000000000168c        0x0 /usr/lib/gcc/avr/4.8.2/avr5/libgcc.a(_copy_data.o)
 .text.libgcc.div
                0x000000000000168c        0x0 /usr/lib/gcc/avr/4.8.2/avr5/libgcc.a(_copy_data.o)
 .text.libgcc   0x000000000000168c        0x0 /usr/lib/gcc/avr/4.8.2/avr5/libgcc.a(_copy_data.o)
 .text.libgcc.prologue
                0x000000000000168c        0x0 /usr/lib/gcc/avr/4.8.2/avr5/libgcc.a(_copy_data.o)
 .text.libgcc.builtins
                0x000000000000168c        0x0 /usr/lib/gcc/avr/4.8.2/avr5/libgcc.a(_copy_data.o)
 .text.libgcc.fmul
                0x000000000000168c        0x0 /usr/lib/gcc/avr/4.8.2/avr5/libgcc.a(_copy_data.o)
 .text.libgcc.fixed
                0x000000000000168c        0x0 /usr/lib/gcc/avr/4.8.2/avr5/libgcc.a(_copy_data.o)
 .text.libgcc.mul
                0x000000000000168c        0x0 /usr/lib/gcc/avr/4.8.2/avr5/libgcc.a(_clear_bss.o)
 .text.libgcc.div
                0x000000000000168c        0x0 /usr/lib/gcc/avr/4.8.2/avr5/libgcc.a(_clear_bss.o)
 .text.libgcc   0x000000000000168c        0x0 /usr/lib/gcc/avr/4.8.2/avr5/libgcc.a(_clear_bss.o)
 .text.libgcc.prologue
                0x000000000000168c        0x0 /usr/lib/gcc/avr/4.8.2/avr5/libgcc.a(_clear_bss.o)
 .text.libgcc.builtins
                0x000000000000168c        0x0 /usr/lib/gcc/avr/4.8.2/avr5/libgcc.a(_clear_bss.o)
 .text.libgcc.fmul
                0x000000000000168c        0x0 /usr/lib/gcc/avr/4.8.2/avr5/libgcc.a(_clear_bss.o)
 .text.libgcc.fixed
                0x000000000000168c        0x0 /usr/lib/gcc/avr/4.8.2/avr5/libgcc.a(_clear_bss.o)
 .text.avr-libc
                0x000000000000168c       0x42 /usr/lib/gcc/avr/4.8.2/../../../avr/lib/avr5/libc.a(itoa.o)
                0x000000000000168c                itoa
 .text.avr-libc
                0x00000000000016ce       0x68 /usr/lib/gcc/avr/4.8.2/../../../avr/lib/avr5/libc.a(ltoa.o)
                0x00000000000016ce                ltoa
 .text.avr-libc
                0x0000000000001736       0x4a /usr/lib/gcc/avr/4.8.2/../../../avr/lib/avr5/libc.a(ultoa.o)
                0x0000000000001736                ultoa
 .text.avr-libc
                0x0000000000001780       0x2c /usr/lib/gcc/avr/4.8.2/../../../avr/lib/avr5/libc.a(utoa.o)
                0x0000000000001780                utoa
 .text.avr-libc
                0x00000000000017ac       0x20 /usr/lib/gcc/avr/4.8.2/../../../avr/lib/avr5/libc.a(strrev.o)
                0x00000000000017ac                strrev
 .text.libgcc.mul
                0x00000000000017cc        0x0 /usr/lib/gcc/avr/4.8.2/avr5/libgcc.a(_udivmodhi4.o)
 .text.libgcc.div
                0x00000000000017cc       0x28 /usr/lib/gcc/avr/4.8.2/avr5/libgcc.a(_udivmodhi4.o)
                0x00000000000017cc                __udivmodhi4
 .text.libgcc   0x00000000000017f4        0x0 /usr/lib/gcc/avr/4.8.2/avr5/libgcc.a(_udivmodhi4.o)
 .text.libgcc.prologue
                0x00000000000017f4        0x0 /usr/lib/gcc/avr/4.8.2/avr5/libgcc.a(_udivmodhi4.o)
 .text.libgcc.builtins
                0x00000000000017f4        0x0 /usr/lib/gcc/avr/4.8.2/avr5/libgcc.a(_udivmodhi4.o)
 .text.libgcc.fmul
                0x00000000000017f4        0x0 /usr/lib/gcc/avr/4.8.2/avr5/libgcc.a(_udivmodhi4.o)
 .text.libgcc.fixed
                0x00000000000017f4        0x0 /usr/lib/gcc/avr/4.8.2/avr5/libgcc.a(_udivmodhi4.o)
 .text.libgcc.mul
                0x00000000000017f4        0x0 /usr/lib/gcc/avr/4.8.2/avr5/libgcc.a(_udivmodsi4.o)
 .text.libgcc.div
                0x00000000000017f4       0x44 /usr/lib/gcc/avr/4.8.2/avr5/libgcc.a(_udivmodsi4.o)
                0x00000000000017f4                __udivmodsi4
 .text.libgcc   0x0000000000001838        0x0 /usr/lib/gcc/avr/4.8.2/avr5/libgcc.a(_udivmodsi4.o)
 .text.libgcc.prologue
                0x0000000000001838        0x0 /usr/lib/gcc/avr/4.8.2/avr5/libgcc.a(_udivmodsi4.o)
 .text.libgcc.builtins
                0x0000000000001838        0x0 /usr/lib/gcc/avr/4.8.2/avr5/libgcc.a(_udivmodsi4.o)
 .text.libgcc.fmul
                0x0000000000001838        0x0 /usr/lib/gcc/avr/4.8.2/avr5/libgcc.a(_udivmodsi4.o)
 .text.libgcc.fixed
                0x0000000000001838        0x0 /usr/lib/gcc/avr/4.8.2/avr5/libgcc.a(_udivmodsi4.o)
                0x0000000000001838                . = ALIGN (0x2)
 *(.fini9)
 .fini9         0x0000000000001838        0x0 /usr/lib/gcc/avr/4.8.2/avr5/libgcc.a(_exit.o)
                0x0000000000001838                exit
                0x0000000000001838                _exit
 *(.fini9)
 *(.fini8)
 *(.fini8)
 *(.fini7)
 *(.fini7)
 *(.fini6)
 *(.fini6)
 *(.fini5)
 *(.fini5)
 *(.fini4)
 *(.fini4)
 *(.fini3)
 *(.fini3)
 *(.fini2)
 *(.fini2)
 *(.fini1)
 *(.fini1)
 *(.fini0)
 .fini0         0x0000000000001838        0x4 /usr/lib/gcc/avr/4.8.2/avr5/libgcc.a(_exit.o)
 *(.fini0)
                0x000000000000183c                _etext = .

.data           0x0000000000800060      0x3ec load address 0x000000000000183c
                0x0000000000800060                PROVIDE (__data_start, .)
 *(.data)
 .data          0x0000000000800060        0x0 /usr/lib/gcc/avr/4.8.2/../../../avr/lib/avr5/crtm32.o
 .data          0x0000000000800060       0x35 ATmega32A_GCC_DigitalControlAudioSystem_pLibs.o
                0x0000000000800060                exitSetupMode
                0x0000000000800062                chooseMenu
                0x0000000000800068                fanSpeedStep
                0x0000000000800070                fanSpeed
                0x0000000000800071                rightTempSensorRomCode
                0x0000000000800079                leftTempSensorRomCode
                0x0000000000800081                volumeValue
 .data          0x0000000000800095        0x0 24c64.o
 .data          0x0000000000800095        0x0 ds18x20.o
 .data          0x0000000000800095        0x0 i2c_twi.o
 .data          0x0000000000800095       0x38 lcd_hd44780_74hc595.o
                0x0000000000800095                symbolGenerator
 .data          0x00000000008000cd        0x0 pga2310.o
 .data          0x00000000008000cd        0x0 uart.o
 .data          0x00000000008000cd        0x0 spi.o
 .data          0x00000000008000cd        0x0 utility.o
 .data          0x00000000008000cd        0x0 rotation_encoder.o
 .data          0x00000000008000cd        0x0 relay_74hc595.o
 .data          0x00000000008000cd        0x0 ir_sirc.o
 .data          0x00000000008000cd        0x0 /usr/lib/gcc/avr/4.8.2/avr5/libgcc.a(_udivmodqi4.o)
 .data          0x00000000008000cd        0x0 /usr/lib/gcc/avr/4.8.2/avr5/libgcc.a(_exit.o)
 .data          0x00000000008000cd        0x0 /usr/lib/gcc/avr/4.8.2/avr5/libgcc.a(_copy_data.o)
 .data          0x00000000008000cd        0x0 /usr/lib/gcc/avr/4.8.2/avr5/libgcc.a(_clear_bss.o)
 .data          0x00000000008000cd        0x0 /usr/lib/gcc/avr/4.8.2/../../../avr/lib/avr5/libc.a(itoa.o)
 .data          0x00000000008000cd        0x0 /usr/lib/gcc/avr/4.8.2/../../../avr/lib/avr5/libc.a(ltoa.o)
 .data          0x00000000008000cd        0x0 /usr/lib/gcc/avr/4.8.2/../../../avr/lib/avr5/libc.a(ultoa.o)
 .data          0x00000000008000cd        0x0 /usr/lib/gcc/avr/4.8.2/../../../avr/lib/avr5/libc.a(utoa.o)
 .data          0x00000000008000cd        0x0 /usr/lib/gcc/avr/4.8.2/../../../avr/lib/avr5/libc.a(strrev.o)
 .data          0x00000000008000cd        0x0 /usr/lib/gcc/avr/4.8.2/avr5/libgcc.a(_udivmodhi4.o)
 .data          0x00000000008000cd        0x0 /usr/lib/gcc/avr/4.8.2/avr5/libgcc.a(_udivmodsi4.o)
 *(.data*)
 *(.rodata)
 *(.rodata*)
 .rodata.str1.1
                0x00000000008000cd      0x37e ATmega32A_GCC_DigitalControlAudioSystem_pLibs.o
                                        0x395 (size before relaxing)
 *(.gnu.linkonce.d*)
                0x000000000080044c                . = ALIGN (0x2)
 *fill*         0x000000000080044b        0x1 
                0x000000000080044c                _edata = .
                0x000000000080044c                PROVIDE (__data_end, .)

.bss            0x000000000080044c       0x2c
                0x000000000080044c                PROVIDE (__bss_start, .)
 *(.bss)
 .bss           0x000000000080044c        0x0 /usr/lib/gcc/avr/4.8.2/../../../avr/lib/avr5/crtm32.o
 .bss           0x000000000080044c        0xe ATmega32A_GCC_DigitalControlAudioSystem_pLibs.o
                0x000000000080044c                indexMenuTable
                0x000000000080044d                storeTemp
                0x0000000000800457                volumeIndex
                0x0000000000800458                volumeBuffer
 .bss           0x000000000080045a        0x0 24c64.o
 .bss           0x000000000080045a        0xa ds18x20.o
                0x000000000080045a                scratchpad
 .bss           0x0000000000800464        0x0 i2c_twi.o
 .bss           0x0000000000800464        0x0 lcd_hd44780_74hc595.o
 .bss           0x0000000000800464        0x0 pga2310.o
 .bss           0x0000000000800464        0x0 uart.o
 .bss           0x0000000000800464        0x0 spi.o
 .bss           0x0000000000800464        0x0 utility.o
 .bss           0x0000000000800464        0x0 rotation_encoder.o
 .bss           0x0000000000800464        0x0 relay_74hc595.o
 .bss           0x0000000000800464        0x0 ir_sirc.o
 .bss           0x0000000000800464        0x0 /usr/lib/gcc/avr/4.8.2/avr5/libgcc.a(_udivmodqi4.o)
 .bss           0x0000000000800464        0x0 /usr/lib/gcc/avr/4.8.2/avr5/libgcc.a(_exit.o)
 .bss           0x0000000000800464        0x0 /usr/lib/gcc/avr/4.8.2/avr5/libgcc.a(_copy_data.o)
 .bss           0x0000000000800464        0x0 /usr/lib/gcc/avr/4.8.2/avr5/libgcc.a(_clear_bss.o)
 .bss           0x0000000000800464        0x0 /usr/lib/gcc/avr/4.8.2/../../../avr/lib/avr5/libc.a(itoa.o)
 .bss           0x0000000000800464        0x0 /usr/lib/gcc/avr/4.8.2/../../../avr/lib/avr5/libc.a(ltoa.o)
 .bss           0x0000000000800464        0x0 /usr/lib/gcc/avr/4.8.2/../../../avr/lib/avr5/libc.a(ultoa.o)
 .bss           0x0000000000800464        0x0 /usr/lib/gcc/avr/4.8.2/../../../avr/lib/avr5/libc.a(utoa.o)
 .bss           0x0000000000800464        0x0 /usr/lib/gcc/avr/4.8.2/../../../avr/lib/avr5/libc.a(strrev.o)
 .bss           0x0000000000800464        0x0 /usr/lib/gcc/avr/4.8.2/avr5/libgcc.a(_udivmodhi4.o)
 .bss           0x0000000000800464        0x0 /usr/lib/gcc/avr/4.8.2/avr5/libgcc.a(_udivmodsi4.o)
 *(.bss*)
 *(COMMON)
 COMMON         0x0000000000800464       0x10 ATmega32A_GCC_DigitalControlAudioSystem_pLibs.o
                0x0000000000800464                byte7
                0x0000000000800465                byte2
                0x0000000000800466                byte3
                0x0000000000800467                byte6
                0x0000000000800468                byte1
                0x0000000000800469                irCommand
                0x000000000080046a                flagStatusBits
                0x000000000080046c                byte0
                0x000000000080046d                byte4
                0x000000000080046e                irAddress
                0x000000000080046f                byte8
                0x0000000000800470                irExtended
                0x0000000000800471                byte9
                0x0000000000800472                fSB
                0x0000000000800473                byte5
 COMMON         0x0000000000800474        0x4 lcd_hd44780_74hc595.o
                0x0000000000800474                rows
                0x0000000000800476                cols
                0x0000000000800478                PROVIDE (__bss_end, .)
                0x000000000000183c                __data_load_start = LOADADDR (.data)
                0x0000000000001c28                __data_load_end = (__data_load_start + SIZEOF (.data))

.noinit         0x0000000000800478        0x0
                0x0000000000800478                PROVIDE (__noinit_start, .)
 *(.noinit*)
                0x0000000000800478                PROVIDE (__noinit_end, .)
                0x0000000000800478                _end = .
                0x0000000000800478                PROVIDE (__heap_start, .)

.eeprom         0x0000000000810000        0x0
 *(.eeprom*)
                0x0000000000810000                __eeprom_end = .

.fuse
 *(.fuse)
 *(.lfuse)
 *(.hfuse)
 *(.efuse)

.lock
 *(.lock*)

.signature
 *(.signature*)

.user_signatures
 *(.user_signatures*)

.stab           0x0000000000000000      0xef4
 *(.stab)
 .stab          0x0000000000000000      0x6cc /usr/lib/gcc/avr/4.8.2/../../../avr/lib/avr5/crtm32.o
 .stab          0x00000000000006cc      0x1b0 /usr/lib/gcc/avr/4.8.2/../../../avr/lib/avr5/libc.a(itoa.o)
                                        0x1bc (size before relaxing)
 .stab          0x000000000000087c      0x294 /usr/lib/gcc/avr/4.8.2/../../../avr/lib/avr5/libc.a(ltoa.o)
                                        0x2a0 (size before relaxing)
 .stab          0x0000000000000b10      0x1e0 /usr/lib/gcc/avr/4.8.2/../../../avr/lib/avr5/libc.a(ultoa.o)
                                        0x1ec (size before relaxing)
 .stab          0x0000000000000cf0      0x12c /usr/lib/gcc/avr/4.8.2/../../../avr/lib/avr5/libc.a(utoa.o)
                                        0x138 (size before relaxing)
 .stab          0x0000000000000e1c       0xd8 /usr/lib/gcc/avr/4.8.2/../../../avr/lib/avr5/libc.a(strrev.o)
                                         0xe4 (size before relaxing)

.stabstr        0x0000000000000000      0x14c
 *(.stabstr)
 .stabstr       0x0000000000000000      0x14c /usr/lib/gcc/avr/4.8.2/../../../avr/lib/avr5/crtm32.o

.stab.excl
 *(.stab.excl)

.stab.exclstr
 *(.stab.exclstr)

.stab.index
 *(.stab.index)

.stab.indexstr
 *(.stab.indexstr)

.comment        0x0000000000000000       0x11
 *(.comment)
 .comment       0x0000000000000000       0x11 ATmega32A_GCC_DigitalControlAudioSystem_pLibs.o
                                         0x12 (size before relaxing)
 .comment       0x0000000000000000       0x12 24c64.o
 .comment       0x0000000000000000       0x12 ds18x20.o
 .comment       0x0000000000000000       0x12 i2c_twi.o
 .comment       0x0000000000000000       0x12 lcd_hd44780_74hc595.o
 .comment       0x0000000000000000       0x12 pga2310.o
 .comment       0x0000000000000000       0x12 uart.o
 .comment       0x0000000000000000       0x12 spi.o
 .comment       0x0000000000000000       0x12 utility.o
 .comment       0x0000000000000000       0x12 rotation_encoder.o
 .comment       0x0000000000000000       0x12 relay_74hc595.o
 .comment       0x0000000000000000       0x12 ir_sirc.o

.debug
 *(.debug)

.line
 *(.line)

.debug_srcinfo
 *(.debug_srcinfo)

.debug_sfnames
 *(.debug_sfnames)

.debug_aranges  0x0000000000000000      0x188
 *(.debug_aranges)
 .debug_aranges
                0x0000000000000000       0x28 ATmega32A_GCC_DigitalControlAudioSystem_pLibs.o
 .debug_aranges
                0x0000000000000028       0x20 24c64.o
 .debug_aranges
                0x0000000000000048       0x20 ds18x20.o
 .debug_aranges
                0x0000000000000068       0x20 i2c_twi.o
 .debug_aranges
                0x0000000000000088       0x20 lcd_hd44780_74hc595.o
 .debug_aranges
                0x00000000000000a8       0x20 pga2310.o
 .debug_aranges
                0x00000000000000c8       0x20 uart.o
 .debug_aranges
                0x00000000000000e8       0x20 spi.o
 .debug_aranges
                0x0000000000000108       0x20 utility.o
 .debug_aranges
                0x0000000000000128       0x20 rotation_encoder.o
 .debug_aranges
                0x0000000000000148       0x20 relay_74hc595.o
 .debug_aranges
                0x0000000000000168       0x20 ir_sirc.o

.debug_pubnames
 *(.debug_pubnames)

.debug_info     0x0000000000000000     0x3fa3
 *(.debug_info)
 .debug_info    0x0000000000000000     0x173d ATmega32A_GCC_DigitalControlAudioSystem_pLibs.o
 .debug_info    0x000000000000173d      0x33b 24c64.o
 .debug_info    0x0000000000001a78      0x49f ds18x20.o
 .debug_info    0x0000000000001f17      0x104 i2c_twi.o
 .debug_info    0x000000000000201b      0xad1 lcd_hd44780_74hc595.o
 .debug_info    0x0000000000002aec      0x1e5 pga2310.o
 .debug_info    0x0000000000002cd1      0x41d uart.o
 .debug_info    0x00000000000030ee      0x195 spi.o
 .debug_info    0x0000000000003283      0x1ff utility.o
 .debug_info    0x0000000000003482      0x2b3 rotation_encoder.o
 .debug_info    0x0000000000003735      0x466 relay_74hc595.o
 .debug_info    0x0000000000003b9b      0x408 ir_sirc.o
 *(.gnu.linkonce.wi.*)

.debug_abbrev   0x0000000000000000     0x1137
 *(.debug_abbrev)
 .debug_abbrev  0x0000000000000000      0x3c7 ATmega32A_GCC_DigitalControlAudioSystem_pLibs.o
 .debug_abbrev  0x00000000000003c7      0x109 24c64.o
 .debug_abbrev  0x00000000000004d0      0x1cf ds18x20.o
 .debug_abbrev  0x000000000000069f       0xa8 i2c_twi.o
 .debug_abbrev  0x0000000000000747      0x27b lcd_hd44780_74hc595.o
 .debug_abbrev  0x00000000000009c2       0xd5 pga2310.o
 .debug_abbrev  0x0000000000000a97      0x150 uart.o
 .debug_abbrev  0x0000000000000be7       0xf2 spi.o
 .debug_abbrev  0x0000000000000cd9       0xce utility.o
 .debug_abbrev  0x0000000000000da7      0x12f rotation_encoder.o
 .debug_abbrev  0x0000000000000ed6      0x163 relay_74hc595.o
 .debug_abbrev  0x0000000000001039       0xfe ir_sirc.o

.debug_line     0x0000000000000000      0xfc6
 *(.debug_line)
 .debug_line    0x0000000000000000      0x49b ATmega32A_GCC_DigitalControlAudioSystem_pLibs.o
 .debug_line    0x000000000000049b       0x8f 24c64.o
 .debug_line    0x000000000000052a      0x137 ds18x20.o
 .debug_line    0x0000000000000661       0x93 i2c_twi.o
 .debug_line    0x00000000000006f4      0x202 lcd_hd44780_74hc595.o
 .debug_line    0x00000000000008f6       0x98 pga2310.o
 .debug_line    0x000000000000098e       0xc6 uart.o
 .debug_line    0x0000000000000a54       0xb4 spi.o
 .debug_line    0x0000000000000b08       0xc2 utility.o
 .debug_line    0x0000000000000bca      0x126 rotation_encoder.o
 .debug_line    0x0000000000000cf0       0xfd relay_74hc595.o
 .debug_line    0x0000000000000ded      0x1d9 ir_sirc.o

.debug_frame    0x0000000000000000      0xa1c
 *(.debug_frame)
 .debug_frame   0x0000000000000000      0x374 ATmega32A_GCC_DigitalControlAudioSystem_pLibs.o
 .debug_frame   0x0000000000000374       0x50 24c64.o
 .debug_frame   0x00000000000003c4       0xc0 ds18x20.o
 .debug_frame   0x0000000000000484       0x64 i2c_twi.o
 .debug_frame   0x00000000000004e8      0x130 lcd_hd44780_74hc595.o
 .debug_frame   0x0000000000000618       0x50 pga2310.o
 .debug_frame   0x0000000000000668      0x110 uart.o
 .debug_frame   0x0000000000000778       0x84 spi.o
 .debug_frame   0x00000000000007fc       0x84 utility.o
 .debug_frame   0x0000000000000880       0x44 rotation_encoder.o
 .debug_frame   0x00000000000008c4      0x114 relay_74hc595.o
 .debug_frame   0x00000000000009d8       0x44 ir_sirc.o

.debug_str      0x0000000000000000      0xcae
 *(.debug_str)
 .debug_str     0x0000000000000000      0x64d ATmega32A_GCC_DigitalControlAudioSystem_pLibs.o
                                        0x68c (size before relaxing)
 .debug_str     0x000000000000064d       0xf0 24c64.o
                                        0x23b (size before relaxing)
 .debug_str     0x000000000000073d       0x4c ds18x20.o
                                        0x22c (size before relaxing)
 .debug_str     0x0000000000000789       0x32 i2c_twi.o
                                        0x1ab (size before relaxing)
 .debug_str     0x00000000000007bb      0x120 lcd_hd44780_74hc595.o
                                        0x31d (size before relaxing)
 .debug_str     0x00000000000008db       0x6a pga2310.o
                                        0x1db (size before relaxing)
 .debug_str     0x0000000000000945       0xbf uart.o
                                        0x27d (size before relaxing)
 .debug_str     0x0000000000000a04       0x79 spi.o
                                        0x1e9 (size before relaxing)
 .debug_str     0x0000000000000a7d       0xa0 utility.o
                                        0x204 (size before relaxing)
 .debug_str     0x0000000000000b1d       0x79 rotation_encoder.o
                                        0x241 (size before relaxing)
 .debug_str     0x0000000000000b96       0xdc relay_74hc595.o
                                        0x2d7 (size before relaxing)
 .debug_str     0x0000000000000c72       0x3c ir_sirc.o
                                        0x20b (size before relaxing)

.debug_loc      0x0000000000000000     0x2117
 *(.debug_loc)
 .debug_loc     0x0000000000000000      0xb64 ATmega32A_GCC_DigitalControlAudioSystem_pLibs.o
 .debug_loc     0x0000000000000b64       0x76 24c64.o
 .debug_loc     0x0000000000000bda      0x220 ds18x20.o
 .debug_loc     0x0000000000000dfa       0x67 i2c_twi.o
 .debug_loc     0x0000000000000e61      0x645 lcd_hd44780_74hc595.o
 .debug_loc     0x00000000000014a6       0x87 pga2310.o
 .debug_loc     0x000000000000152d      0x2a7 uart.o
 .debug_loc     0x00000000000017d4       0x35 spi.o
 .debug_loc     0x0000000000001809      0x20a utility.o
 .debug_loc     0x0000000000001a13      0x15e rotation_encoder.o
 .debug_loc     0x0000000000001b71       0xea relay_74hc595.o
 .debug_loc     0x0000000000001c5b      0x4bc ir_sirc.o

.debug_macinfo
 *(.debug_macinfo)

.debug_pubtypes
 *(.debug_pubtypes)

.debug_ranges   0x0000000000000000       0x30
 *(.debug_ranges)
 .debug_ranges  0x0000000000000000       0x18 ATmega32A_GCC_DigitalControlAudioSystem_pLibs.o
 .debug_ranges  0x0000000000000018       0x18 spi.o

.debug_macro
 *(.debug_macro)
OUTPUT(ATmega32A_GCC_DigitalControlAudioSystem_pLibs.elf elf32-avr)
LOAD linker stubs
