Archive member included because of file (symbol)

c:/winavr-20100110/bin/../lib/gcc/avr/4.3.3/avr5\libgcc.a(_udivmodqi4.o)
                              utility.o (__udivmodqi4)
c:/winavr-20100110/bin/../lib/gcc/avr/4.3.3/avr5\libgcc.a(_divmodhi4.o)
                              ATmega32A_GCC_DigitalControlAudioSystem_pLibs.o (__divmodhi4)
c:/winavr-20100110/bin/../lib/gcc/avr/4.3.3/avr5\libgcc.a(_exit.o)
                              c:/winavr-20100110/bin/../lib/gcc/avr/4.3.3/../../../../avr/lib/avr5/crtm32.o (exit)
c:/winavr-20100110/bin/../lib/gcc/avr/4.3.3/avr5\libgcc.a(_copy_data.o)
                              ATmega32A_GCC_DigitalControlAudioSystem_pLibs.o (__do_copy_data)
c:/winavr-20100110/bin/../lib/gcc/avr/4.3.3/avr5\libgcc.a(_clear_bss.o)
                              ATmega32A_GCC_DigitalControlAudioSystem_pLibs.o (__do_clear_bss)
c:/winavr-20100110/bin/../lib/gcc/avr/4.3.3/avr5\libgcc.a(_udivmodhi4.o)
                              c:/winavr-20100110/bin/../lib/gcc/avr/4.3.3/avr5\libgcc.a(_divmodhi4.o) (__udivmodhi4)
c:/winavr-20100110/bin/../lib/gcc/avr/4.3.3/../../../../avr/lib/avr5\libc.a(itoa.o)
                              lcd_hd44780_74hc595.o (itoa)
c:/winavr-20100110/bin/../lib/gcc/avr/4.3.3/../../../../avr/lib/avr5\libc.a(ltoa.o)
                              lcd_hd44780_74hc595.o (ltoa)
c:/winavr-20100110/bin/../lib/gcc/avr/4.3.3/../../../../avr/lib/avr5\libc.a(ultoa.o)
                              lcd_hd44780_74hc595.o (ultoa)
c:/winavr-20100110/bin/../lib/gcc/avr/4.3.3/../../../../avr/lib/avr5\libc.a(utoa.o)
                              lcd_hd44780_74hc595.o (utoa)
c:/winavr-20100110/bin/../lib/gcc/avr/4.3.3/../../../../avr/lib/avr5\libc.a(strrev.o)
                              c:/winavr-20100110/bin/../lib/gcc/avr/4.3.3/../../../../avr/lib/avr5\libc.a(itoa.o) (strrev)
c:/winavr-20100110/bin/../lib/gcc/avr/4.3.3/avr5\libgcc.a(_udivmodsi4.o)
                              c:/winavr-20100110/bin/../lib/gcc/avr/4.3.3/../../../../avr/lib/avr5\libc.a(ltoa.o) (__udivmodsi4)

Allocating common symbols
Common symbol       size              file

byte7               0x1               ATmega32A_GCC_DigitalControlAudioSystem_pLibs.o
byte2               0x1               ATmega32A_GCC_DigitalControlAudioSystem_pLibs.o
rows                0x2               lcd_hd44780_74hc595.o
byte3               0x1               ATmega32A_GCC_DigitalControlAudioSystem_pLibs.o
byte6               0x1               ATmega32A_GCC_DigitalControlAudioSystem_pLibs.o
byte1               0x1               ATmega32A_GCC_DigitalControlAudioSystem_pLibs.o
irCommand           0x1               ATmega32A_GCC_DigitalControlAudioSystem_pLibs.o
flagStatusBits      0x2               ATmega32A_GCC_DigitalControlAudioSystem_pLibs.o
byte0               0x1               ATmega32A_GCC_DigitalControlAudioSystem_pLibs.o
byte4               0x1               ATmega32A_GCC_DigitalControlAudioSystem_pLibs.o
cols                0x2               lcd_hd44780_74hc595.o
irAddress           0x1               ATmega32A_GCC_DigitalControlAudioSystem_pLibs.o
byte8               0x1               ATmega32A_GCC_DigitalControlAudioSystem_pLibs.o
irExtended          0x1               ATmega32A_GCC_DigitalControlAudioSystem_pLibs.o
byte9               0x1               ATmega32A_GCC_DigitalControlAudioSystem_pLibs.o
fSB                 0x1               ATmega32A_GCC_DigitalControlAudioSystem_pLibs.o
byte5               0x1               ATmega32A_GCC_DigitalControlAudioSystem_pLibs.o

Memory Configuration

Name             Origin             Length             Attributes
text             0x00000000         0x00020000         xr
data             0x00800060         0x0000ffa0         rw !x
eeprom           0x00810000         0x00010000         rw !x
fuse             0x00820000         0x00000400         rw !x
lock             0x00830000         0x00000400         rw !x
signature        0x00840000         0x00000400         rw !x
*default*        0x00000000         0xffffffff

Linker script and memory map

LOAD c:/winavr-20100110/bin/../lib/gcc/avr/4.3.3/../../../../avr/lib/avr5/crtm32.o
LOAD ATmega32A_GCC_DigitalControlAudioSystem_pLibs.o
LOAD 24c64.o
LOAD ds18x20.o
LOAD i2c_twi.o
LOAD lcd_hd44780_74hc595.o
LOAD pga2310.o
LOAD uart.o
LOAD spi.o
LOAD utility.o
LOAD rotation_encoder.o
LOAD relay_74hc595.o
LOAD ir_sirc.o
LOAD c:/winavr-20100110/bin/../lib/gcc/avr/4.3.3/avr5\libgcc.a
LOAD c:/winavr-20100110/bin/../lib/gcc/avr/4.3.3/../../../../avr/lib/avr5\libc.a
LOAD c:/winavr-20100110/bin/../lib/gcc/avr/4.3.3/avr5\libgcc.a

.hash
 *(.hash)

.dynsym
 *(.dynsym)

.dynstr
 *(.dynstr)

.gnu.version
 *(.gnu.version)

.gnu.version_d
 *(.gnu.version_d)

.gnu.version_r
 *(.gnu.version_r)

.rel.init
 *(.rel.init)

.rela.init
 *(.rela.init)

.rel.text
 *(.rel.text)
 *(.rel.text.*)
 *(.rel.gnu.linkonce.t*)

.rela.text
 *(.rela.text)
 *(.rela.text.*)
 *(.rela.gnu.linkonce.t*)

.rel.fini
 *(.rel.fini)

.rela.fini
 *(.rela.fini)

.rel.rodata
 *(.rel.rodata)
 *(.rel.rodata.*)
 *(.rel.gnu.linkonce.r*)

.rela.rodata
 *(.rela.rodata)
 *(.rela.rodata.*)
 *(.rela.gnu.linkonce.r*)

.rel.data
 *(.rel.data)
 *(.rel.data.*)
 *(.rel.gnu.linkonce.d*)

.rela.data
 *(.rela.data)
 *(.rela.data.*)
 *(.rela.gnu.linkonce.d*)

.rel.ctors
 *(.rel.ctors)

.rela.ctors
 *(.rela.ctors)

.rel.dtors
 *(.rel.dtors)

.rela.dtors
 *(.rela.dtors)

.rel.got
 *(.rel.got)

.rela.got
 *(.rela.got)

.rel.bss
 *(.rel.bss)

.rela.bss
 *(.rela.bss)

.rel.plt
 *(.rel.plt)

.rela.plt
 *(.rela.plt)

.text           0x00000000     0x166a
 *(.vectors)
 .vectors       0x00000000       0x54 c:/winavr-20100110/bin/../lib/gcc/avr/4.3.3/../../../../avr/lib/avr5/crtm32.o
                0x00000000                __vectors
                0x00000000                __vector_default
 *(.vectors)
 *(.progmem.gcc*)
 *(.progmem*)
                0x00000054                . = ALIGN (0x2)
                0x00000054                __trampolines_start = .
 *(.trampolines)
 .trampolines   0x00000054        0x0 linker stubs
 *(.trampolines*)
                0x00000054                __trampolines_end = .
 *(.jumptables)
 *(.jumptables*)
 *(.lowtext)
 *(.lowtext*)
                0x00000054                __ctors_start = .
 *(.ctors)
                0x00000054                __ctors_end = .
                0x00000054                __dtors_start = .
 *(.dtors)
                0x00000054                __dtors_end = .
 SORT(*)(.ctors)
 SORT(*)(.dtors)
 *(.init0)
 .init0         0x00000054        0x0 c:/winavr-20100110/bin/../lib/gcc/avr/4.3.3/../../../../avr/lib/avr5/crtm32.o
                0x00000054                __init
 *(.init0)
 *(.init1)
 *(.init1)
 *(.init2)
 .init2         0x00000054        0xc c:/winavr-20100110/bin/../lib/gcc/avr/4.3.3/../../../../avr/lib/avr5/crtm32.o
 *(.init2)
 *(.init3)
 *(.init3)
 *(.init4)
 .init4         0x00000060       0x16 c:/winavr-20100110/bin/../lib/gcc/avr/4.3.3/avr5\libgcc.a(_copy_data.o)
                0x00000060                __do_copy_data
 .init4         0x00000076       0x10 c:/winavr-20100110/bin/../lib/gcc/avr/4.3.3/avr5\libgcc.a(_clear_bss.o)
                0x00000076                __do_clear_bss
 *(.init4)
 *(.init5)
 *(.init5)
 *(.init6)
 *(.init6)
 *(.init7)
 *(.init7)
 *(.init8)
 *(.init8)
 *(.init9)
 .init9         0x00000086        0x8 c:/winavr-20100110/bin/../lib/gcc/avr/4.3.3/../../../../avr/lib/avr5/crtm32.o
 *(.init9)
 *(.text)
 .text          0x0000008e        0x4 c:/winavr-20100110/bin/../lib/gcc/avr/4.3.3/../../../../avr/lib/avr5/crtm32.o
                0x0000008e                __vector_12
                0x0000008e                __bad_interrupt
                0x0000008e                __vector_6
                0x0000008e                __vector_11
                0x0000008e                __vector_13
                0x0000008e                __vector_17
                0x0000008e                __vector_19
                0x0000008e                __vector_7
                0x0000008e                __vector_9
                0x0000008e                __vector_15
                0x0000008e                __vector_8
                0x0000008e                __vector_14
                0x0000008e                __vector_10
                0x0000008e                __vector_16
                0x0000008e                __vector_18
                0x0000008e                __vector_20
 .text          0x00000092      0x862 ATmega32A_GCC_DigitalControlAudioSystem_pLibs.o
                0x00000092                port_init
                0x00000108                FAN_PWM_OFF
                0x0000088a                __vector_1
                0x0000011c                timer2_off
                0x000000d2                timer2_init
                0x00000672                volumeUpdate
                0x000001d2                temperMeasur
                0x0000032a                oneWireLeft
                0x00000708                buttons_press
                0x00000136                __vector_3
                0x000000ca                timer1_init
                0x000003e2                temperature
                0x000000f8                FAN_PWM_SPEED1
                0x000005c8                commonEncoder
                0x000001bc                init_all
                0x000000de                timer1_on_speed1
                0x000000b0                ext0_intrpt_init
                0x00000112                timer2_on
                0x0000015e                __vector_5
                0x000000be                ext0_intrpt_off
                0x00000800                main
                0x0000014a                __vector_4
                0x00000538                ampliferOn
                0x000000ee                timer1_off
                0x000000c6                ext1_intrpt_init
                0x000004c4                ampliferOff
                0x000000b6                ext0_intrpt_on
                0x000000c8                ext2_intrpt_init
                0x00000122                __vector_2
                0x00000814                irDecode
                0x00000172                about
                0x000006c6                volumeProcess
                0x00000272                oneWireRight
 .text          0x000008f4       0xbc 24c64.o
                0x0000093e                eeprom_24c64_write
                0x000008f4                eeprom_24c64_read
                0x00000978                eeprom_24c64_reset
 .text          0x000009b0      0x150 ds18x20.o
                0x00000aa8                wait_ready
                0x000009b0                reset
                0x00000ab2                read_scratchpad
                0x000009da                read_bit
                0x00000a08                read_byte
                0x000009f2                write_bit
                0x00000a62                write_byte
 .text          0x00000b00       0x46 i2c_twi.o
                0x00000b22                i2c_write
                0x00000b10                i2c_start
                0x00000b1c                i2c_stop
                0x00000b30                i2c_read
                0x00000b00                i2c_init
 .text          0x00000b46      0x302 lcd_hd44780_74hc595.o
                0x00000c8c                LCD_INIT
                0x00000c24                LCD_EXECUTE_DATA_LAST
                0x00000c7c                LCD_CLEAR_CONTAIN
                0x00000d68                LCD_DATA_ULONG
                0x00000b84                LCD_EXECUTE_DATA
                0x00000e10                LCD_DATA_UINT
                0x00000cfc                LCD_CGRAM_CUSTOM_SYMBOLS
                0x00000da0                LCD_DATA_LONG
                0x00000b46                LCD_EXECUTE_COMMAND
                0x00000c3e                LCD_COMMAND
                0x00000cae                LCD_DATA_STRING
                0x00000be6                LCD_EXECUTE_DATA_ONE
                0x00000dd8                LCD_DATA_INT
 .text          0x00000e48       0x82 pga2310.o
                0x00000e48                PGA2310_Volume_Update
                0x00000e76                pga2310_init
                0x00000ea0                pga2310_reset
 .text          0x00000eca      0x194 uart.o
                0x00000f6c                transmitUartULong
                0x00000fa4                transmitUartInt
                0x00000f2c                receiveUart
                0x00000f34                transmitUartLong
                0x00000eca                uart_transmit
                0x00000ef4                uart_transmit_DEC_to_BCD
                0x00001014                uart_init
                0x00000eec                uart_transmit_one
                0x00000f10                transmitUart
                0x00000f18                transmitUartString
                0x00000fdc                transmitUartUInt
 .text          0x0000105e       0x58 spi.o
                0x0000105e                spi_init
                0x0000106a                spi_start
                0x00001092                spi_write_more_bytes
                0x00001070                spi_stop
                0x000010ac                spi_read_more_bytes
                0x00001080                spi_write_two_bytes
                0x00001074                spi_write_one_byte
 .text          0x000010b6       0xae utility.o
                0x00001132                shiftLeftInMsbFirst
                0x00001124                shiftRightInLsbFirst
                0x000010b6                decToBcd
                0x00001140                delay_ms
                0x000010d8                bcdToDec
                0x000010ec                shiftRightOutLsbFirst
                0x00001108                shiftLeftOutMsbFirst
 .text          0x00001164       0x98 rotation_encoder.o
                0x000011a4                rotaryEncoderVer1
                0x000011e4                rotaryEncoderVer2
                0x00001164                rotaryEncoderNikBarzakov
 .text          0x000011fc       0xc0 relay_74hc595.o
                0x00001236                relays_in1_6ch
                0x0000122e                relays_in1_2ch
                0x000012b4                relays_out_init
                0x0000123e                relays_in2_2ch
                0x000011fe                RELAYS_OUT_INIT
                0x00001200                RELAYS_IN_CHOOSE
                0x000012a4                relays_out_6ch
                0x0000126e                RELAYS_OUT_CHOOSE
                0x000012ac                relays_out_off
                0x00001256                relays_in3_6ch
                0x0000129c                relays_out_1ch
                0x0000125e                relays_in_off
                0x0000124e                relays_in3_2ch
                0x00001246                relays_in2_6ch
                0x00001266                relays_in_init
                0x000011fc                RELAYS_IN_INIT
 .text          0x000012bc      0x1c0 ir_sirc.o
                0x000012bc                GetSIRC12
                0x000013c4                GetSIRC20
                0x00001340                GetSIRC15
 .text          0x0000147c        0x0 c:/winavr-20100110/bin/../lib/gcc/avr/4.3.3/avr5\libgcc.a(_udivmodqi4.o)
 .text          0x0000147c        0x0 c:/winavr-20100110/bin/../lib/gcc/avr/4.3.3/avr5\libgcc.a(_divmodhi4.o)
 .text          0x0000147c        0x0 c:/winavr-20100110/bin/../lib/gcc/avr/4.3.3/avr5\libgcc.a(_exit.o)
 .text          0x0000147c        0x0 c:/winavr-20100110/bin/../lib/gcc/avr/4.3.3/avr5\libgcc.a(_copy_data.o)
 .text          0x0000147c        0x0 c:/winavr-20100110/bin/../lib/gcc/avr/4.3.3/avr5\libgcc.a(_clear_bss.o)
 .text          0x0000147c        0x0 c:/winavr-20100110/bin/../lib/gcc/avr/4.3.3/avr5\libgcc.a(_udivmodhi4.o)
 .text          0x0000147c        0x0 c:/winavr-20100110/bin/../lib/gcc/avr/4.3.3/../../../../avr/lib/avr5\libc.a(itoa.o)
 .text          0x0000147c        0x0 c:/winavr-20100110/bin/../lib/gcc/avr/4.3.3/../../../../avr/lib/avr5\libc.a(ltoa.o)
 .text          0x0000147c        0x0 c:/winavr-20100110/bin/../lib/gcc/avr/4.3.3/../../../../avr/lib/avr5\libc.a(ultoa.o)
 .text          0x0000147c        0x0 c:/winavr-20100110/bin/../lib/gcc/avr/4.3.3/../../../../avr/lib/avr5\libc.a(utoa.o)
 .text          0x0000147c        0x0 c:/winavr-20100110/bin/../lib/gcc/avr/4.3.3/../../../../avr/lib/avr5\libc.a(strrev.o)
 .text          0x0000147c        0x0 c:/winavr-20100110/bin/../lib/gcc/avr/4.3.3/avr5\libgcc.a(_udivmodsi4.o)
                0x0000147c                . = ALIGN (0x2)
 *(.text.*)
 .text.libgcc   0x0000147c       0x18 c:/winavr-20100110/bin/../lib/gcc/avr/4.3.3/avr5\libgcc.a(_udivmodqi4.o)
                0x0000147c                __udivmodqi4
 .text.libgcc   0x00001494       0x26 c:/winavr-20100110/bin/../lib/gcc/avr/4.3.3/avr5\libgcc.a(_divmodhi4.o)
                0x00001494                __divmodhi4
                0x00001494                _div
 .text.libgcc   0x000014ba        0x0 c:/winavr-20100110/bin/../lib/gcc/avr/4.3.3/avr5\libgcc.a(_exit.o)
 .text.libgcc   0x000014ba        0x0 c:/winavr-20100110/bin/../lib/gcc/avr/4.3.3/avr5\libgcc.a(_copy_data.o)
 .text.libgcc   0x000014ba        0x0 c:/winavr-20100110/bin/../lib/gcc/avr/4.3.3/avr5\libgcc.a(_clear_bss.o)
 .text.libgcc   0x000014ba       0x28 c:/winavr-20100110/bin/../lib/gcc/avr/4.3.3/avr5\libgcc.a(_udivmodhi4.o)
                0x000014ba                __udivmodhi4
 .text.avr-libc
                0x000014e2       0x42 c:/winavr-20100110/bin/../lib/gcc/avr/4.3.3/../../../../avr/lib/avr5\libc.a(itoa.o)
                0x000014e2                itoa
 .text.avr-libc
                0x00001524       0x68 c:/winavr-20100110/bin/../lib/gcc/avr/4.3.3/../../../../avr/lib/avr5\libc.a(ltoa.o)
                0x00001524                ltoa
 .text.avr-libc
                0x0000158c       0x4a c:/winavr-20100110/bin/../lib/gcc/avr/4.3.3/../../../../avr/lib/avr5\libc.a(ultoa.o)
                0x0000158c                ultoa
 .text.avr-libc
                0x000015d6       0x2c c:/winavr-20100110/bin/../lib/gcc/avr/4.3.3/../../../../avr/lib/avr5\libc.a(utoa.o)
                0x000015d6                utoa
 .text.avr-libc
                0x00001602       0x20 c:/winavr-20100110/bin/../lib/gcc/avr/4.3.3/../../../../avr/lib/avr5\libc.a(strrev.o)
                0x00001602                strrev
 .text.libgcc   0x00001622       0x44 c:/winavr-20100110/bin/../lib/gcc/avr/4.3.3/avr5\libgcc.a(_udivmodsi4.o)
                0x00001622                __udivmodsi4
                0x00001666                . = ALIGN (0x2)
 *(.fini9)
 .fini9         0x00001666        0x0 c:/winavr-20100110/bin/../lib/gcc/avr/4.3.3/avr5\libgcc.a(_exit.o)
                0x00001666                exit
                0x00001666                _exit
 *(.fini9)
 *(.fini8)
 *(.fini8)
 *(.fini7)
 *(.fini7)
 *(.fini6)
 *(.fini6)
 *(.fini5)
 *(.fini5)
 *(.fini4)
 *(.fini4)
 *(.fini3)
 *(.fini3)
 *(.fini2)
 *(.fini2)
 *(.fini1)
 *(.fini1)
 *(.fini0)
 .fini0         0x00001666        0x4 c:/winavr-20100110/bin/../lib/gcc/avr/4.3.3/avr5\libgcc.a(_exit.o)
 *(.fini0)
                0x0000166a                _etext = .

.data           0x00800060      0x692 load address 0x0000166a
                0x00800060                PROVIDE (__data_start, .)
 *(.data)
 .data          0x00800060        0x0 c:/winavr-20100110/bin/../lib/gcc/avr/4.3.3/../../../../avr/lib/avr5/crtm32.o
 .data          0x00800060      0x5c2 ATmega32A_GCC_DigitalControlAudioSystem_pLibs.o
                0x0080060e                volumeValue
 .data          0x00800622        0x0 24c64.o
 .data          0x00800622        0x0 ds18x20.o
 .data          0x00800622        0x0 i2c_twi.o
 .data          0x00800622       0x38 lcd_hd44780_74hc595.o
                0x00800622                symbolGenerator
 .data          0x0080065a        0x0 pga2310.o
 .data          0x0080065a       0x97 uart.o
 .data          0x008006f1        0x0 spi.o
 .data          0x008006f1        0x0 utility.o
 .data          0x008006f1        0x0 rotation_encoder.o
 .data          0x008006f1        0x0 relay_74hc595.o
 .data          0x008006f1        0x0 ir_sirc.o
 .data          0x008006f1        0x0 c:/winavr-20100110/bin/../lib/gcc/avr/4.3.3/avr5\libgcc.a(_udivmodqi4.o)
 .data          0x008006f1        0x0 c:/winavr-20100110/bin/../lib/gcc/avr/4.3.3/avr5\libgcc.a(_divmodhi4.o)
 .data          0x008006f1        0x0 c:/winavr-20100110/bin/../lib/gcc/avr/4.3.3/avr5\libgcc.a(_exit.o)
 .data          0x008006f1        0x0 c:/winavr-20100110/bin/../lib/gcc/avr/4.3.3/avr5\libgcc.a(_copy_data.o)
 .data          0x008006f1        0x0 c:/winavr-20100110/bin/../lib/gcc/avr/4.3.3/avr5\libgcc.a(_clear_bss.o)
 .data          0x008006f1        0x0 c:/winavr-20100110/bin/../lib/gcc/avr/4.3.3/avr5\libgcc.a(_udivmodhi4.o)
 .data          0x008006f1        0x0 c:/winavr-20100110/bin/../lib/gcc/avr/4.3.3/../../../../avr/lib/avr5\libc.a(itoa.o)
 .data          0x008006f1        0x0 c:/winavr-20100110/bin/../lib/gcc/avr/4.3.3/../../../../avr/lib/avr5\libc.a(ltoa.o)
 .data          0x008006f1        0x0 c:/winavr-20100110/bin/../lib/gcc/avr/4.3.3/../../../../avr/lib/avr5\libc.a(ultoa.o)
 .data          0x008006f1        0x0 c:/winavr-20100110/bin/../lib/gcc/avr/4.3.3/../../../../avr/lib/avr5\libc.a(utoa.o)
 .data          0x008006f1        0x0 c:/winavr-20100110/bin/../lib/gcc/avr/4.3.3/../../../../avr/lib/avr5\libc.a(strrev.o)
 .data          0x008006f1        0x0 c:/winavr-20100110/bin/../lib/gcc/avr/4.3.3/avr5\libgcc.a(_udivmodsi4.o)
 *(.data*)
 *(.rodata)
 *(.rodata*)
 *(.gnu.linkonce.d*)
                0x008006f2                . = ALIGN (0x2)
 *fill*         0x008006f1        0x1 00
                0x008006f2                _edata = .
                0x008006f2                PROVIDE (__data_end, .)

.bss            0x008006f2       0x2a
                0x008006f2                PROVIDE (__bss_start, .)
 *(.bss)
 .bss           0x008006f2        0x0 c:/winavr-20100110/bin/../lib/gcc/avr/4.3.3/../../../../avr/lib/avr5/crtm32.o
 .bss           0x008006f2        0xc ATmega32A_GCC_DigitalControlAudioSystem_pLibs.o
                0x008006f3                storeTemp
                0x008006f2                volumeIndex
 .bss           0x008006fe        0x0 24c64.o
 .bss           0x008006fe        0xa ds18x20.o
                0x008006fe                scratchpad
 .bss           0x00800708        0x0 i2c_twi.o
 .bss           0x00800708        0x0 lcd_hd44780_74hc595.o
 .bss           0x00800708        0x0 pga2310.o
 .bss           0x00800708        0x0 uart.o
 .bss           0x00800708        0x0 spi.o
 .bss           0x00800708        0x0 utility.o
 .bss           0x00800708        0x0 rotation_encoder.o
 .bss           0x00800708        0x0 relay_74hc595.o
 .bss           0x00800708        0x0 ir_sirc.o
 .bss           0x00800708        0x0 c:/winavr-20100110/bin/../lib/gcc/avr/4.3.3/avr5\libgcc.a(_udivmodqi4.o)
 .bss           0x00800708        0x0 c:/winavr-20100110/bin/../lib/gcc/avr/4.3.3/avr5\libgcc.a(_divmodhi4.o)
 .bss           0x00800708        0x0 c:/winavr-20100110/bin/../lib/gcc/avr/4.3.3/avr5\libgcc.a(_exit.o)
 .bss           0x00800708        0x0 c:/winavr-20100110/bin/../lib/gcc/avr/4.3.3/avr5\libgcc.a(_copy_data.o)
 .bss           0x00800708        0x0 c:/winavr-20100110/bin/../lib/gcc/avr/4.3.3/avr5\libgcc.a(_clear_bss.o)
 .bss           0x00800708        0x0 c:/winavr-20100110/bin/../lib/gcc/avr/4.3.3/avr5\libgcc.a(_udivmodhi4.o)
 .bss           0x00800708        0x0 c:/winavr-20100110/bin/../lib/gcc/avr/4.3.3/../../../../avr/lib/avr5\libc.a(itoa.o)
 .bss           0x00800708        0x0 c:/winavr-20100110/bin/../lib/gcc/avr/4.3.3/../../../../avr/lib/avr5\libc.a(ltoa.o)
 .bss           0x00800708        0x0 c:/winavr-20100110/bin/../lib/gcc/avr/4.3.3/../../../../avr/lib/avr5\libc.a(ultoa.o)
 .bss           0x00800708        0x0 c:/winavr-20100110/bin/../lib/gcc/avr/4.3.3/../../../../avr/lib/avr5\libc.a(utoa.o)
 .bss           0x00800708        0x0 c:/winavr-20100110/bin/../lib/gcc/avr/4.3.3/../../../../avr/lib/avr5\libc.a(strrev.o)
 .bss           0x00800708        0x0 c:/winavr-20100110/bin/../lib/gcc/avr/4.3.3/avr5\libgcc.a(_udivmodsi4.o)
 *(.bss*)
 *(COMMON)
 COMMON         0x00800708       0x10 ATmega32A_GCC_DigitalControlAudioSystem_pLibs.o
                0x00800708                byte7
                0x00800709                byte2
                0x0080070a                byte3
                0x0080070b                byte6
                0x0080070c                byte1
                0x0080070d                irCommand
                0x0080070e                flagStatusBits
                0x00800710                byte0
                0x00800711                byte4
                0x00800712                irAddress
                0x00800713                byte8
                0x00800714                irExtended
                0x00800715                byte9
                0x00800716                fSB
                0x00800717                byte5
 COMMON         0x00800718        0x4 lcd_hd44780_74hc595.o
                0x00800718                rows
                0x0080071a                cols
                0x0080071c                PROVIDE (__bss_end, .)
                0x0000166a                __data_load_start = LOADADDR (.data)
                0x00001cfc                __data_load_end = (__data_load_start + SIZEOF (.data))

.noinit         0x0080071c        0x0
                0x0080071c                PROVIDE (__noinit_start, .)
 *(.noinit*)
                0x0080071c                PROVIDE (__noinit_end, .)
                0x0080071c                _end = .
                0x0080071c                PROVIDE (__heap_start, .)

.eeprom         0x00810000        0x0
 *(.eeprom*)
                0x00810000                __eeprom_end = .

.fuse
 *(.fuse)
 *(.lfuse)
 *(.hfuse)
 *(.efuse)

.lock
 *(.lock*)

.signature
 *(.signature*)

.stab
 *(.stab)

.stabstr
 *(.stabstr)

.stab.excl
 *(.stab.excl)

.stab.exclstr
 *(.stab.exclstr)

.stab.index
 *(.stab.index)

.stab.indexstr
 *(.stab.indexstr)

.comment
 *(.comment)

.debug
 *(.debug)

.line
 *(.line)

.debug_srcinfo
 *(.debug_srcinfo)

.debug_sfnames
 *(.debug_sfnames)

.debug_aranges  0x00000000      0x180
 *(.debug_aranges)
 .debug_aranges
                0x00000000       0x20 ATmega32A_GCC_DigitalControlAudioSystem_pLibs.o
 .debug_aranges
                0x00000020       0x20 24c64.o
 .debug_aranges
                0x00000040       0x20 ds18x20.o
 .debug_aranges
                0x00000060       0x20 i2c_twi.o
 .debug_aranges
                0x00000080       0x20 lcd_hd44780_74hc595.o
 .debug_aranges
                0x000000a0       0x20 pga2310.o
 .debug_aranges
                0x000000c0       0x20 uart.o
 .debug_aranges
                0x000000e0       0x20 spi.o
 .debug_aranges
                0x00000100       0x20 utility.o
 .debug_aranges
                0x00000120       0x20 rotation_encoder.o
 .debug_aranges
                0x00000140       0x20 relay_74hc595.o
 .debug_aranges
                0x00000160       0x20 ir_sirc.o

.debug_pubnames
                0x00000000      0x9f8
 *(.debug_pubnames)
 .debug_pubnames
                0x00000000      0x302 ATmega32A_GCC_DigitalControlAudioSystem_pLibs.o
 .debug_pubnames
                0x00000302       0x56 24c64.o
 .debug_pubnames
                0x00000358       0x86 ds18x20.o
 .debug_pubnames
                0x000003de       0x55 i2c_twi.o
 .debug_pubnames
                0x00000433      0x144 lcd_hd44780_74hc595.o
 .debug_pubnames
                0x00000577       0x4f pga2310.o
 .debug_pubnames
                0x000005c6       0xf1 uart.o
 .debug_pubnames
                0x000006b7       0x9a spi.o
 .debug_pubnames
                0x00000751       0x9d utility.o
 .debug_pubnames
                0x000007ee       0x5b rotation_encoder.o
 .debug_pubnames
                0x00000849      0x148 relay_74hc595.o
 .debug_pubnames
                0x00000991       0x67 ir_sirc.o

.debug_info     0x00000000     0x2cc6
 *(.debug_info)
 .debug_info    0x00000000      0x9ac ATmega32A_GCC_DigitalControlAudioSystem_pLibs.o
 .debug_info    0x000009ac       0xfe 24c64.o
 .debug_info    0x00000aaa      0x4a9 ds18x20.o
 .debug_info    0x00000f53       0xef i2c_twi.o
 .debug_info    0x00001042      0xa17 lcd_hd44780_74hc595.o
 .debug_info    0x00001a59       0xc2 pga2310.o
 .debug_info    0x00001b1b      0x29c uart.o
 .debug_info    0x00001db7      0x177 spi.o
 .debug_info    0x00001f2e      0x1d6 utility.o
 .debug_info    0x00002104      0x361 rotation_encoder.o
 .debug_info    0x00002465      0x404 relay_74hc595.o
 .debug_info    0x00002869      0x45d ir_sirc.o
 *(.gnu.linkonce.wi.*)

.debug_abbrev   0x00000000      0xd49
 *(.debug_abbrev)
 .debug_abbrev  0x00000000      0x2a2 ATmega32A_GCC_DigitalControlAudioSystem_pLibs.o
 .debug_abbrev  0x000002a2       0x8e 24c64.o
 .debug_abbrev  0x00000330      0x177 ds18x20.o
 .debug_abbrev  0x000004a7       0x8f i2c_twi.o
 .debug_abbrev  0x00000536      0x211 lcd_hd44780_74hc595.o
 .debug_abbrev  0x00000747       0x63 pga2310.o
 .debug_abbrev  0x000007aa      0x113 uart.o
 .debug_abbrev  0x000008bd       0xd5 spi.o
 .debug_abbrev  0x00000992       0xb6 utility.o
 .debug_abbrev  0x00000a48       0xfb rotation_encoder.o
 .debug_abbrev  0x00000b43      0x10a relay_74hc595.o
 .debug_abbrev  0x00000c4d       0xfc ir_sirc.o

.debug_line     0x00000000     0x2876
 *(.debug_line)
 .debug_line    0x00000000      0xcbc ATmega32A_GCC_DigitalControlAudioSystem_pLibs.o
 .debug_line    0x00000cbc      0x193 24c64.o
 .debug_line    0x00000e4f      0x2f2 ds18x20.o
 .debug_line    0x00001141      0x12b i2c_twi.o
 .debug_line    0x0000126c      0x605 lcd_hd44780_74hc595.o
 .debug_line    0x00001871      0x17f pga2310.o
 .debug_line    0x000019f0      0x22d uart.o
 .debug_line    0x00001c1d      0x187 spi.o
 .debug_line    0x00001da4      0x193 utility.o
 .debug_line    0x00001f37      0x1b2 rotation_encoder.o
 .debug_line    0x000020e9      0x336 relay_74hc595.o
 .debug_line    0x0000241f      0x457 ir_sirc.o

.debug_frame    0x00000000      0x7b0
 *(.debug_frame)
 .debug_frame   0x00000000      0x220 ATmega32A_GCC_DigitalControlAudioSystem_pLibs.o
 .debug_frame   0x00000220       0x40 24c64.o
 .debug_frame   0x00000260       0x80 ds18x20.o
 .debug_frame   0x000002e0       0x60 i2c_twi.o
 .debug_frame   0x00000340       0xe0 lcd_hd44780_74hc595.o
 .debug_frame   0x00000420       0x40 pga2310.o
 .debug_frame   0x00000460       0xc0 uart.o
 .debug_frame   0x00000520       0x80 spi.o
 .debug_frame   0x000005a0       0x80 utility.o
 .debug_frame   0x00000620       0x40 rotation_encoder.o
 .debug_frame   0x00000660      0x110 relay_74hc595.o
 .debug_frame   0x00000770       0x40 ir_sirc.o

.debug_str      0x00000000      0xb2e
 *(.debug_str)
 .debug_str     0x00000000      0x3ac ATmega32A_GCC_DigitalControlAudioSystem_pLibs.o
                                0x3e5 (size before relaxing)
 .debug_str     0x000003ac       0xca 24c64.o
                                0x1b6 (size before relaxing)
 .debug_str     0x00000476       0x6c ds18x20.o
                                0x1d1 (size before relaxing)
 .debug_str     0x000004e2       0x58 i2c_twi.o
                                0x144 (size before relaxing)
 .debug_str     0x0000053a      0x154 lcd_hd44780_74hc595.o
                                0x2ad (size before relaxing)
 .debug_str     0x0000068e       0x70 pga2310.o
                                0x157 (size before relaxing)
 .debug_str     0x000006fe       0xec uart.o
                                0x1f8 (size before relaxing)
 .debug_str     0x000007ea       0x96 spi.o
                                0x182 (size before relaxing)
 .debug_str     0x00000880       0xa0 utility.o
                                0x19d (size before relaxing)
 .debug_str     0x00000920       0x92 rotation_encoder.o
                                0x1e6 (size before relaxing)
 .debug_str     0x000009b2      0x136 relay_74hc595.o
                                0x285 (size before relaxing)
 .debug_str     0x00000ae8       0x46 ir_sirc.o
                                0x1b9 (size before relaxing)

.debug_loc      0x00000000      0xcd5
 *(.debug_loc)
 .debug_loc     0x00000000      0x4e7 ATmega32A_GCC_DigitalControlAudioSystem_pLibs.o
 .debug_loc     0x000004e7       0x18 24c64.o
 .debug_loc     0x000004ff       0xfa ds18x20.o
 .debug_loc     0x000005f9       0x31 i2c_twi.o
 .debug_loc     0x0000062a      0x258 lcd_hd44780_74hc595.o
 .debug_loc     0x00000882       0x3c pga2310.o
 .debug_loc     0x000008be       0xda uart.o
 .debug_loc     0x00000998       0x28 spi.o
 .debug_loc     0x000009c0       0x31 utility.o
 .debug_loc     0x000009f1      0x11a rotation_encoder.o
 .debug_loc     0x00000b0b       0x62 relay_74hc595.o
 .debug_loc     0x00000b6d      0x168 ir_sirc.o

.debug_macinfo
 *(.debug_macinfo)
OUTPUT(ATmega32A_GCC_DigitalControlAudioSystem_pLibs.elf elf32-avr)
LOAD linker stubs

.debug_ranges   0x00000000      0x798
 .debug_ranges  0x00000000       0x48 ATmega32A_GCC_DigitalControlAudioSystem_pLibs.o
 .debug_ranges  0x00000048       0x78 ds18x20.o
 .debug_ranges  0x000000c0      0x1f8 lcd_hd44780_74hc595.o
 .debug_ranges  0x000002b8       0x18 uart.o
 .debug_ranges  0x000002d0       0x18 spi.o
 .debug_ranges  0x000002e8      0x4b0 ir_sirc.o
