Archive member included because of file (symbol)

c:/winavr-20100110/bin/../lib/gcc/avr/4.3.3/avr5\libgcc.a(_udivmodqi4.o)
                              utility.o (__udivmodqi4)
c:/winavr-20100110/bin/../lib/gcc/avr/4.3.3/avr5\libgcc.a(_divmodhi4.o)
                              ATmega32A_GCC_DigitalControlAudioSystem_pLibs.o (__divmodhi4)
c:/winavr-20100110/bin/../lib/gcc/avr/4.3.3/avr5\libgcc.a(_exit.o)
                              c:/winavr-20100110/bin/../lib/gcc/avr/4.3.3/../../../../avr/lib/avr5/crtm32.o (exit)
c:/winavr-20100110/bin/../lib/gcc/avr/4.3.3/avr5\libgcc.a(_copy_data.o)
                              ATmega32A_GCC_DigitalControlAudioSystem_pLibs.o (__do_copy_data)
c:/winavr-20100110/bin/../lib/gcc/avr/4.3.3/avr5\libgcc.a(_clear_bss.o)
                              ATmega32A_GCC_DigitalControlAudioSystem_pLibs.o (__do_clear_bss)
c:/winavr-20100110/bin/../lib/gcc/avr/4.3.3/avr5\libgcc.a(_udivmodhi4.o)
                              c:/winavr-20100110/bin/../lib/gcc/avr/4.3.3/avr5\libgcc.a(_divmodhi4.o) (__udivmodhi4)
c:/winavr-20100110/bin/../lib/gcc/avr/4.3.3/../../../../avr/lib/avr5\libc.a(itoa.o)
                              lcd_hd44780_74hc595.o (itoa)
c:/winavr-20100110/bin/../lib/gcc/avr/4.3.3/../../../../avr/lib/avr5\libc.a(ltoa.o)
                              lcd_hd44780_74hc595.o (ltoa)
c:/winavr-20100110/bin/../lib/gcc/avr/4.3.3/../../../../avr/lib/avr5\libc.a(ultoa.o)
                              lcd_hd44780_74hc595.o (ultoa)
c:/winavr-20100110/bin/../lib/gcc/avr/4.3.3/../../../../avr/lib/avr5\libc.a(utoa.o)
                              lcd_hd44780_74hc595.o (utoa)
c:/winavr-20100110/bin/../lib/gcc/avr/4.3.3/../../../../avr/lib/avr5\libc.a(strrev.o)
                              c:/winavr-20100110/bin/../lib/gcc/avr/4.3.3/../../../../avr/lib/avr5\libc.a(itoa.o) (strrev)
c:/winavr-20100110/bin/../lib/gcc/avr/4.3.3/avr5\libgcc.a(_udivmodsi4.o)
                              c:/winavr-20100110/bin/../lib/gcc/avr/4.3.3/../../../../avr/lib/avr5\libc.a(ltoa.o) (__udivmodsi4)

Allocating common symbols
Common symbol       size              file

byte7               0x1               ATmega32A_GCC_DigitalControlAudioSystem_pLibs.o
byte2               0x1               ATmega32A_GCC_DigitalControlAudioSystem_pLibs.o
rows                0x2               lcd_hd44780_74hc595.o
byte3               0x1               ATmega32A_GCC_DigitalControlAudioSystem_pLibs.o
byte6               0x1               ATmega32A_GCC_DigitalControlAudioSystem_pLibs.o
byte1               0x1               ATmega32A_GCC_DigitalControlAudioSystem_pLibs.o
irCommand           0x1               ATmega32A_GCC_DigitalControlAudioSystem_pLibs.o
flagStatusBits      0x2               ATmega32A_GCC_DigitalControlAudioSystem_pLibs.o
byte0               0x1               ATmega32A_GCC_DigitalControlAudioSystem_pLibs.o
byte4               0x1               ATmega32A_GCC_DigitalControlAudioSystem_pLibs.o
cols                0x2               lcd_hd44780_74hc595.o
irAddress           0x1               ATmega32A_GCC_DigitalControlAudioSystem_pLibs.o
byte8               0x1               ATmega32A_GCC_DigitalControlAudioSystem_pLibs.o
irExtended          0x1               ATmega32A_GCC_DigitalControlAudioSystem_pLibs.o
byte9               0x1               ATmega32A_GCC_DigitalControlAudioSystem_pLibs.o
fSB                 0x1               ATmega32A_GCC_DigitalControlAudioSystem_pLibs.o
byte5               0x1               ATmega32A_GCC_DigitalControlAudioSystem_pLibs.o

Memory Configuration

Name             Origin             Length             Attributes
text             0x00000000         0x00020000         xr
data             0x00800060         0x0000ffa0         rw !x
eeprom           0x00810000         0x00010000         rw !x
fuse             0x00820000         0x00000400         rw !x
lock             0x00830000         0x00000400         rw !x
signature        0x00840000         0x00000400         rw !x
*default*        0x00000000         0xffffffff

Linker script and memory map

LOAD c:/winavr-20100110/bin/../lib/gcc/avr/4.3.3/../../../../avr/lib/avr5/crtm32.o
LOAD ATmega32A_GCC_DigitalControlAudioSystem_pLibs.o
LOAD 24c64.o
LOAD ds18x20.o
LOAD i2c_twi.o
LOAD lcd_hd44780_74hc595.o
LOAD pga2310.o
LOAD uart.o
LOAD spi.o
LOAD utility.o
LOAD rotation_encoder.o
LOAD relay_74hc595.o
LOAD ir_sirc.o
LOAD c:/winavr-20100110/bin/../lib/gcc/avr/4.3.3/avr5\libgcc.a
LOAD c:/winavr-20100110/bin/../lib/gcc/avr/4.3.3/../../../../avr/lib/avr5\libc.a
LOAD c:/winavr-20100110/bin/../lib/gcc/avr/4.3.3/avr5\libgcc.a

.hash
 *(.hash)

.dynsym
 *(.dynsym)

.dynstr
 *(.dynstr)

.gnu.version
 *(.gnu.version)

.gnu.version_d
 *(.gnu.version_d)

.gnu.version_r
 *(.gnu.version_r)

.rel.init
 *(.rel.init)

.rela.init
 *(.rela.init)

.rel.text
 *(.rel.text)
 *(.rel.text.*)
 *(.rel.gnu.linkonce.t*)

.rela.text
 *(.rela.text)
 *(.rela.text.*)
 *(.rela.gnu.linkonce.t*)

.rel.fini
 *(.rel.fini)

.rela.fini
 *(.rela.fini)

.rel.rodata
 *(.rel.rodata)
 *(.rel.rodata.*)
 *(.rel.gnu.linkonce.r*)

.rela.rodata
 *(.rela.rodata)
 *(.rela.rodata.*)
 *(.rela.gnu.linkonce.r*)

.rel.data
 *(.rel.data)
 *(.rel.data.*)
 *(.rel.gnu.linkonce.d*)

.rela.data
 *(.rela.data)
 *(.rela.data.*)
 *(.rela.gnu.linkonce.d*)

.rel.ctors
 *(.rel.ctors)

.rela.ctors
 *(.rela.ctors)

.rel.dtors
 *(.rel.dtors)

.rela.dtors
 *(.rela.dtors)

.rel.got
 *(.rel.got)

.rela.got
 *(.rela.got)

.rel.bss
 *(.rel.bss)

.rela.bss
 *(.rela.bss)

.rel.plt
 *(.rel.plt)

.rela.plt
 *(.rela.plt)

.text           0x00000000     0x1882
 *(.vectors)
 .vectors       0x00000000       0x54 c:/winavr-20100110/bin/../lib/gcc/avr/4.3.3/../../../../avr/lib/avr5/crtm32.o
                0x00000000                __vectors
                0x00000000                __vector_default
 *(.vectors)
 *(.progmem.gcc*)
 *(.progmem*)
                0x00000054                . = ALIGN (0x2)
                0x00000054                __trampolines_start = .
 *(.trampolines)
 .trampolines   0x00000054        0x0 linker stubs
 *(.trampolines*)
                0x00000054                __trampolines_end = .
 *(.jumptables)
 *(.jumptables*)
 *(.lowtext)
 *(.lowtext*)
                0x00000054                __ctors_start = .
 *(.ctors)
                0x00000054                __ctors_end = .
                0x00000054                __dtors_start = .
 *(.dtors)
                0x00000054                __dtors_end = .
 SORT(*)(.ctors)
 SORT(*)(.dtors)
 *(.init0)
 .init0         0x00000054        0x0 c:/winavr-20100110/bin/../lib/gcc/avr/4.3.3/../../../../avr/lib/avr5/crtm32.o
                0x00000054                __init
 *(.init0)
 *(.init1)
 *(.init1)
 *(.init2)
 .init2         0x00000054        0xc c:/winavr-20100110/bin/../lib/gcc/avr/4.3.3/../../../../avr/lib/avr5/crtm32.o
 *(.init2)
 *(.init3)
 *(.init3)
 *(.init4)
 .init4         0x00000060       0x16 c:/winavr-20100110/bin/../lib/gcc/avr/4.3.3/avr5\libgcc.a(_copy_data.o)
                0x00000060                __do_copy_data
 .init4         0x00000076       0x10 c:/winavr-20100110/bin/../lib/gcc/avr/4.3.3/avr5\libgcc.a(_clear_bss.o)
                0x00000076                __do_clear_bss
 *(.init4)
 *(.init5)
 *(.init5)
 *(.init6)
 *(.init6)
 *(.init7)
 *(.init7)
 *(.init8)
 *(.init8)
 *(.init9)
 .init9         0x00000086        0x8 c:/winavr-20100110/bin/../lib/gcc/avr/4.3.3/../../../../avr/lib/avr5/crtm32.o
 *(.init9)
 *(.text)
 .text          0x0000008e        0x4 c:/winavr-20100110/bin/../lib/gcc/avr/4.3.3/../../../../avr/lib/avr5/crtm32.o
                0x0000008e                __vector_12
                0x0000008e                __bad_interrupt
                0x0000008e                __vector_6
                0x0000008e                __vector_11
                0x0000008e                __vector_13
                0x0000008e                __vector_17
                0x0000008e                __vector_19
                0x0000008e                __vector_7
                0x0000008e                __vector_9
                0x0000008e                __vector_15
                0x0000008e                __vector_8
                0x0000008e                __vector_14
                0x0000008e                __vector_10
                0x0000008e                __vector_16
                0x0000008e                __vector_18
                0x0000008e                __vector_20
 .text          0x00000092      0xaaa ATmega32A_GCC_DigitalControlAudioSystem_pLibs.o
                0x00000092                port_init
                0x00000ad2                __vector_1
                0x0000012c                timer2_off
                0x000000d2                timer2_init
                0x0000058c                volumeUpdate
                0x000001ec                temperMeasur
                0x00000344                oneWireLeft
                0x00000836                buttons_press
                0x00000142                __vector_3
                0x000000ca                timer1_init
                0x000003fc                temperature
                0x000004e2                commonEncoder
                0x000001c8                init_all
                0x000000b0                ext0_intrpt_init
                0x000005e0                volumeMute
                0x0000012a                timer2_on
                0x0000016a                __vector_5
                0x00000626                volumeProcessRemote
                0x000000be                ext0_intrpt_off
                0x00000928                main
                0x00000156                __vector_4
                0x00000744                ampliferOn
                0x000000fa                timer1_off
                0x000000c6                ext1_intrpt_init
                0x000000de                timer1_on_speed
                0x000006a2                ampliferOff
                0x000000b6                ext0_intrpt_on
                0x000000c8                ext2_intrpt_init
                0x0000012e                __vector_2
                0x0000093c                irDecode
                0x0000017e                about
                0x00000660                volumeProcess
                0x00000104                fan_pwm_control_speed
                0x0000028c                oneWireRight
                0x00000120                fan_pwm_off
 .text          0x00000b3c       0xbc 24c64.o
                0x00000b86                eeprom_24c64_write
                0x00000b3c                eeprom_24c64_read
                0x00000bc0                eeprom_24c64_reset
 .text          0x00000bf8      0x150 ds18x20.o
                0x00000cf0                wait_ready
                0x00000bf8                reset
                0x00000cfa                read_scratchpad
                0x00000c22                read_bit
                0x00000c50                read_byte
                0x00000c3a                write_bit
                0x00000caa                write_byte
 .text          0x00000d48       0x46 i2c_twi.o
                0x00000d6a                i2c_write
                0x00000d58                i2c_start
                0x00000d64                i2c_stop
                0x00000d78                i2c_read
                0x00000d48                i2c_init
 .text          0x00000d8e      0x302 lcd_hd44780_74hc595.o
                0x00000ed4                LCD_INIT
                0x00000e6c                LCD_EXECUTE_DATA_LAST
                0x00000ec4                LCD_CLEAR_CONTAIN
                0x00000fb0                LCD_DATA_ULONG
                0x00000dcc                LCD_EXECUTE_DATA
                0x00001058                LCD_DATA_UINT
                0x00000f44                LCD_CGRAM_CUSTOM_SYMBOLS
                0x00000fe8                LCD_DATA_LONG
                0x00000d8e                LCD_EXECUTE_COMMAND
                0x00000e86                LCD_COMMAND
                0x00000ef6                LCD_DATA_STRING
                0x00000e2e                LCD_EXECUTE_DATA_ONE
                0x00001020                LCD_DATA_INT
 .text          0x00001090       0x82 pga2310.o
                0x00001090                PGA2310_Volume_Update
                0x000010be                pga2310_init
                0x000010e8                pga2310_reset
 .text          0x00001112      0x164 uart.o
                0x000011ce                transmitUartULong
                0x00001206                transmitUartInt
                0x0000118e                receiveUart
                0x00001196                transmitUartLong
                0x00001112                uart_transmit
                0x0000113c                uart_transmit_DEC_to_BCD
                0x00001174                uart_init
                0x00001134                uart_transmit_one
                0x00001158                transmitUart
                0x00001160                transmitUartString
                0x0000123e                transmitUartUInt
 .text          0x00001276       0x58 spi.o
                0x00001276                spi_init
                0x00001282                spi_start
                0x000012aa                spi_write_more_bytes
                0x00001288                spi_stop
                0x000012c4                spi_read_more_bytes
                0x00001298                spi_write_two_bytes
                0x0000128c                spi_write_one_byte
 .text          0x000012ce       0xae utility.o
                0x0000134a                shiftLeftInMsbFirst
                0x0000133c                shiftRightInLsbFirst
                0x000012ce                decToBcd
                0x00001358                delay_ms
                0x000012f0                bcdToDec
                0x00001304                shiftRightOutLsbFirst
                0x00001320                shiftLeftOutMsbFirst
 .text          0x0000137c       0x98 rotation_encoder.o
                0x000013bc                rotaryEncoderVer1
                0x000013fc                rotaryEncoderVer2
                0x0000137c                rotaryEncoderNikBarzakov
 .text          0x00001414       0xc0 relay_74hc595.o
                0x0000144e                relays_in1_6ch
                0x00001446                relays_in1_2ch
                0x000014cc                relays_out_init
                0x00001456                relays_in2_2ch
                0x00001416                RELAYS_OUT_INIT
                0x00001418                RELAYS_IN_CHOOSE
                0x000014bc                relays_out_6ch
                0x00001486                RELAYS_OUT_CHOOSE
                0x000014c4                relays_out_off
                0x0000146e                relays_in3_6ch
                0x000014b4                relays_out_1ch
                0x00001476                relays_in_off
                0x00001466                relays_in3_2ch
                0x0000145e                relays_in2_6ch
                0x0000147e                relays_in_init
                0x00001414                RELAYS_IN_INIT
 .text          0x000014d4      0x1c0 ir_sirc.o
                0x000014d4                GetSIRC12
                0x000015dc                GetSIRC20
                0x00001558                GetSIRC15
 .text          0x00001694        0x0 c:/winavr-20100110/bin/../lib/gcc/avr/4.3.3/avr5\libgcc.a(_udivmodqi4.o)
 .text          0x00001694        0x0 c:/winavr-20100110/bin/../lib/gcc/avr/4.3.3/avr5\libgcc.a(_divmodhi4.o)
 .text          0x00001694        0x0 c:/winavr-20100110/bin/../lib/gcc/avr/4.3.3/avr5\libgcc.a(_exit.o)
 .text          0x00001694        0x0 c:/winavr-20100110/bin/../lib/gcc/avr/4.3.3/avr5\libgcc.a(_copy_data.o)
 .text          0x00001694        0x0 c:/winavr-20100110/bin/../lib/gcc/avr/4.3.3/avr5\libgcc.a(_clear_bss.o)
 .text          0x00001694        0x0 c:/winavr-20100110/bin/../lib/gcc/avr/4.3.3/avr5\libgcc.a(_udivmodhi4.o)
 .text          0x00001694        0x0 c:/winavr-20100110/bin/../lib/gcc/avr/4.3.3/../../../../avr/lib/avr5\libc.a(itoa.o)
 .text          0x00001694        0x0 c:/winavr-20100110/bin/../lib/gcc/avr/4.3.3/../../../../avr/lib/avr5\libc.a(ltoa.o)
 .text          0x00001694        0x0 c:/winavr-20100110/bin/../lib/gcc/avr/4.3.3/../../../../avr/lib/avr5\libc.a(ultoa.o)
 .text          0x00001694        0x0 c:/winavr-20100110/bin/../lib/gcc/avr/4.3.3/../../../../avr/lib/avr5\libc.a(utoa.o)
 .text          0x00001694        0x0 c:/winavr-20100110/bin/../lib/gcc/avr/4.3.3/../../../../avr/lib/avr5\libc.a(strrev.o)
 .text          0x00001694        0x0 c:/winavr-20100110/bin/../lib/gcc/avr/4.3.3/avr5\libgcc.a(_udivmodsi4.o)
                0x00001694                . = ALIGN (0x2)
 *(.text.*)
 .text.libgcc   0x00001694       0x18 c:/winavr-20100110/bin/../lib/gcc/avr/4.3.3/avr5\libgcc.a(_udivmodqi4.o)
                0x00001694                __udivmodqi4
 .text.libgcc   0x000016ac       0x26 c:/winavr-20100110/bin/../lib/gcc/avr/4.3.3/avr5\libgcc.a(_divmodhi4.o)
                0x000016ac                __divmodhi4
                0x000016ac                _div
 .text.libgcc   0x000016d2        0x0 c:/winavr-20100110/bin/../lib/gcc/avr/4.3.3/avr5\libgcc.a(_exit.o)
 .text.libgcc   0x000016d2        0x0 c:/winavr-20100110/bin/../lib/gcc/avr/4.3.3/avr5\libgcc.a(_copy_data.o)
 .text.libgcc   0x000016d2        0x0 c:/winavr-20100110/bin/../lib/gcc/avr/4.3.3/avr5\libgcc.a(_clear_bss.o)
 .text.libgcc   0x000016d2       0x28 c:/winavr-20100110/bin/../lib/gcc/avr/4.3.3/avr5\libgcc.a(_udivmodhi4.o)
                0x000016d2                __udivmodhi4
 .text.avr-libc
                0x000016fa       0x42 c:/winavr-20100110/bin/../lib/gcc/avr/4.3.3/../../../../avr/lib/avr5\libc.a(itoa.o)
                0x000016fa                itoa
 .text.avr-libc
                0x0000173c       0x68 c:/winavr-20100110/bin/../lib/gcc/avr/4.3.3/../../../../avr/lib/avr5\libc.a(ltoa.o)
                0x0000173c                ltoa
 .text.avr-libc
                0x000017a4       0x4a c:/winavr-20100110/bin/../lib/gcc/avr/4.3.3/../../../../avr/lib/avr5\libc.a(ultoa.o)
                0x000017a4                ultoa
 .text.avr-libc
                0x000017ee       0x2c c:/winavr-20100110/bin/../lib/gcc/avr/4.3.3/../../../../avr/lib/avr5\libc.a(utoa.o)
                0x000017ee                utoa
 .text.avr-libc
                0x0000181a       0x20 c:/winavr-20100110/bin/../lib/gcc/avr/4.3.3/../../../../avr/lib/avr5\libc.a(strrev.o)
                0x0000181a                strrev
 .text.libgcc   0x0000183a       0x44 c:/winavr-20100110/bin/../lib/gcc/avr/4.3.3/avr5\libgcc.a(_udivmodsi4.o)
                0x0000183a                __udivmodsi4
                0x0000187e                . = ALIGN (0x2)
 *(.fini9)
 .fini9         0x0000187e        0x0 c:/winavr-20100110/bin/../lib/gcc/avr/4.3.3/avr5\libgcc.a(_exit.o)
                0x0000187e                exit
                0x0000187e                _exit
 *(.fini9)
 *(.fini8)
 *(.fini8)
 *(.fini7)
 *(.fini7)
 *(.fini6)
 *(.fini6)
 *(.fini5)
 *(.fini5)
 *(.fini4)
 *(.fini4)
 *(.fini3)
 *(.fini3)
 *(.fini2)
 *(.fini2)
 *(.fini1)
 *(.fini1)
 *(.fini0)
 .fini0         0x0000187e        0x4 c:/winavr-20100110/bin/../lib/gcc/avr/4.3.3/avr5\libgcc.a(_exit.o)
 *(.fini0)
                0x00001882                _etext = .

.data           0x00800060      0x724 load address 0x00001882
                0x00800060                PROVIDE (__data_start, .)
 *(.data)
 .data          0x00800060        0x0 c:/winavr-20100110/bin/../lib/gcc/avr/4.3.3/../../../../avr/lib/avr5/crtm32.o
 .data          0x00800060      0x6e8 ATmega32A_GCC_DigitalControlAudioSystem_pLibs.o
                0x00800740                fanSpeedStep
                0x0080072b                volumeValue
                0x0080073f                fanSpeed
 .data          0x00800748        0x0 24c64.o
 .data          0x00800748        0x0 ds18x20.o
 .data          0x00800748        0x0 i2c_twi.o
 .data          0x00800748       0x38 lcd_hd44780_74hc595.o
                0x00800748                symbolGenerator
 .data          0x00800780        0x0 pga2310.o
 .data          0x00800780        0x3 uart.o
 .data          0x00800783        0x0 spi.o
 .data          0x00800783        0x0 utility.o
 .data          0x00800783        0x0 rotation_encoder.o
 .data          0x00800783        0x0 relay_74hc595.o
 .data          0x00800783        0x0 ir_sirc.o
 .data          0x00800783        0x0 c:/winavr-20100110/bin/../lib/gcc/avr/4.3.3/avr5\libgcc.a(_udivmodqi4.o)
 .data          0x00800783        0x0 c:/winavr-20100110/bin/../lib/gcc/avr/4.3.3/avr5\libgcc.a(_divmodhi4.o)
 .data          0x00800783        0x0 c:/winavr-20100110/bin/../lib/gcc/avr/4.3.3/avr5\libgcc.a(_exit.o)
 .data          0x00800783        0x0 c:/winavr-20100110/bin/../lib/gcc/avr/4.3.3/avr5\libgcc.a(_copy_data.o)
 .data          0x00800783        0x0 c:/winavr-20100110/bin/../lib/gcc/avr/4.3.3/avr5\libgcc.a(_clear_bss.o)
 .data          0x00800783        0x0 c:/winavr-20100110/bin/../lib/gcc/avr/4.3.3/avr5\libgcc.a(_udivmodhi4.o)
 .data          0x00800783        0x0 c:/winavr-20100110/bin/../lib/gcc/avr/4.3.3/../../../../avr/lib/avr5\libc.a(itoa.o)
 .data          0x00800783        0x0 c:/winavr-20100110/bin/../lib/gcc/avr/4.3.3/../../../../avr/lib/avr5\libc.a(ltoa.o)
 .data          0x00800783        0x0 c:/winavr-20100110/bin/../lib/gcc/avr/4.3.3/../../../../avr/lib/avr5\libc.a(ultoa.o)
 .data          0x00800783        0x0 c:/winavr-20100110/bin/../lib/gcc/avr/4.3.3/../../../../avr/lib/avr5\libc.a(utoa.o)
 .data          0x00800783        0x0 c:/winavr-20100110/bin/../lib/gcc/avr/4.3.3/../../../../avr/lib/avr5\libc.a(strrev.o)
 .data          0x00800783        0x0 c:/winavr-20100110/bin/../lib/gcc/avr/4.3.3/avr5\libgcc.a(_udivmodsi4.o)
 *(.data*)
 *(.rodata)
 *(.rodata*)
 *(.gnu.linkonce.d*)
                0x00800784                . = ALIGN (0x2)
 *fill*         0x00800783        0x1 00
                0x00800784                _edata = .
                0x00800784                PROVIDE (__data_end, .)

.bss            0x00800784       0x2b
                0x00800784                PROVIDE (__bss_start, .)
 *(.bss)
 .bss           0x00800784        0x0 c:/winavr-20100110/bin/../lib/gcc/avr/4.3.3/../../../../avr/lib/avr5/crtm32.o
 .bss           0x00800784        0xd ATmega32A_GCC_DigitalControlAudioSystem_pLibs.o
                0x00800786                storeTemp
                0x00800785                volumeIndex
                0x00800784                volumeBuffer
 .bss           0x00800791        0x0 24c64.o
 .bss           0x00800791        0xa ds18x20.o
                0x00800791                scratchpad
 .bss           0x0080079b        0x0 i2c_twi.o
 .bss           0x0080079b        0x0 lcd_hd44780_74hc595.o
 .bss           0x0080079b        0x0 pga2310.o
 .bss           0x0080079b        0x0 uart.o
 .bss           0x0080079b        0x0 spi.o
 .bss           0x0080079b        0x0 utility.o
 .bss           0x0080079b        0x0 rotation_encoder.o
 .bss           0x0080079b        0x0 relay_74hc595.o
 .bss           0x0080079b        0x0 ir_sirc.o
 .bss           0x0080079b        0x0 c:/winavr-20100110/bin/../lib/gcc/avr/4.3.3/avr5\libgcc.a(_udivmodqi4.o)
 .bss           0x0080079b        0x0 c:/winavr-20100110/bin/../lib/gcc/avr/4.3.3/avr5\libgcc.a(_divmodhi4.o)
 .bss           0x0080079b        0x0 c:/winavr-20100110/bin/../lib/gcc/avr/4.3.3/avr5\libgcc.a(_exit.o)
 .bss           0x0080079b        0x0 c:/winavr-20100110/bin/../lib/gcc/avr/4.3.3/avr5\libgcc.a(_copy_data.o)
 .bss           0x0080079b        0x0 c:/winavr-20100110/bin/../lib/gcc/avr/4.3.3/avr5\libgcc.a(_clear_bss.o)
 .bss           0x0080079b        0x0 c:/winavr-20100110/bin/../lib/gcc/avr/4.3.3/avr5\libgcc.a(_udivmodhi4.o)
 .bss           0x0080079b        0x0 c:/winavr-20100110/bin/../lib/gcc/avr/4.3.3/../../../../avr/lib/avr5\libc.a(itoa.o)
 .bss           0x0080079b        0x0 c:/winavr-20100110/bin/../lib/gcc/avr/4.3.3/../../../../avr/lib/avr5\libc.a(ltoa.o)
 .bss           0x0080079b        0x0 c:/winavr-20100110/bin/../lib/gcc/avr/4.3.3/../../../../avr/lib/avr5\libc.a(ultoa.o)
 .bss           0x0080079b        0x0 c:/winavr-20100110/bin/../lib/gcc/avr/4.3.3/../../../../avr/lib/avr5\libc.a(utoa.o)
 .bss           0x0080079b        0x0 c:/winavr-20100110/bin/../lib/gcc/avr/4.3.3/../../../../avr/lib/avr5\libc.a(strrev.o)
 .bss           0x0080079b        0x0 c:/winavr-20100110/bin/../lib/gcc/avr/4.3.3/avr5\libgcc.a(_udivmodsi4.o)
 *(.bss*)
 *(COMMON)
 COMMON         0x0080079b       0x10 ATmega32A_GCC_DigitalControlAudioSystem_pLibs.o
                0x0080079b                byte7
                0x0080079c                byte2
                0x0080079d                byte3
                0x0080079e                byte6
                0x0080079f                byte1
                0x008007a0                irCommand
                0x008007a1                flagStatusBits
                0x008007a3                byte0
                0x008007a4                byte4
                0x008007a5                irAddress
                0x008007a6                byte8
                0x008007a7                irExtended
                0x008007a8                byte9
                0x008007a9                fSB
                0x008007aa                byte5
 COMMON         0x008007ab        0x4 lcd_hd44780_74hc595.o
                0x008007ab                rows
                0x008007ad                cols
                0x008007af                PROVIDE (__bss_end, .)
                0x00001882                __data_load_start = LOADADDR (.data)
                0x00001fa6                __data_load_end = (__data_load_start + SIZEOF (.data))

.noinit         0x008007af        0x0
                0x008007af                PROVIDE (__noinit_start, .)
 *(.noinit*)
                0x008007af                PROVIDE (__noinit_end, .)
                0x008007af                _end = .
                0x008007af                PROVIDE (__heap_start, .)

.eeprom         0x00810000        0x0
 *(.eeprom*)
                0x00810000                __eeprom_end = .

.fuse
 *(.fuse)
 *(.lfuse)
 *(.hfuse)
 *(.efuse)

.lock
 *(.lock*)

.signature
 *(.signature*)

.stab
 *(.stab)

.stabstr
 *(.stabstr)

.stab.excl
 *(.stab.excl)

.stab.exclstr
 *(.stab.exclstr)

.stab.index
 *(.stab.index)

.stab.indexstr
 *(.stab.indexstr)

.comment
 *(.comment)

.debug
 *(.debug)

.line
 *(.line)

.debug_srcinfo
 *(.debug_srcinfo)

.debug_sfnames
 *(.debug_sfnames)

.debug_aranges  0x00000000      0x180
 *(.debug_aranges)
 .debug_aranges
                0x00000000       0x20 ATmega32A_GCC_DigitalControlAudioSystem_pLibs.o
 .debug_aranges
                0x00000020       0x20 24c64.o
 .debug_aranges
                0x00000040       0x20 ds18x20.o
 .debug_aranges
                0x00000060       0x20 i2c_twi.o
 .debug_aranges
                0x00000080       0x20 lcd_hd44780_74hc595.o
 .debug_aranges
                0x000000a0       0x20 pga2310.o
 .debug_aranges
                0x000000c0       0x20 uart.o
 .debug_aranges
                0x000000e0       0x20 spi.o
 .debug_aranges
                0x00000100       0x20 utility.o
 .debug_aranges
                0x00000120       0x20 rotation_encoder.o
 .debug_aranges
                0x00000140       0x20 relay_74hc595.o
 .debug_aranges
                0x00000160       0x20 ir_sirc.o

.debug_pubnames
                0x00000000      0xa54
 *(.debug_pubnames)
 .debug_pubnames
                0x00000000      0x35e ATmega32A_GCC_DigitalControlAudioSystem_pLibs.o
 .debug_pubnames
                0x0000035e       0x56 24c64.o
 .debug_pubnames
                0x000003b4       0x86 ds18x20.o
 .debug_pubnames
                0x0000043a       0x55 i2c_twi.o
 .debug_pubnames
                0x0000048f      0x144 lcd_hd44780_74hc595.o
 .debug_pubnames
                0x000005d3       0x4f pga2310.o
 .debug_pubnames
                0x00000622       0xf1 uart.o
 .debug_pubnames
                0x00000713       0x9a spi.o
 .debug_pubnames
                0x000007ad       0x9d utility.o
 .debug_pubnames
                0x0000084a       0x5b rotation_encoder.o
 .debug_pubnames
                0x000008a5      0x148 relay_74hc595.o
 .debug_pubnames
                0x000009ed       0x67 ir_sirc.o

.debug_info     0x00000000     0x2f1d
 *(.debug_info)
 .debug_info    0x00000000      0xc07 ATmega32A_GCC_DigitalControlAudioSystem_pLibs.o
 .debug_info    0x00000c07       0xfe 24c64.o
 .debug_info    0x00000d05      0x4a9 ds18x20.o
 .debug_info    0x000011ae       0xef i2c_twi.o
 .debug_info    0x0000129d      0xa17 lcd_hd44780_74hc595.o
 .debug_info    0x00001cb4       0xc2 pga2310.o
 .debug_info    0x00001d76      0x298 uart.o
 .debug_info    0x0000200e      0x177 spi.o
 .debug_info    0x00002185      0x1d6 utility.o
 .debug_info    0x0000235b      0x361 rotation_encoder.o
 .debug_info    0x000026bc      0x404 relay_74hc595.o
 .debug_info    0x00002ac0      0x45d ir_sirc.o
 *(.gnu.linkonce.wi.*)

.debug_abbrev   0x00000000      0xd5e
 *(.debug_abbrev)
 .debug_abbrev  0x00000000      0x2a2 ATmega32A_GCC_DigitalControlAudioSystem_pLibs.o
 .debug_abbrev  0x000002a2       0x8e 24c64.o
 .debug_abbrev  0x00000330      0x177 ds18x20.o
 .debug_abbrev  0x000004a7       0x8f i2c_twi.o
 .debug_abbrev  0x00000536      0x211 lcd_hd44780_74hc595.o
 .debug_abbrev  0x00000747       0x63 pga2310.o
 .debug_abbrev  0x000007aa      0x128 uart.o
 .debug_abbrev  0x000008d2       0xd5 spi.o
 .debug_abbrev  0x000009a7       0xb6 utility.o
 .debug_abbrev  0x00000a5d       0xfb rotation_encoder.o
 .debug_abbrev  0x00000b58      0x10a relay_74hc595.o
 .debug_abbrev  0x00000c62       0xfc ir_sirc.o

.debug_line     0x00000000     0x2b0d
 *(.debug_line)
 .debug_line    0x00000000      0xf83 ATmega32A_GCC_DigitalControlAudioSystem_pLibs.o
 .debug_line    0x00000f83      0x193 24c64.o
 .debug_line    0x00001116      0x2f2 ds18x20.o
 .debug_line    0x00001408      0x12b i2c_twi.o
 .debug_line    0x00001533      0x605 lcd_hd44780_74hc595.o
 .debug_line    0x00001b38      0x17f pga2310.o
 .debug_line    0x00001cb7      0x1fd uart.o
 .debug_line    0x00001eb4      0x187 spi.o
 .debug_line    0x0000203b      0x193 utility.o
 .debug_line    0x000021ce      0x1b2 rotation_encoder.o
 .debug_line    0x00002380      0x336 relay_74hc595.o
 .debug_line    0x000026b6      0x457 ir_sirc.o

.debug_frame    0x00000000      0x7d0
 *(.debug_frame)
 .debug_frame   0x00000000      0x240 ATmega32A_GCC_DigitalControlAudioSystem_pLibs.o
 .debug_frame   0x00000240       0x40 24c64.o
 .debug_frame   0x00000280       0x80 ds18x20.o
 .debug_frame   0x00000300       0x60 i2c_twi.o
 .debug_frame   0x00000360       0xe0 lcd_hd44780_74hc595.o
 .debug_frame   0x00000440       0x40 pga2310.o
 .debug_frame   0x00000480       0xc0 uart.o
 .debug_frame   0x00000540       0x80 spi.o
 .debug_frame   0x000005c0       0x80 utility.o
 .debug_frame   0x00000640       0x40 rotation_encoder.o
 .debug_frame   0x00000680      0x110 relay_74hc595.o
 .debug_frame   0x00000790       0x40 ir_sirc.o

.debug_str      0x00000000      0xb76
 *(.debug_str)
 .debug_str     0x00000000      0x3f4 ATmega32A_GCC_DigitalControlAudioSystem_pLibs.o
                                0x42d (size before relaxing)
 .debug_str     0x000003f4       0xca 24c64.o
                                0x1b6 (size before relaxing)
 .debug_str     0x000004be       0x6c ds18x20.o
                                0x1d1 (size before relaxing)
 .debug_str     0x0000052a       0x58 i2c_twi.o
                                0x144 (size before relaxing)
 .debug_str     0x00000582      0x154 lcd_hd44780_74hc595.o
                                0x2ad (size before relaxing)
 .debug_str     0x000006d6       0x70 pga2310.o
                                0x157 (size before relaxing)
 .debug_str     0x00000746       0xec uart.o
                                0x1f8 (size before relaxing)
 .debug_str     0x00000832       0x96 spi.o
                                0x182 (size before relaxing)
 .debug_str     0x000008c8       0xa0 utility.o
                                0x19d (size before relaxing)
 .debug_str     0x00000968       0x92 rotation_encoder.o
                                0x1e6 (size before relaxing)
 .debug_str     0x000009fa      0x136 relay_74hc595.o
                                0x285 (size before relaxing)
 .debug_str     0x00000b30       0x46 ir_sirc.o
                                0x1b9 (size before relaxing)

.debug_loc      0x00000000      0xe1e
 *(.debug_loc)
 .debug_loc     0x00000000      0x630 ATmega32A_GCC_DigitalControlAudioSystem_pLibs.o
 .debug_loc     0x00000630       0x18 24c64.o
 .debug_loc     0x00000648       0xfa ds18x20.o
 .debug_loc     0x00000742       0x31 i2c_twi.o
 .debug_loc     0x00000773      0x258 lcd_hd44780_74hc595.o
 .debug_loc     0x000009cb       0x3c pga2310.o
 .debug_loc     0x00000a07       0xda uart.o
 .debug_loc     0x00000ae1       0x28 spi.o
 .debug_loc     0x00000b09       0x31 utility.o
 .debug_loc     0x00000b3a      0x11a rotation_encoder.o
 .debug_loc     0x00000c54       0x62 relay_74hc595.o
 .debug_loc     0x00000cb6      0x168 ir_sirc.o

.debug_macinfo
 *(.debug_macinfo)
OUTPUT(ATmega32A_GCC_DigitalControlAudioSystem_pLibs.elf elf32-avr)
LOAD linker stubs

.debug_ranges   0x00000000      0x798
 .debug_ranges  0x00000000       0x48 ATmega32A_GCC_DigitalControlAudioSystem_pLibs.o
 .debug_ranges  0x00000048       0x78 ds18x20.o
 .debug_ranges  0x000000c0      0x1f8 lcd_hd44780_74hc595.o
 .debug_ranges  0x000002b8       0x18 uart.o
 .debug_ranges  0x000002d0       0x18 spi.o
 .debug_ranges  0x000002e8      0x4b0 ir_sirc.o
