Archive member included because of file (symbol)

/usr/lib/gcc/avr/4.8.2/avr5/libgcc.a(_udivmodqi4.o)
                              utility.o (__udivmodqi4)
/usr/lib/gcc/avr/4.8.2/avr5/libgcc.a(_exit.o)
                              /usr/lib/gcc/avr/4.8.2/../../../avr/lib/avr5/crtm32.o (exit)
/usr/lib/gcc/avr/4.8.2/avr5/libgcc.a(_copy_data.o)
                              ATmega32A_GCC_DigitalControlAudioSystem_pLibs.o (__do_copy_data)
/usr/lib/gcc/avr/4.8.2/avr5/libgcc.a(_clear_bss.o)
                              ATmega32A_GCC_DigitalControlAudioSystem_pLibs.o (__do_clear_bss)
/usr/lib/gcc/avr/4.8.2/../../../avr/lib/avr5/libm.a(fixsfsi.o)
                              uart.o (__fixsfsi)
/usr/lib/gcc/avr/4.8.2/../../../avr/lib/avr5/libm.a(fixunssfsi.o)
                              /usr/lib/gcc/avr/4.8.2/../../../avr/lib/avr5/libm.a(fixsfsi.o) (__fixunssfsi)
/usr/lib/gcc/avr/4.8.2/../../../avr/lib/avr5/libm.a(fp_split3.o)
                              /usr/lib/gcc/avr/4.8.2/../../../avr/lib/avr5/libm.a(fixunssfsi.o) (__fp_splitA)
/usr/lib/gcc/avr/4.8.2/../../../avr/lib/avr5/libm.a(fp_zero.o)
                              /usr/lib/gcc/avr/4.8.2/../../../avr/lib/avr5/libm.a(fixunssfsi.o) (__fp_zero)
/usr/lib/gcc/avr/4.8.2/../../../avr/lib/avr5/libc.a(itoa.o)
                              lcd_hd44780_74hc595.o (itoa)
/usr/lib/gcc/avr/4.8.2/../../../avr/lib/avr5/libc.a(ltoa.o)
                              lcd_hd44780_74hc595.o (ltoa)
/usr/lib/gcc/avr/4.8.2/../../../avr/lib/avr5/libc.a(ultoa.o)
                              lcd_hd44780_74hc595.o (ultoa)
/usr/lib/gcc/avr/4.8.2/../../../avr/lib/avr5/libc.a(utoa.o)
                              lcd_hd44780_74hc595.o (utoa)
/usr/lib/gcc/avr/4.8.2/../../../avr/lib/avr5/libc.a(strrev.o)
                              /usr/lib/gcc/avr/4.8.2/../../../avr/lib/avr5/libc.a(itoa.o) (strrev)
/usr/lib/gcc/avr/4.8.2/avr5/libgcc.a(_udivmodhi4.o)
                              /usr/lib/gcc/avr/4.8.2/../../../avr/lib/avr5/libc.a(itoa.o) (__udivmodhi4)
/usr/lib/gcc/avr/4.8.2/avr5/libgcc.a(_udivmodsi4.o)
                              /usr/lib/gcc/avr/4.8.2/../../../avr/lib/avr5/libc.a(ltoa.o) (__udivmodsi4)

Allocating common symbols
Common symbol       size              file

byte7               0x1               ATmega32A_GCC_DigitalControlAudioSystem_pLibs.o
byte2               0x1               ATmega32A_GCC_DigitalControlAudioSystem_pLibs.o
rows                0x2               lcd_hd44780_74hc595.o
byte3               0x1               ATmega32A_GCC_DigitalControlAudioSystem_pLibs.o
byte6               0x1               ATmega32A_GCC_DigitalControlAudioSystem_pLibs.o
byte1               0x1               ATmega32A_GCC_DigitalControlAudioSystem_pLibs.o
irCommand           0x1               ATmega32A_GCC_DigitalControlAudioSystem_pLibs.o
flagStatusBits      0x2               ATmega32A_GCC_DigitalControlAudioSystem_pLibs.o
byte0               0x1               ATmega32A_GCC_DigitalControlAudioSystem_pLibs.o
byte4               0x1               ATmega32A_GCC_DigitalControlAudioSystem_pLibs.o
cols                0x2               lcd_hd44780_74hc595.o
irAddress           0x1               ATmega32A_GCC_DigitalControlAudioSystem_pLibs.o
byte8               0x1               ATmega32A_GCC_DigitalControlAudioSystem_pLibs.o
irExtended          0x1               ATmega32A_GCC_DigitalControlAudioSystem_pLibs.o
byte9               0x1               ATmega32A_GCC_DigitalControlAudioSystem_pLibs.o
fSB                 0x1               ATmega32A_GCC_DigitalControlAudioSystem_pLibs.o
byte5               0x1               ATmega32A_GCC_DigitalControlAudioSystem_pLibs.o
isr2                0x2               ATmega32A_GCC_DigitalControlAudioSystem_pLibs.o

Memory Configuration

Name             Origin             Length             Attributes
text             0x0000000000000000 0x0000000000020000 xr
data             0x0000000000800060 0x000000000000ffa0 rw !x
eeprom           0x0000000000810000 0x0000000000010000 rw !x
fuse             0x0000000000820000 0x0000000000000400 rw !x
lock             0x0000000000830000 0x0000000000000400 rw !x
signature        0x0000000000840000 0x0000000000000400 rw !x
user_signatures  0x0000000000850000 0x0000000000000400 rw !x
*default*        0x0000000000000000 0xffffffffffffffff

Linker script and memory map

LOAD /usr/lib/gcc/avr/4.8.2/../../../avr/lib/avr5/crtm32.o
LOAD ATmega32A_GCC_DigitalControlAudioSystem_pLibs.o
LOAD 24c64.o
LOAD ds18x20.o
LOAD i2c_twi.o
LOAD lcd_hd44780_74hc595.o
LOAD pga2310.o
LOAD uart.o
LOAD spi.o
LOAD utility.o
LOAD rotation_encoder.o
LOAD relay_74hc595.o
LOAD ir_sirc.o
START GROUP
LOAD /usr/lib/gcc/avr/4.8.2/avr5/libgcc.a
LOAD /usr/lib/gcc/avr/4.8.2/../../../avr/lib/avr5/libm.a
LOAD /usr/lib/gcc/avr/4.8.2/../../../avr/lib/avr5/libc.a
END GROUP

.hash
 *(.hash)

.dynsym
 *(.dynsym)

.dynstr
 *(.dynstr)

.gnu.version
 *(.gnu.version)

.gnu.version_d
 *(.gnu.version_d)

.gnu.version_r
 *(.gnu.version_r)

.rel.init
 *(.rel.init)

.rela.init
 *(.rela.init)

.rel.text
 *(.rel.text)
 *(.rel.text.*)
 *(.rel.gnu.linkonce.t*)

.rela.text
 *(.rela.text)
 *(.rela.text.*)
 *(.rela.gnu.linkonce.t*)

.rel.fini
 *(.rel.fini)

.rela.fini
 *(.rela.fini)

.rel.rodata
 *(.rel.rodata)
 *(.rel.rodata.*)
 *(.rel.gnu.linkonce.r*)

.rela.rodata
 *(.rela.rodata)
 *(.rela.rodata.*)
 *(.rela.gnu.linkonce.r*)

.rel.data
 *(.rel.data)
 *(.rel.data.*)
 *(.rel.gnu.linkonce.d*)

.rela.data
 *(.rela.data)
 *(.rela.data.*)
 *(.rela.gnu.linkonce.d*)

.rel.ctors
 *(.rel.ctors)

.rela.ctors
 *(.rela.ctors)

.rel.dtors
 *(.rel.dtors)

.rela.dtors
 *(.rela.dtors)

.rel.got
 *(.rel.got)

.rela.got
 *(.rela.got)

.rel.bss
 *(.rel.bss)

.rela.bss
 *(.rela.bss)

.rel.plt
 *(.rel.plt)

.rela.plt
 *(.rela.plt)

.text           0x0000000000000000     0x1976
 *(.vectors)
 .vectors       0x0000000000000000       0x54 /usr/lib/gcc/avr/4.8.2/../../../avr/lib/avr5/crtm32.o
                0x0000000000000000                __vectors
                0x0000000000000000                __vector_default
 *(.vectors)
 *(.progmem.gcc*)
 *(.progmem*)
                0x0000000000000054                . = ALIGN (0x2)
                0x0000000000000054                __trampolines_start = .
 *(.trampolines)
 .trampolines   0x0000000000000054        0x0 linker stubs
 *(.trampolines*)
                0x0000000000000054                __trampolines_end = .
 *(.jumptables)
 *(.jumptables*)
 *(.lowtext)
 *(.lowtext*)
                0x0000000000000054                __ctors_start = .
 *(.ctors)
                0x0000000000000054                __ctors_end = .
                0x0000000000000054                __dtors_start = .
 *(.dtors)
                0x0000000000000054                __dtors_end = .
 SORT(*)(.ctors)
 SORT(*)(.dtors)
 *(.init0)
 .init0         0x0000000000000054        0x0 /usr/lib/gcc/avr/4.8.2/../../../avr/lib/avr5/crtm32.o
                0x0000000000000054                __init
 *(.init0)
 *(.init1)
 *(.init1)
 *(.init2)
 .init2         0x0000000000000054        0xc /usr/lib/gcc/avr/4.8.2/../../../avr/lib/avr5/crtm32.o
 *(.init2)
 *(.init3)
 *(.init3)
 *(.init4)
 .init4         0x0000000000000060       0x16 /usr/lib/gcc/avr/4.8.2/avr5/libgcc.a(_copy_data.o)
                0x0000000000000060                __do_copy_data
 .init4         0x0000000000000076       0x10 /usr/lib/gcc/avr/4.8.2/avr5/libgcc.a(_clear_bss.o)
                0x0000000000000076                __do_clear_bss
 *(.init4)
 *(.init5)
 *(.init5)
 *(.init6)
 *(.init6)
 *(.init7)
 *(.init7)
 *(.init8)
 *(.init8)
 *(.init9)
 .init9         0x0000000000000086        0x8 /usr/lib/gcc/avr/4.8.2/../../../avr/lib/avr5/crtm32.o
 *(.init9)
 *(.text)
 .text          0x000000000000008e        0x4 /usr/lib/gcc/avr/4.8.2/../../../avr/lib/avr5/crtm32.o
                0x000000000000008e                __vector_12
                0x000000000000008e                __bad_interrupt
                0x000000000000008e                __vector_6
                0x000000000000008e                __vector_11
                0x000000000000008e                __vector_13
                0x000000000000008e                __vector_17
                0x000000000000008e                __vector_19
                0x000000000000008e                __vector_7
                0x000000000000008e                __vector_9
                0x000000000000008e                __vector_15
                0x000000000000008e                __vector_8
                0x000000000000008e                __vector_14
                0x000000000000008e                __vector_10
                0x000000000000008e                __vector_16
                0x000000000000008e                __vector_18
                0x000000000000008e                __vector_20
 .text          0x0000000000000092      0xa5c ATmega32A_GCC_DigitalControlAudioSystem_pLibs.o
                0x0000000000000092                port_init
                0x00000000000000b0                ext0_intrpt_init
                0x00000000000000b6                ext0_intrpt_on
                0x00000000000000c4                ext0_intrpt_off
                0x00000000000000d0                ext1_intrpt_init
                0x00000000000000d2                ext2_intrpt_init
                0x00000000000000d4                timer1_init
                0x00000000000000de                timer2Internal_intrpt_off
                0x00000000000000e0                timer2Internal_intrpt_on
                0x00000000000000e2                timer1_on_speed
                0x00000000000000fc                timer2_init
                0x000000000000013c                timer1_off
                0x000000000000014c                timer2_on
                0x000000000000014e                timer2_off
                0x0000000000000150                fan_pwm_control_speed
                0x0000000000000154                fan_pwm_off
                0x0000000000000158                ampliferOn
                0x00000000000001de                ampliferOff
                0x0000000000000254                volumeUpdate
                0x00000000000002a6                volumeProcess
                0x00000000000002da                volumeMute
                0x0000000000000310                volumeProcessRemote
                0x000000000000033c                commonEncoder
                0x00000000000003a4                oneWireLeft
                0x0000000000000416                oneWireRight
                0x0000000000000488                temperMeasur
                0x0000000000000516                temperature
                0x0000000000000606                irDecode
                0x00000000000007a0                autoControlTemperature
                0x00000000000008ae                about
                0x00000000000008ee                __vector_1
                0x000000000000095e                __vector_2
                0x0000000000000972                __vector_3
                0x0000000000000986                __vector_4
                0x0000000000000a24                __vector_5
                0x0000000000000a38                init_all
                0x0000000000000a5c                buttons_press
 .text          0x0000000000000aee       0xb2 24c64.o
                0x0000000000000aee                eeprom_24c64_reset
                0x0000000000000b20                eeprom_24c64_write
                0x0000000000000b58                eeprom_24c64_read
 .text          0x0000000000000ba0      0x158 ds18x20.o
                0x0000000000000ba0                reset
                0x0000000000000bd6                read_bit
                0x0000000000000bf0                write_bit
                0x0000000000000c0a                read_byte
                0x0000000000000c56                write_byte
                0x0000000000000ca0                wait_ready
                0x0000000000000caa                read_scratchpad
 .text          0x0000000000000cf8       0x46 i2c_twi.o
                0x0000000000000cf8                i2c_init
                0x0000000000000d08                i2c_start
                0x0000000000000d14                i2c_stop
                0x0000000000000d1a                i2c_write
                0x0000000000000d28                i2c_read
 .text          0x0000000000000d3e      0x32a lcd_hd44780_74hc595.o
                0x0000000000000d3e                LCD_EXECUTE_COMMAND
                0x0000000000000d86                LCD_EXECUTE_DATA
                0x0000000000000de0                LCD_EXECUTE_DATA_ONE
                0x0000000000000e28                LCD_EXECUTE_DATA_LAST
                0x0000000000000e46                LCD_COMMAND
                0x0000000000000e8e                LCD_INIT
                0x0000000000000eb4                LCD_CLEAR_CONTAIN
                0x0000000000000ec8                LCD_DATA_STRING
                0x0000000000000f1c                LCD_DATA_UINT
                0x0000000000000f54                LCD_DATA_INT
                0x0000000000000f8c                LCD_DATA_LONG
                0x0000000000000fc4                LCD_DATA_ULONG
                0x0000000000000ffc                LCD_CGRAM_CUSTOM_SYMBOLS
 .text          0x0000000000001068       0x82 pga2310.o
                0x0000000000001068                pga2310_reset
                0x0000000000001092                pga2310_init
                0x00000000000010bc                PGA2310_Volume_Update
 .text          0x00000000000010ea      0x196 uart.o
                0x00000000000010ea                uart_init
                0x00000000000010fc                uart_transmit
                0x0000000000001116                uart_transmit_one
                0x000000000000111e                uart_transmit_DEC_to_BCD
                0x0000000000001138                transmitUart
                0x0000000000001140                transmitUartString
                0x0000000000001158                transmitUartUInt
                0x0000000000001190                transmitUartInt
                0x00000000000011c8                transmitUartULong
                0x0000000000001200                transmitUartLong
                0x0000000000001238                transmitUartDouble
                0x0000000000001278                receiveUart
 .text          0x0000000000001280       0x56 spi.o
                0x0000000000001280                spi_init
                0x000000000000128c                spi_start
                0x0000000000001292                spi_stop
                0x0000000000001296                spi_write_one_byte
                0x00000000000012a2                spi_write_two_bytes
                0x00000000000012b4                spi_write_more_bytes
                0x00000000000012cc                spi_read_more_bytes
 .text          0x00000000000012d6       0x90 utility.o
                0x00000000000012d6                decToBcd
                0x00000000000012e8                bcdToDec
                0x00000000000012fa                shiftRightOutLsbFirst
                0x0000000000001312                shiftLeftOutMsbFirst
                0x000000000000132a                shiftRightInLsbFirst
                0x0000000000001336                shiftLeftInMsbFirst
                0x0000000000001342                delay_ms
 .text          0x0000000000001366       0xc4 rotation_encoder.o
                0x0000000000001366                rotaryEncoderNikBarzakov
                0x00000000000013b4                rotaryEncoderVer1
                0x0000000000001402                rotaryEncoderVer2
 .text          0x000000000000142a       0xb4 relay_74hc595.o
                0x000000000000142a                RELAYS_IN_INIT
                0x000000000000142c                RELAYS_OUT_INIT
                0x000000000000142e                RELAYS_IN_CHOOSE
                0x0000000000001462                relays_in1_2ch
                0x0000000000001468                relays_in1_6ch
                0x000000000000146e                relays_in2_2ch
                0x0000000000001474                relays_in2_6ch
                0x000000000000147a                relays_in3_2ch
                0x0000000000001480                relays_in3_6ch
                0x0000000000001486                relays_in_off
                0x000000000000148c                relays_in_init
                0x0000000000001492                RELAYS_OUT_CHOOSE
                0x00000000000014c6                relays_out_1ch
                0x00000000000014cc                relays_out_6ch
                0x00000000000014d2                relays_out_off
                0x00000000000014d8                relays_out_init
 .text          0x00000000000014de      0x20c ir_sirc.o
                0x00000000000014de                GetSIRC12
                0x0000000000001578                GetSIRC15
                0x0000000000001612                GetSIRC20
 .text          0x00000000000016ea        0x0 /usr/lib/gcc/avr/4.8.2/avr5/libgcc.a(_udivmodqi4.o)
 .text          0x00000000000016ea        0x0 /usr/lib/gcc/avr/4.8.2/avr5/libgcc.a(_exit.o)
 .text          0x00000000000016ea        0x0 /usr/lib/gcc/avr/4.8.2/avr5/libgcc.a(_copy_data.o)
 .text          0x00000000000016ea        0x0 /usr/lib/gcc/avr/4.8.2/avr5/libgcc.a(_clear_bss.o)
 .text          0x00000000000016ea        0x0 /usr/lib/gcc/avr/4.8.2/../../../avr/lib/avr5/libm.a(fixsfsi.o)
 .text          0x00000000000016ea        0x0 /usr/lib/gcc/avr/4.8.2/../../../avr/lib/avr5/libm.a(fixunssfsi.o)
 .text          0x00000000000016ea        0x0 /usr/lib/gcc/avr/4.8.2/../../../avr/lib/avr5/libm.a(fp_split3.o)
 .text          0x00000000000016ea        0x0 /usr/lib/gcc/avr/4.8.2/../../../avr/lib/avr5/libm.a(fp_zero.o)
 .text          0x00000000000016ea        0x0 /usr/lib/gcc/avr/4.8.2/../../../avr/lib/avr5/libc.a(itoa.o)
 .text          0x00000000000016ea        0x0 /usr/lib/gcc/avr/4.8.2/../../../avr/lib/avr5/libc.a(ltoa.o)
 .text          0x00000000000016ea        0x0 /usr/lib/gcc/avr/4.8.2/../../../avr/lib/avr5/libc.a(ultoa.o)
 .text          0x00000000000016ea        0x0 /usr/lib/gcc/avr/4.8.2/../../../avr/lib/avr5/libc.a(utoa.o)
 .text          0x00000000000016ea        0x0 /usr/lib/gcc/avr/4.8.2/../../../avr/lib/avr5/libc.a(strrev.o)
 .text          0x00000000000016ea        0x0 /usr/lib/gcc/avr/4.8.2/avr5/libgcc.a(_udivmodhi4.o)
 .text          0x00000000000016ea        0x0 /usr/lib/gcc/avr/4.8.2/avr5/libgcc.a(_udivmodsi4.o)
                0x00000000000016ea                . = ALIGN (0x2)
 *(.text.*)
 .text.startup  0x00000000000016ea       0x10 ATmega32A_GCC_DigitalControlAudioSystem_pLibs.o
                0x00000000000016ea                main
 .text.libgcc.mul
                0x00000000000016fa        0x0 /usr/lib/gcc/avr/4.8.2/avr5/libgcc.a(_udivmodqi4.o)
 .text.libgcc.div
                0x00000000000016fa       0x18 /usr/lib/gcc/avr/4.8.2/avr5/libgcc.a(_udivmodqi4.o)
                0x00000000000016fa                __udivmodqi4
 .text.libgcc   0x0000000000001712        0x0 /usr/lib/gcc/avr/4.8.2/avr5/libgcc.a(_udivmodqi4.o)
 .text.libgcc.prologue
                0x0000000000001712        0x0 /usr/lib/gcc/avr/4.8.2/avr5/libgcc.a(_udivmodqi4.o)
 .text.libgcc.builtins
                0x0000000000001712        0x0 /usr/lib/gcc/avr/4.8.2/avr5/libgcc.a(_udivmodqi4.o)
 .text.libgcc.fmul
                0x0000000000001712        0x0 /usr/lib/gcc/avr/4.8.2/avr5/libgcc.a(_udivmodqi4.o)
 .text.libgcc.fixed
                0x0000000000001712        0x0 /usr/lib/gcc/avr/4.8.2/avr5/libgcc.a(_udivmodqi4.o)
 .text.libgcc.mul
                0x0000000000001712        0x0 /usr/lib/gcc/avr/4.8.2/avr5/libgcc.a(_exit.o)
 .text.libgcc.div
                0x0000000000001712        0x0 /usr/lib/gcc/avr/4.8.2/avr5/libgcc.a(_exit.o)
 .text.libgcc   0x0000000000001712        0x0 /usr/lib/gcc/avr/4.8.2/avr5/libgcc.a(_exit.o)
 .text.libgcc.prologue
                0x0000000000001712        0x0 /usr/lib/gcc/avr/4.8.2/avr5/libgcc.a(_exit.o)
 .text.libgcc.builtins
                0x0000000000001712        0x0 /usr/lib/gcc/avr/4.8.2/avr5/libgcc.a(_exit.o)
 .text.libgcc.fmul
                0x0000000000001712        0x0 /usr/lib/gcc/avr/4.8.2/avr5/libgcc.a(_exit.o)
 .text.libgcc.fixed
                0x0000000000001712        0x0 /usr/lib/gcc/avr/4.8.2/avr5/libgcc.a(_exit.o)
 .text.libgcc.mul
                0x0000000000001712        0x0 /usr/lib/gcc/avr/4.8.2/avr5/libgcc.a(_copy_data.o)
 .text.libgcc.div
                0x0000000000001712        0x0 /usr/lib/gcc/avr/4.8.2/avr5/libgcc.a(_copy_data.o)
 .text.libgcc   0x0000000000001712        0x0 /usr/lib/gcc/avr/4.8.2/avr5/libgcc.a(_copy_data.o)
 .text.libgcc.prologue
                0x0000000000001712        0x0 /usr/lib/gcc/avr/4.8.2/avr5/libgcc.a(_copy_data.o)
 .text.libgcc.builtins
                0x0000000000001712        0x0 /usr/lib/gcc/avr/4.8.2/avr5/libgcc.a(_copy_data.o)
 .text.libgcc.fmul
                0x0000000000001712        0x0 /usr/lib/gcc/avr/4.8.2/avr5/libgcc.a(_copy_data.o)
 .text.libgcc.fixed
                0x0000000000001712        0x0 /usr/lib/gcc/avr/4.8.2/avr5/libgcc.a(_copy_data.o)
 .text.libgcc.mul
                0x0000000000001712        0x0 /usr/lib/gcc/avr/4.8.2/avr5/libgcc.a(_clear_bss.o)
 .text.libgcc.div
                0x0000000000001712        0x0 /usr/lib/gcc/avr/4.8.2/avr5/libgcc.a(_clear_bss.o)
 .text.libgcc   0x0000000000001712        0x0 /usr/lib/gcc/avr/4.8.2/avr5/libgcc.a(_clear_bss.o)
 .text.libgcc.prologue
                0x0000000000001712        0x0 /usr/lib/gcc/avr/4.8.2/avr5/libgcc.a(_clear_bss.o)
 .text.libgcc.builtins
                0x0000000000001712        0x0 /usr/lib/gcc/avr/4.8.2/avr5/libgcc.a(_clear_bss.o)
 .text.libgcc.fmul
                0x0000000000001712        0x0 /usr/lib/gcc/avr/4.8.2/avr5/libgcc.a(_clear_bss.o)
 .text.libgcc.fixed
                0x0000000000001712        0x0 /usr/lib/gcc/avr/4.8.2/avr5/libgcc.a(_clear_bss.o)
 .text.avr-libc.fplib
                0x0000000000001712        0xa /usr/lib/gcc/avr/4.8.2/../../../avr/lib/avr5/libm.a(fixsfsi.o)
                0x0000000000001712                __fixsfsi
 .text.avr-libc.fplib
                0x000000000000171c       0x58 /usr/lib/gcc/avr/4.8.2/../../../avr/lib/avr5/libm.a(fixunssfsi.o)
                0x000000000000171c                __fixunssfsi
 .text.avr-libc.fplib
                0x0000000000001774       0x44 /usr/lib/gcc/avr/4.8.2/../../../avr/lib/avr5/libm.a(fp_split3.o)
                0x0000000000001774                __fp_split3
                0x0000000000001784                __fp_splitA
 .text.avr-libc.fplib
                0x00000000000017b8        0xe /usr/lib/gcc/avr/4.8.2/../../../avr/lib/avr5/libm.a(fp_zero.o)
                0x00000000000017b8                __fp_zero
                0x00000000000017ba                __fp_szero
 .text.avr-libc
                0x00000000000017c6       0x42 /usr/lib/gcc/avr/4.8.2/../../../avr/lib/avr5/libc.a(itoa.o)
                0x00000000000017c6                itoa
 .text.avr-libc
                0x0000000000001808       0x68 /usr/lib/gcc/avr/4.8.2/../../../avr/lib/avr5/libc.a(ltoa.o)
                0x0000000000001808                ltoa
 .text.avr-libc
                0x0000000000001870       0x4a /usr/lib/gcc/avr/4.8.2/../../../avr/lib/avr5/libc.a(ultoa.o)
                0x0000000000001870                ultoa
 .text.avr-libc
                0x00000000000018ba       0x2c /usr/lib/gcc/avr/4.8.2/../../../avr/lib/avr5/libc.a(utoa.o)
                0x00000000000018ba                utoa
 .text.avr-libc
                0x00000000000018e6       0x20 /usr/lib/gcc/avr/4.8.2/../../../avr/lib/avr5/libc.a(strrev.o)
                0x00000000000018e6                strrev
 .text.libgcc.mul
                0x0000000000001906        0x0 /usr/lib/gcc/avr/4.8.2/avr5/libgcc.a(_udivmodhi4.o)
 .text.libgcc.div
                0x0000000000001906       0x28 /usr/lib/gcc/avr/4.8.2/avr5/libgcc.a(_udivmodhi4.o)
                0x0000000000001906                __udivmodhi4
 .text.libgcc   0x000000000000192e        0x0 /usr/lib/gcc/avr/4.8.2/avr5/libgcc.a(_udivmodhi4.o)
 .text.libgcc.prologue
                0x000000000000192e        0x0 /usr/lib/gcc/avr/4.8.2/avr5/libgcc.a(_udivmodhi4.o)
 .text.libgcc.builtins
                0x000000000000192e        0x0 /usr/lib/gcc/avr/4.8.2/avr5/libgcc.a(_udivmodhi4.o)
 .text.libgcc.fmul
                0x000000000000192e        0x0 /usr/lib/gcc/avr/4.8.2/avr5/libgcc.a(_udivmodhi4.o)
 .text.libgcc.fixed
                0x000000000000192e        0x0 /usr/lib/gcc/avr/4.8.2/avr5/libgcc.a(_udivmodhi4.o)
 .text.libgcc.mul
                0x000000000000192e        0x0 /usr/lib/gcc/avr/4.8.2/avr5/libgcc.a(_udivmodsi4.o)
 .text.libgcc.div
                0x000000000000192e       0x44 /usr/lib/gcc/avr/4.8.2/avr5/libgcc.a(_udivmodsi4.o)
                0x000000000000192e                __udivmodsi4
 .text.libgcc   0x0000000000001972        0x0 /usr/lib/gcc/avr/4.8.2/avr5/libgcc.a(_udivmodsi4.o)
 .text.libgcc.prologue
                0x0000000000001972        0x0 /usr/lib/gcc/avr/4.8.2/avr5/libgcc.a(_udivmodsi4.o)
 .text.libgcc.builtins
                0x0000000000001972        0x0 /usr/lib/gcc/avr/4.8.2/avr5/libgcc.a(_udivmodsi4.o)
 .text.libgcc.fmul
                0x0000000000001972        0x0 /usr/lib/gcc/avr/4.8.2/avr5/libgcc.a(_udivmodsi4.o)
 .text.libgcc.fixed
                0x0000000000001972        0x0 /usr/lib/gcc/avr/4.8.2/avr5/libgcc.a(_udivmodsi4.o)
                0x0000000000001972                . = ALIGN (0x2)
 *(.fini9)
 .fini9         0x0000000000001972        0x0 /usr/lib/gcc/avr/4.8.2/avr5/libgcc.a(_exit.o)
                0x0000000000001972                exit
                0x0000000000001972                _exit
 *(.fini9)
 *(.fini8)
 *(.fini8)
 *(.fini7)
 *(.fini7)
 *(.fini6)
 *(.fini6)
 *(.fini5)
 *(.fini5)
 *(.fini4)
 *(.fini4)
 *(.fini3)
 *(.fini3)
 *(.fini2)
 *(.fini2)
 *(.fini1)
 *(.fini1)
 *(.fini0)
 .fini0         0x0000000000001972        0x4 /usr/lib/gcc/avr/4.8.2/avr5/libgcc.a(_exit.o)
 *(.fini0)
                0x0000000000001976                _etext = .

.data           0x0000000000800060      0x518 load address 0x0000000000001976
                0x0000000000800060                PROVIDE (__data_start, .)
 *(.data)
 .data          0x0000000000800060        0x0 /usr/lib/gcc/avr/4.8.2/../../../avr/lib/avr5/crtm32.o
 .data          0x0000000000800060       0x2d ATmega32A_GCC_DigitalControlAudioSystem_pLibs.o
                0x0000000000800060                fanSpeedStep
                0x0000000000800068                fanSpeed
                0x0000000000800069                rightTempSensorRomCode
                0x0000000000800071                leftTempSensorRomCode
                0x0000000000800079                volumeValue
 .data          0x000000000080008d        0x0 24c64.o
 .data          0x000000000080008d        0x0 ds18x20.o
 .data          0x000000000080008d        0x0 i2c_twi.o
 .data          0x000000000080008d       0x38 lcd_hd44780_74hc595.o
                0x000000000080008d                symbolGenerator
 .data          0x00000000008000c5        0x0 pga2310.o
 .data          0x00000000008000c5        0x0 uart.o
 .data          0x00000000008000c5        0x0 spi.o
 .data          0x00000000008000c5        0x0 utility.o
 .data          0x00000000008000c5        0x0 rotation_encoder.o
 .data          0x00000000008000c5        0x0 relay_74hc595.o
 .data          0x00000000008000c5        0x0 ir_sirc.o
 .data          0x00000000008000c5        0x0 /usr/lib/gcc/avr/4.8.2/avr5/libgcc.a(_udivmodqi4.o)
 .data          0x00000000008000c5        0x0 /usr/lib/gcc/avr/4.8.2/avr5/libgcc.a(_exit.o)
 .data          0x00000000008000c5        0x0 /usr/lib/gcc/avr/4.8.2/avr5/libgcc.a(_copy_data.o)
 .data          0x00000000008000c5        0x0 /usr/lib/gcc/avr/4.8.2/avr5/libgcc.a(_clear_bss.o)
 .data          0x00000000008000c5        0x0 /usr/lib/gcc/avr/4.8.2/../../../avr/lib/avr5/libm.a(fixsfsi.o)
 .data          0x00000000008000c5        0x0 /usr/lib/gcc/avr/4.8.2/../../../avr/lib/avr5/libm.a(fixunssfsi.o)
 .data          0x00000000008000c5        0x0 /usr/lib/gcc/avr/4.8.2/../../../avr/lib/avr5/libm.a(fp_split3.o)
 .data          0x00000000008000c5        0x0 /usr/lib/gcc/avr/4.8.2/../../../avr/lib/avr5/libm.a(fp_zero.o)
 .data          0x00000000008000c5        0x0 /usr/lib/gcc/avr/4.8.2/../../../avr/lib/avr5/libc.a(itoa.o)
 .data          0x00000000008000c5        0x0 /usr/lib/gcc/avr/4.8.2/../../../avr/lib/avr5/libc.a(ltoa.o)
 .data          0x00000000008000c5        0x0 /usr/lib/gcc/avr/4.8.2/../../../avr/lib/avr5/libc.a(ultoa.o)
 .data          0x00000000008000c5        0x0 /usr/lib/gcc/avr/4.8.2/../../../avr/lib/avr5/libc.a(utoa.o)
 .data          0x00000000008000c5        0x0 /usr/lib/gcc/avr/4.8.2/../../../avr/lib/avr5/libc.a(strrev.o)
 .data          0x00000000008000c5        0x0 /usr/lib/gcc/avr/4.8.2/avr5/libgcc.a(_udivmodhi4.o)
 .data          0x00000000008000c5        0x0 /usr/lib/gcc/avr/4.8.2/avr5/libgcc.a(_udivmodsi4.o)
 *(.data*)
 *(.rodata)
 *(.rodata*)
 .rodata.str1.1
                0x00000000008000c5      0x4b2 ATmega32A_GCC_DigitalControlAudioSystem_pLibs.o
                                        0x4c2 (size before relaxing)
 *(.gnu.linkonce.d*)
                0x0000000000800578                . = ALIGN (0x2)
 *fill*         0x0000000000800577        0x1 
                0x0000000000800578                _edata = .
                0x0000000000800578                PROVIDE (__data_end, .)

.bss            0x0000000000800578       0x2d
                0x0000000000800578                PROVIDE (__bss_start, .)
 *(.bss)
 .bss           0x0000000000800578        0x0 /usr/lib/gcc/avr/4.8.2/../../../avr/lib/avr5/crtm32.o
 .bss           0x0000000000800578        0xd ATmega32A_GCC_DigitalControlAudioSystem_pLibs.o
                0x0000000000800578                storeTemp
                0x0000000000800582                volumeIndex
                0x0000000000800583                volumeBuffer
 .bss           0x0000000000800585        0x0 24c64.o
 .bss           0x0000000000800585        0xa ds18x20.o
                0x0000000000800585                scratchpad
 .bss           0x000000000080058f        0x0 i2c_twi.o
 .bss           0x000000000080058f        0x0 lcd_hd44780_74hc595.o
 .bss           0x000000000080058f        0x0 pga2310.o
 .bss           0x000000000080058f        0x0 uart.o
 .bss           0x000000000080058f        0x0 spi.o
 .bss           0x000000000080058f        0x0 utility.o
 .bss           0x000000000080058f        0x0 rotation_encoder.o
 .bss           0x000000000080058f        0x0 relay_74hc595.o
 .bss           0x000000000080058f        0x0 ir_sirc.o
 .bss           0x000000000080058f        0x0 /usr/lib/gcc/avr/4.8.2/avr5/libgcc.a(_udivmodqi4.o)
 .bss           0x000000000080058f        0x0 /usr/lib/gcc/avr/4.8.2/avr5/libgcc.a(_exit.o)
 .bss           0x000000000080058f        0x0 /usr/lib/gcc/avr/4.8.2/avr5/libgcc.a(_copy_data.o)
 .bss           0x000000000080058f        0x0 /usr/lib/gcc/avr/4.8.2/avr5/libgcc.a(_clear_bss.o)
 .bss           0x000000000080058f        0x0 /usr/lib/gcc/avr/4.8.2/../../../avr/lib/avr5/libm.a(fixsfsi.o)
 .bss           0x000000000080058f        0x0 /usr/lib/gcc/avr/4.8.2/../../../avr/lib/avr5/libm.a(fixunssfsi.o)
 .bss           0x000000000080058f        0x0 /usr/lib/gcc/avr/4.8.2/../../../avr/lib/avr5/libm.a(fp_split3.o)
 .bss           0x000000000080058f        0x0 /usr/lib/gcc/avr/4.8.2/../../../avr/lib/avr5/libm.a(fp_zero.o)
 .bss           0x000000000080058f        0x0 /usr/lib/gcc/avr/4.8.2/../../../avr/lib/avr5/libc.a(itoa.o)
 .bss           0x000000000080058f        0x0 /usr/lib/gcc/avr/4.8.2/../../../avr/lib/avr5/libc.a(ltoa.o)
 .bss           0x000000000080058f        0x0 /usr/lib/gcc/avr/4.8.2/../../../avr/lib/avr5/libc.a(ultoa.o)
 .bss           0x000000000080058f        0x0 /usr/lib/gcc/avr/4.8.2/../../../avr/lib/avr5/libc.a(utoa.o)
 .bss           0x000000000080058f        0x0 /usr/lib/gcc/avr/4.8.2/../../../avr/lib/avr5/libc.a(strrev.o)
 .bss           0x000000000080058f        0x0 /usr/lib/gcc/avr/4.8.2/avr5/libgcc.a(_udivmodhi4.o)
 .bss           0x000000000080058f        0x0 /usr/lib/gcc/avr/4.8.2/avr5/libgcc.a(_udivmodsi4.o)
 *(.bss*)
 *(COMMON)
 COMMON         0x000000000080058f       0x12 ATmega32A_GCC_DigitalControlAudioSystem_pLibs.o
                0x000000000080058f                byte7
                0x0000000000800590                byte2
                0x0000000000800591                byte3
                0x0000000000800592                byte6
                0x0000000000800593                byte1
                0x0000000000800594                irCommand
                0x0000000000800595                flagStatusBits
                0x0000000000800597                byte0
                0x0000000000800598                byte4
                0x0000000000800599                irAddress
                0x000000000080059a                byte8
                0x000000000080059b                irExtended
                0x000000000080059c                byte9
                0x000000000080059d                fSB
                0x000000000080059e                byte5
                0x000000000080059f                isr2
 COMMON         0x00000000008005a1        0x4 lcd_hd44780_74hc595.o
                0x00000000008005a1                rows
                0x00000000008005a3                cols
                0x00000000008005a5                PROVIDE (__bss_end, .)
                0x0000000000001976                __data_load_start = LOADADDR (.data)
                0x0000000000001e8e                __data_load_end = (__data_load_start + SIZEOF (.data))

.noinit         0x00000000008005a5        0x0
                0x00000000008005a5                PROVIDE (__noinit_start, .)
 *(.noinit*)
                0x00000000008005a5                PROVIDE (__noinit_end, .)
                0x00000000008005a5                _end = .
                0x00000000008005a5                PROVIDE (__heap_start, .)

.eeprom         0x0000000000810000        0x0
 *(.eeprom*)
                0x0000000000810000                __eeprom_end = .

.fuse
 *(.fuse)
 *(.lfuse)
 *(.hfuse)
 *(.efuse)

.lock
 *(.lock*)

.signature
 *(.signature*)

.user_signatures
 *(.user_signatures*)

.stab           0x0000000000000000     0x1404
 *(.stab)
 .stab          0x0000000000000000      0x6cc /usr/lib/gcc/avr/4.8.2/../../../avr/lib/avr5/crtm32.o
 .stab          0x00000000000006cc       0x6c /usr/lib/gcc/avr/4.8.2/../../../avr/lib/avr5/libm.a(fixsfsi.o)
                                         0x78 (size before relaxing)
 .stab          0x0000000000000738      0x240 /usr/lib/gcc/avr/4.8.2/../../../avr/lib/avr5/libm.a(fixunssfsi.o)
                                        0x24c (size before relaxing)
 .stab          0x0000000000000978      0x1d4 /usr/lib/gcc/avr/4.8.2/../../../avr/lib/avr5/libm.a(fp_split3.o)
                                        0x1e0 (size before relaxing)
 .stab          0x0000000000000b4c       0x90 /usr/lib/gcc/avr/4.8.2/../../../avr/lib/avr5/libm.a(fp_zero.o)
                                         0x9c (size before relaxing)
 .stab          0x0000000000000bdc      0x1b0 /usr/lib/gcc/avr/4.8.2/../../../avr/lib/avr5/libc.a(itoa.o)
                                        0x1bc (size before relaxing)
 .stab          0x0000000000000d8c      0x294 /usr/lib/gcc/avr/4.8.2/../../../avr/lib/avr5/libc.a(ltoa.o)
                                        0x2a0 (size before relaxing)
 .stab          0x0000000000001020      0x1e0 /usr/lib/gcc/avr/4.8.2/../../../avr/lib/avr5/libc.a(ultoa.o)
                                        0x1ec (size before relaxing)
 .stab          0x0000000000001200      0x12c /usr/lib/gcc/avr/4.8.2/../../../avr/lib/avr5/libc.a(utoa.o)
                                        0x138 (size before relaxing)
 .stab          0x000000000000132c       0xd8 /usr/lib/gcc/avr/4.8.2/../../../avr/lib/avr5/libc.a(strrev.o)
                                         0xe4 (size before relaxing)

.stabstr        0x0000000000000000      0x209
 *(.stabstr)
 .stabstr       0x0000000000000000      0x209 /usr/lib/gcc/avr/4.8.2/../../../avr/lib/avr5/crtm32.o

.stab.excl
 *(.stab.excl)

.stab.exclstr
 *(.stab.exclstr)

.stab.index
 *(.stab.index)

.stab.indexstr
 *(.stab.indexstr)

.comment        0x0000000000000000       0x11
 *(.comment)
 .comment       0x0000000000000000       0x11 ATmega32A_GCC_DigitalControlAudioSystem_pLibs.o
                                         0x12 (size before relaxing)
 .comment       0x0000000000000000       0x12 24c64.o
 .comment       0x0000000000000000       0x12 ds18x20.o
 .comment       0x0000000000000000       0x12 i2c_twi.o
 .comment       0x0000000000000000       0x12 lcd_hd44780_74hc595.o
 .comment       0x0000000000000000       0x12 pga2310.o
 .comment       0x0000000000000000       0x12 uart.o
 .comment       0x0000000000000000       0x12 spi.o
 .comment       0x0000000000000000       0x12 utility.o
 .comment       0x0000000000000000       0x12 rotation_encoder.o
 .comment       0x0000000000000000       0x12 relay_74hc595.o
 .comment       0x0000000000000000       0x12 ir_sirc.o

.debug
 *(.debug)

.line
 *(.line)

.debug_srcinfo
 *(.debug_srcinfo)

.debug_sfnames
 *(.debug_sfnames)

.debug_aranges  0x0000000000000000      0x188
 *(.debug_aranges)
 .debug_aranges
                0x0000000000000000       0x28 ATmega32A_GCC_DigitalControlAudioSystem_pLibs.o
 .debug_aranges
                0x0000000000000028       0x20 24c64.o
 .debug_aranges
                0x0000000000000048       0x20 ds18x20.o
 .debug_aranges
                0x0000000000000068       0x20 i2c_twi.o
 .debug_aranges
                0x0000000000000088       0x20 lcd_hd44780_74hc595.o
 .debug_aranges
                0x00000000000000a8       0x20 pga2310.o
 .debug_aranges
                0x00000000000000c8       0x20 uart.o
 .debug_aranges
                0x00000000000000e8       0x20 spi.o
 .debug_aranges
                0x0000000000000108       0x20 utility.o
 .debug_aranges
                0x0000000000000128       0x20 rotation_encoder.o
 .debug_aranges
                0x0000000000000148       0x20 relay_74hc595.o
 .debug_aranges
                0x0000000000000168       0x20 ir_sirc.o

.debug_pubnames
 *(.debug_pubnames)

.debug_info     0x0000000000000000     0x40dd
 *(.debug_info)
 .debug_info    0x0000000000000000     0x1805 ATmega32A_GCC_DigitalControlAudioSystem_pLibs.o
 .debug_info    0x0000000000001805      0x33b 24c64.o
 .debug_info    0x0000000000001b40      0x49f ds18x20.o
 .debug_info    0x0000000000001fdf      0x104 i2c_twi.o
 .debug_info    0x00000000000020e3      0xad1 lcd_hd44780_74hc595.o
 .debug_info    0x0000000000002bb4      0x1e5 pga2310.o
 .debug_info    0x0000000000002d99      0x48f uart.o
 .debug_info    0x0000000000003228      0x195 spi.o
 .debug_info    0x00000000000033bd      0x1ff utility.o
 .debug_info    0x00000000000035bc      0x2b3 rotation_encoder.o
 .debug_info    0x000000000000386f      0x466 relay_74hc595.o
 .debug_info    0x0000000000003cd5      0x408 ir_sirc.o
 *(.gnu.linkonce.wi.*)

.debug_abbrev   0x0000000000000000     0x1181
 *(.debug_abbrev)
 .debug_abbrev  0x0000000000000000      0x3f7 ATmega32A_GCC_DigitalControlAudioSystem_pLibs.o
 .debug_abbrev  0x00000000000003f7      0x109 24c64.o
 .debug_abbrev  0x0000000000000500      0x1cf ds18x20.o
 .debug_abbrev  0x00000000000006cf       0xa8 i2c_twi.o
 .debug_abbrev  0x0000000000000777      0x27b lcd_hd44780_74hc595.o
 .debug_abbrev  0x00000000000009f2       0xd5 pga2310.o
 .debug_abbrev  0x0000000000000ac7      0x16a uart.o
 .debug_abbrev  0x0000000000000c31       0xf2 spi.o
 .debug_abbrev  0x0000000000000d23       0xce utility.o
 .debug_abbrev  0x0000000000000df1      0x12f rotation_encoder.o
 .debug_abbrev  0x0000000000000f20      0x163 relay_74hc595.o
 .debug_abbrev  0x0000000000001083       0xfe ir_sirc.o

.debug_line     0x0000000000000000      0xfa1
 *(.debug_line)
 .debug_line    0x0000000000000000      0x473 ATmega32A_GCC_DigitalControlAudioSystem_pLibs.o
 .debug_line    0x0000000000000473       0x8f 24c64.o
 .debug_line    0x0000000000000502      0x137 ds18x20.o
 .debug_line    0x0000000000000639       0x93 i2c_twi.o
 .debug_line    0x00000000000006cc      0x202 lcd_hd44780_74hc595.o
 .debug_line    0x00000000000008ce       0x98 pga2310.o
 .debug_line    0x0000000000000966       0xc9 uart.o
 .debug_line    0x0000000000000a2f       0xb4 spi.o
 .debug_line    0x0000000000000ae3       0xc2 utility.o
 .debug_line    0x0000000000000ba5      0x126 rotation_encoder.o
 .debug_line    0x0000000000000ccb       0xfd relay_74hc595.o
 .debug_line    0x0000000000000dc8      0x1d9 ir_sirc.o

.debug_frame    0x0000000000000000      0xa3c
 *(.debug_frame)
 .debug_frame   0x0000000000000000      0x374 ATmega32A_GCC_DigitalControlAudioSystem_pLibs.o
 .debug_frame   0x0000000000000374       0x50 24c64.o
 .debug_frame   0x00000000000003c4       0xc0 ds18x20.o
 .debug_frame   0x0000000000000484       0x64 i2c_twi.o
 .debug_frame   0x00000000000004e8      0x130 lcd_hd44780_74hc595.o
 .debug_frame   0x0000000000000618       0x50 pga2310.o
 .debug_frame   0x0000000000000668      0x130 uart.o
 .debug_frame   0x0000000000000798       0x84 spi.o
 .debug_frame   0x000000000000081c       0x84 utility.o
 .debug_frame   0x00000000000008a0       0x44 rotation_encoder.o
 .debug_frame   0x00000000000008e4      0x114 relay_74hc595.o
 .debug_frame   0x00000000000009f8       0x44 ir_sirc.o

.debug_str      0x0000000000000000      0xd51
 *(.debug_str)
 .debug_str     0x0000000000000000      0x6dd ATmega32A_GCC_DigitalControlAudioSystem_pLibs.o
                                        0x71c (size before relaxing)
 .debug_str     0x00000000000006dd       0xf0 24c64.o
                                        0x239 (size before relaxing)
 .debug_str     0x00000000000007cd       0x4c ds18x20.o
                                        0x22a (size before relaxing)
 .debug_str     0x0000000000000819       0x32 i2c_twi.o
                                        0x1a9 (size before relaxing)
 .debug_str     0x000000000000084b      0x120 lcd_hd44780_74hc595.o
                                        0x31b (size before relaxing)
 .debug_str     0x000000000000096b       0x6a pga2310.o
                                        0x1d9 (size before relaxing)
 .debug_str     0x00000000000009d5       0xd2 uart.o
                                        0x29b (size before relaxing)
 .debug_str     0x0000000000000aa7       0x79 spi.o
                                        0x1e7 (size before relaxing)
 .debug_str     0x0000000000000b20       0xa0 utility.o
                                        0x202 (size before relaxing)
 .debug_str     0x0000000000000bc0       0x79 rotation_encoder.o
                                        0x23f (size before relaxing)
 .debug_str     0x0000000000000c39       0xdc relay_74hc595.o
                                        0x2d5 (size before relaxing)
 .debug_str     0x0000000000000d15       0x3c ir_sirc.o
                                        0x209 (size before relaxing)

.debug_loc      0x0000000000000000     0x219f
 *(.debug_loc)
 .debug_loc     0x0000000000000000      0xb77 ATmega32A_GCC_DigitalControlAudioSystem_pLibs.o
 .debug_loc     0x0000000000000b77       0x76 24c64.o
 .debug_loc     0x0000000000000bed      0x220 ds18x20.o
 .debug_loc     0x0000000000000e0d       0x67 i2c_twi.o
 .debug_loc     0x0000000000000e74      0x645 lcd_hd44780_74hc595.o
 .debug_loc     0x00000000000014b9       0x87 pga2310.o
 .debug_loc     0x0000000000001540      0x31c uart.o
 .debug_loc     0x000000000000185c       0x35 spi.o
 .debug_loc     0x0000000000001891      0x20a utility.o
 .debug_loc     0x0000000000001a9b      0x15e rotation_encoder.o
 .debug_loc     0x0000000000001bf9       0xea relay_74hc595.o
 .debug_loc     0x0000000000001ce3      0x4bc ir_sirc.o

.debug_macinfo
 *(.debug_macinfo)

.debug_pubtypes
 *(.debug_pubtypes)

.debug_ranges   0x0000000000000000       0x30
 *(.debug_ranges)
 .debug_ranges  0x0000000000000000       0x18 ATmega32A_GCC_DigitalControlAudioSystem_pLibs.o
 .debug_ranges  0x0000000000000018       0x18 spi.o

.debug_macro
 *(.debug_macro)
OUTPUT(ATmega32A_GCC_DigitalControlAudioSystem_pLibs.elf elf32-avr)
LOAD linker stubs
