Archive member included because of file (symbol)

c:/winavr-20100110/bin/../lib/gcc/avr/4.3.3/avr5\libgcc.a(_udivmodqi4.o)
                              utility.o (__udivmodqi4)
c:/winavr-20100110/bin/../lib/gcc/avr/4.3.3/avr5\libgcc.a(_divmodhi4.o)
                              ATmega32A_GCC_DigitalControlAudioSystem_pLibs.o (__divmodhi4)
c:/winavr-20100110/bin/../lib/gcc/avr/4.3.3/avr5\libgcc.a(_exit.o)
                              c:/winavr-20100110/bin/../lib/gcc/avr/4.3.3/../../../../avr/lib/avr5/crtm32.o (exit)
c:/winavr-20100110/bin/../lib/gcc/avr/4.3.3/avr5\libgcc.a(_copy_data.o)
                              ATmega32A_GCC_DigitalControlAudioSystem_pLibs.o (__do_copy_data)
c:/winavr-20100110/bin/../lib/gcc/avr/4.3.3/avr5\libgcc.a(_clear_bss.o)
                              ATmega32A_GCC_DigitalControlAudioSystem_pLibs.o (__do_clear_bss)
c:/winavr-20100110/bin/../lib/gcc/avr/4.3.3/avr5\libgcc.a(_udivmodhi4.o)
                              c:/winavr-20100110/bin/../lib/gcc/avr/4.3.3/avr5\libgcc.a(_divmodhi4.o) (__udivmodhi4)
c:/winavr-20100110/bin/../lib/gcc/avr/4.3.3/../../../../avr/lib/avr5\libc.a(itoa.o)
                              lcd_hd44780_74hc595.o (itoa)
c:/winavr-20100110/bin/../lib/gcc/avr/4.3.3/../../../../avr/lib/avr5\libc.a(ltoa.o)
                              lcd_hd44780_74hc595.o (ltoa)
c:/winavr-20100110/bin/../lib/gcc/avr/4.3.3/../../../../avr/lib/avr5\libc.a(ultoa.o)
                              lcd_hd44780_74hc595.o (ultoa)
c:/winavr-20100110/bin/../lib/gcc/avr/4.3.3/../../../../avr/lib/avr5\libc.a(utoa.o)
                              lcd_hd44780_74hc595.o (utoa)
c:/winavr-20100110/bin/../lib/gcc/avr/4.3.3/../../../../avr/lib/avr5\libc.a(strrev.o)
                              c:/winavr-20100110/bin/../lib/gcc/avr/4.3.3/../../../../avr/lib/avr5\libc.a(itoa.o) (strrev)
c:/winavr-20100110/bin/../lib/gcc/avr/4.3.3/avr5\libgcc.a(_udivmodsi4.o)
                              c:/winavr-20100110/bin/../lib/gcc/avr/4.3.3/../../../../avr/lib/avr5\libc.a(ltoa.o) (__udivmodsi4)

Allocating common symbols
Common symbol       size              file

byte7               0x1               ATmega32A_GCC_DigitalControlAudioSystem_pLibs.o
byte2               0x1               ATmega32A_GCC_DigitalControlAudioSystem_pLibs.o
rows                0x2               lcd_hd44780_74hc595.o
byte3               0x1               ATmega32A_GCC_DigitalControlAudioSystem_pLibs.o
byte6               0x1               ATmega32A_GCC_DigitalControlAudioSystem_pLibs.o
byte1               0x1               ATmega32A_GCC_DigitalControlAudioSystem_pLibs.o
irCommand           0x1               ATmega32A_GCC_DigitalControlAudioSystem_pLibs.o
flagStatusBits      0x2               ATmega32A_GCC_DigitalControlAudioSystem_pLibs.o
byte0               0x1               ATmega32A_GCC_DigitalControlAudioSystem_pLibs.o
byte4               0x1               ATmega32A_GCC_DigitalControlAudioSystem_pLibs.o
cols                0x2               lcd_hd44780_74hc595.o
irAddress           0x1               ATmega32A_GCC_DigitalControlAudioSystem_pLibs.o
byte8               0x1               ATmega32A_GCC_DigitalControlAudioSystem_pLibs.o
irExtended          0x1               ATmega32A_GCC_DigitalControlAudioSystem_pLibs.o
byte9               0x1               ATmega32A_GCC_DigitalControlAudioSystem_pLibs.o
fSB                 0x1               ATmega32A_GCC_DigitalControlAudioSystem_pLibs.o
byte5               0x1               ATmega32A_GCC_DigitalControlAudioSystem_pLibs.o

Memory Configuration

Name             Origin             Length             Attributes
text             0x00000000         0x00020000         xr
data             0x00800060         0x0000ffa0         rw !x
eeprom           0x00810000         0x00010000         rw !x
fuse             0x00820000         0x00000400         rw !x
lock             0x00830000         0x00000400         rw !x
signature        0x00840000         0x00000400         rw !x
*default*        0x00000000         0xffffffff

Linker script and memory map

LOAD c:/winavr-20100110/bin/../lib/gcc/avr/4.3.3/../../../../avr/lib/avr5/crtm32.o
LOAD ATmega32A_GCC_DigitalControlAudioSystem_pLibs.o
LOAD 24c64.o
LOAD ds18x20.o
LOAD i2c_twi.o
LOAD lcd_hd44780_74hc595.o
LOAD pga2310.o
LOAD uart.o
LOAD spi.o
LOAD utility.o
LOAD rotation_encoder.o
LOAD relay_74hc595.o
LOAD ir_sirc.o
LOAD c:/winavr-20100110/bin/../lib/gcc/avr/4.3.3/avr5\libgcc.a
LOAD c:/winavr-20100110/bin/../lib/gcc/avr/4.3.3/../../../../avr/lib/avr5\libc.a
LOAD c:/winavr-20100110/bin/../lib/gcc/avr/4.3.3/avr5\libgcc.a

.hash
 *(.hash)

.dynsym
 *(.dynsym)

.dynstr
 *(.dynstr)

.gnu.version
 *(.gnu.version)

.gnu.version_d
 *(.gnu.version_d)

.gnu.version_r
 *(.gnu.version_r)

.rel.init
 *(.rel.init)

.rela.init
 *(.rela.init)

.rel.text
 *(.rel.text)
 *(.rel.text.*)
 *(.rel.gnu.linkonce.t*)

.rela.text
 *(.rela.text)
 *(.rela.text.*)
 *(.rela.gnu.linkonce.t*)

.rel.fini
 *(.rel.fini)

.rela.fini
 *(.rela.fini)

.rel.rodata
 *(.rel.rodata)
 *(.rel.rodata.*)
 *(.rel.gnu.linkonce.r*)

.rela.rodata
 *(.rela.rodata)
 *(.rela.rodata.*)
 *(.rela.gnu.linkonce.r*)

.rel.data
 *(.rel.data)
 *(.rel.data.*)
 *(.rel.gnu.linkonce.d*)

.rela.data
 *(.rela.data)
 *(.rela.data.*)
 *(.rela.gnu.linkonce.d*)

.rel.ctors
 *(.rel.ctors)

.rela.ctors
 *(.rela.ctors)

.rel.dtors
 *(.rel.dtors)

.rela.dtors
 *(.rela.dtors)

.rel.got
 *(.rel.got)

.rela.got
 *(.rela.got)

.rel.bss
 *(.rel.bss)

.rela.bss
 *(.rela.bss)

.rel.plt
 *(.rel.plt)

.rela.plt
 *(.rela.plt)

.text           0x00000000     0x1690
 *(.vectors)
 .vectors       0x00000000       0x54 c:/winavr-20100110/bin/../lib/gcc/avr/4.3.3/../../../../avr/lib/avr5/crtm32.o
                0x00000000                __vectors
                0x00000000                __vector_default
 *(.vectors)
 *(.progmem.gcc*)
 *(.progmem*)
                0x00000054                . = ALIGN (0x2)
                0x00000054                __trampolines_start = .
 *(.trampolines)
 .trampolines   0x00000054        0x0 linker stubs
 *(.trampolines*)
                0x00000054                __trampolines_end = .
 *(.jumptables)
 *(.jumptables*)
 *(.lowtext)
 *(.lowtext*)
                0x00000054                __ctors_start = .
 *(.ctors)
                0x00000054                __ctors_end = .
                0x00000054                __dtors_start = .
 *(.dtors)
                0x00000054                __dtors_end = .
 SORT(*)(.ctors)
 SORT(*)(.dtors)
 *(.init0)
 .init0         0x00000054        0x0 c:/winavr-20100110/bin/../lib/gcc/avr/4.3.3/../../../../avr/lib/avr5/crtm32.o
                0x00000054                __init
 *(.init0)
 *(.init1)
 *(.init1)
 *(.init2)
 .init2         0x00000054        0xc c:/winavr-20100110/bin/../lib/gcc/avr/4.3.3/../../../../avr/lib/avr5/crtm32.o
 *(.init2)
 *(.init3)
 *(.init3)
 *(.init4)
 .init4         0x00000060       0x16 c:/winavr-20100110/bin/../lib/gcc/avr/4.3.3/avr5\libgcc.a(_copy_data.o)
                0x00000060                __do_copy_data
 .init4         0x00000076       0x10 c:/winavr-20100110/bin/../lib/gcc/avr/4.3.3/avr5\libgcc.a(_clear_bss.o)
                0x00000076                __do_clear_bss
 *(.init4)
 *(.init5)
 *(.init5)
 *(.init6)
 *(.init6)
 *(.init7)
 *(.init7)
 *(.init8)
 *(.init8)
 *(.init9)
 .init9         0x00000086        0x8 c:/winavr-20100110/bin/../lib/gcc/avr/4.3.3/../../../../avr/lib/avr5/crtm32.o
 *(.init9)
 *(.text)
 .text          0x0000008e        0x4 c:/winavr-20100110/bin/../lib/gcc/avr/4.3.3/../../../../avr/lib/avr5/crtm32.o
                0x0000008e                __vector_12
                0x0000008e                __bad_interrupt
                0x0000008e                __vector_6
                0x0000008e                __vector_11
                0x0000008e                __vector_13
                0x0000008e                __vector_17
                0x0000008e                __vector_19
                0x0000008e                __vector_7
                0x0000008e                __vector_9
                0x0000008e                __vector_15
                0x0000008e                __vector_8
                0x0000008e                __vector_14
                0x0000008e                __vector_10
                0x0000008e                __vector_16
                0x0000008e                __vector_18
                0x0000008e                __vector_20
 .text          0x00000092      0x830 ATmega32A_GCC_DigitalControlAudioSystem_pLibs.o
                0x00000092                port_init
                0x000000fc                FAN_PWM_OFF
                0x00000858                __vector_1
                0x0000011c                timer2_off
                0x00000106                timer2_init
                0x00000640                volumeUpdate
                0x000001c0                temperMeasur
                0x00000328                oneWireLeft
                0x000006d6                buttons_press
                0x00000136                __vector_3
                0x00000188                tempDataUartSort
                0x000000ca                timer1_init
                0x000003f0                temperature
                0x000000ec                FAN_PWM_SPEED1
                0x00000596                commonEncoder
                0x00000172                init_all
                0x000000d2                timer1_on_speed1
                0x000000b0                ext0_intrpt_init
                0x00000112                timer2_on
                0x0000015e                __vector_5
                0x000000be                ext0_intrpt_off
                0x000007ce                main
                0x0000014a                __vector_4
                0x00000506                ampliferOn
                0x000000e2                timer1_off
                0x000000c6                ext1_intrpt_init
                0x00000492                ampliferOff
                0x000000b6                ext0_intrpt_on
                0x000000c8                ext2_intrpt_init
                0x00000122                __vector_2
                0x000007e2                irDecode
                0x00000694                volumeProcess
                0x00000260                oneWireRight
 .text          0x000008c2       0xbc 24c64.o
                0x0000090c                eeprom_24c64_write
                0x000008c2                eeprom_24c64_read
                0x00000946                eeprom_24c64_reset
 .text          0x0000097e      0x150 ds18x20.o
                0x00000a76                wait_ready
                0x0000097e                reset
                0x00000a80                read_scratchpad
                0x000009a8                read_bit
                0x000009d6                read_byte
                0x000009c0                write_bit
                0x00000a30                write_byte
 .text          0x00000ace       0x46 i2c_twi.o
                0x00000af0                i2c_write
                0x00000ade                i2c_start
                0x00000aea                i2c_stop
                0x00000afe                i2c_read
                0x00000ace                i2c_init
 .text          0x00000b14      0x302 lcd_hd44780_74hc595.o
                0x00000c5a                LCD_INIT
                0x00000bf2                LCD_EXECUTE_DATA_LAST
                0x00000c4a                LCD_CLEAR_CONTAIN
                0x00000d36                LCD_DATA_ULONG
                0x00000b52                LCD_EXECUTE_DATA
                0x00000dde                LCD_DATA_UINT
                0x00000cca                LCD_CGRAM_CUSTOM_SYMBOLS
                0x00000d6e                LCD_DATA_LONG
                0x00000b14                LCD_EXECUTE_COMMAND
                0x00000c0c                LCD_COMMAND
                0x00000c7c                LCD_DATA_STRING
                0x00000bb4                LCD_EXECUTE_DATA_ONE
                0x00000da6                LCD_DATA_INT
 .text          0x00000e16       0x82 pga2310.o
                0x00000e16                PGA2310_Volume_Update
                0x00000e44                pga2310_init
                0x00000e6e                pga2310_reset
 .text          0x00000e98      0x1a2 uart.o
                0x00000e98                uart_setup
                0x00000f48                transmitUartULong
                0x00000f80                transmitUartInt
                0x00000f08                receiveUart
                0x00000f10                transmitUartLong
                0x00000ea6                uart_transmit
                0x00000ed0                uart_transmit_DEC_to_BCD
                0x00000ff0                uart_init
                0x00000ec8                uart_transmit_one
                0x00000eec                transmitUart
                0x00000ef4                transmitUartString
                0x00000fb8                transmitUartUInt
 .text          0x0000103a       0x58 spi.o
                0x0000103a                spi_init
                0x00001046                spi_start
                0x0000106e                spi_write_more_bytes
                0x0000104c                spi_stop
                0x00001088                spi_read_more_bytes
                0x0000105c                spi_write_two_bytes
                0x00001050                spi_write_one_byte
 .text          0x00001092       0xf8 utility.o
                0x0000110e                shiftLeftInMsbFirst
                0x00001100                shiftRightInLsbFirst
                0x00001092                decToBcd
                0x0000111c                delay_ms
                0x00001140                about
                0x000010b4                bcdToDec
                0x000010c8                shiftRightOutLsbFirst
                0x000010e4                shiftLeftOutMsbFirst
 .text          0x0000118a       0x98 rotation_encoder.o
                0x000011ca                rotaryEncoderVer1
                0x0000120a                rotaryEncoderVer2
                0x0000118a                rotaryEncoderNikBarzakov
 .text          0x00001222       0xc0 relay_74hc595.o
                0x0000125c                relays_in1_6ch
                0x00001254                relays_in1_2ch
                0x000012da                relays_out_init
                0x00001264                relays_in2_2ch
                0x00001224                RELAYS_OUT_INIT
                0x00001226                RELAYS_IN_CHOOSE
                0x000012ca                relays_out_6ch
                0x00001294                RELAYS_OUT_CHOOSE
                0x000012d2                relays_out_off
                0x0000127c                relays_in3_6ch
                0x000012c2                relays_out_1ch
                0x00001284                relays_in_off
                0x00001274                relays_in3_2ch
                0x0000126c                relays_in2_6ch
                0x0000128c                relays_in_init
                0x00001222                RELAYS_IN_INIT
 .text          0x000012e2      0x1c0 ir_sirc.o
                0x000012e2                GetSIRC12
                0x000013ea                GetSIRC20
                0x00001366                GetSIRC15
 .text          0x000014a2        0x0 c:/winavr-20100110/bin/../lib/gcc/avr/4.3.3/avr5\libgcc.a(_udivmodqi4.o)
 .text          0x000014a2        0x0 c:/winavr-20100110/bin/../lib/gcc/avr/4.3.3/avr5\libgcc.a(_divmodhi4.o)
 .text          0x000014a2        0x0 c:/winavr-20100110/bin/../lib/gcc/avr/4.3.3/avr5\libgcc.a(_exit.o)
 .text          0x000014a2        0x0 c:/winavr-20100110/bin/../lib/gcc/avr/4.3.3/avr5\libgcc.a(_copy_data.o)
 .text          0x000014a2        0x0 c:/winavr-20100110/bin/../lib/gcc/avr/4.3.3/avr5\libgcc.a(_clear_bss.o)
 .text          0x000014a2        0x0 c:/winavr-20100110/bin/../lib/gcc/avr/4.3.3/avr5\libgcc.a(_udivmodhi4.o)
 .text          0x000014a2        0x0 c:/winavr-20100110/bin/../lib/gcc/avr/4.3.3/../../../../avr/lib/avr5\libc.a(itoa.o)
 .text          0x000014a2        0x0 c:/winavr-20100110/bin/../lib/gcc/avr/4.3.3/../../../../avr/lib/avr5\libc.a(ltoa.o)
 .text          0x000014a2        0x0 c:/winavr-20100110/bin/../lib/gcc/avr/4.3.3/../../../../avr/lib/avr5\libc.a(ultoa.o)
 .text          0x000014a2        0x0 c:/winavr-20100110/bin/../lib/gcc/avr/4.3.3/../../../../avr/lib/avr5\libc.a(utoa.o)
 .text          0x000014a2        0x0 c:/winavr-20100110/bin/../lib/gcc/avr/4.3.3/../../../../avr/lib/avr5\libc.a(strrev.o)
 .text          0x000014a2        0x0 c:/winavr-20100110/bin/../lib/gcc/avr/4.3.3/avr5\libgcc.a(_udivmodsi4.o)
                0x000014a2                . = ALIGN (0x2)
 *(.text.*)
 .text.libgcc   0x000014a2       0x18 c:/winavr-20100110/bin/../lib/gcc/avr/4.3.3/avr5\libgcc.a(_udivmodqi4.o)
                0x000014a2                __udivmodqi4
 .text.libgcc   0x000014ba       0x26 c:/winavr-20100110/bin/../lib/gcc/avr/4.3.3/avr5\libgcc.a(_divmodhi4.o)
                0x000014ba                __divmodhi4
                0x000014ba                _div
 .text.libgcc   0x000014e0        0x0 c:/winavr-20100110/bin/../lib/gcc/avr/4.3.3/avr5\libgcc.a(_exit.o)
 .text.libgcc   0x000014e0        0x0 c:/winavr-20100110/bin/../lib/gcc/avr/4.3.3/avr5\libgcc.a(_copy_data.o)
 .text.libgcc   0x000014e0        0x0 c:/winavr-20100110/bin/../lib/gcc/avr/4.3.3/avr5\libgcc.a(_clear_bss.o)
 .text.libgcc   0x000014e0       0x28 c:/winavr-20100110/bin/../lib/gcc/avr/4.3.3/avr5\libgcc.a(_udivmodhi4.o)
                0x000014e0                __udivmodhi4
 .text.avr-libc
                0x00001508       0x42 c:/winavr-20100110/bin/../lib/gcc/avr/4.3.3/../../../../avr/lib/avr5\libc.a(itoa.o)
                0x00001508                itoa
 .text.avr-libc
                0x0000154a       0x68 c:/winavr-20100110/bin/../lib/gcc/avr/4.3.3/../../../../avr/lib/avr5\libc.a(ltoa.o)
                0x0000154a                ltoa
 .text.avr-libc
                0x000015b2       0x4a c:/winavr-20100110/bin/../lib/gcc/avr/4.3.3/../../../../avr/lib/avr5\libc.a(ultoa.o)
                0x000015b2                ultoa
 .text.avr-libc
                0x000015fc       0x2c c:/winavr-20100110/bin/../lib/gcc/avr/4.3.3/../../../../avr/lib/avr5\libc.a(utoa.o)
                0x000015fc                utoa
 .text.avr-libc
                0x00001628       0x20 c:/winavr-20100110/bin/../lib/gcc/avr/4.3.3/../../../../avr/lib/avr5\libc.a(strrev.o)
                0x00001628                strrev
 .text.libgcc   0x00001648       0x44 c:/winavr-20100110/bin/../lib/gcc/avr/4.3.3/avr5\libgcc.a(_udivmodsi4.o)
                0x00001648                __udivmodsi4
                0x0000168c                . = ALIGN (0x2)
 *(.fini9)
 .fini9         0x0000168c        0x0 c:/winavr-20100110/bin/../lib/gcc/avr/4.3.3/avr5\libgcc.a(_exit.o)
                0x0000168c                exit
                0x0000168c                _exit
 *(.fini9)
 *(.fini8)
 *(.fini8)
 *(.fini7)
 *(.fini7)
 *(.fini6)
 *(.fini6)
 *(.fini5)
 *(.fini5)
 *(.fini4)
 *(.fini4)
 *(.fini3)
 *(.fini3)
 *(.fini2)
 *(.fini2)
 *(.fini1)
 *(.fini1)
 *(.fini0)
 .fini0         0x0000168c        0x4 c:/winavr-20100110/bin/../lib/gcc/avr/4.3.3/avr5\libgcc.a(_exit.o)
 *(.fini0)
                0x00001690                _etext = .

.data           0x00800060      0x630 load address 0x00001690
                0x00800060                PROVIDE (__data_start, .)
 *(.data)
 .data          0x00800060        0x0 c:/winavr-20100110/bin/../lib/gcc/avr/4.3.3/../../../../avr/lib/avr5/crtm32.o
 .data          0x00800060      0x434 ATmega32A_GCC_DigitalControlAudioSystem_pLibs.o
                0x00800480                volumeValue
 .data          0x00800494        0x0 24c64.o
 .data          0x00800494        0x0 ds18x20.o
 .data          0x00800494        0x0 i2c_twi.o
 .data          0x00800494       0x38 lcd_hd44780_74hc595.o
                0x00800494                symbolGenerator
 .data          0x008004cc        0x0 pga2310.o
 .data          0x008004cc       0x90 uart.o
 .data          0x0080055c        0x0 spi.o
 .data          0x0080055c      0x133 utility.o
 .data          0x0080068f        0x0 rotation_encoder.o
 .data          0x0080068f        0x0 relay_74hc595.o
 .data          0x0080068f        0x0 ir_sirc.o
 .data          0x0080068f        0x0 c:/winavr-20100110/bin/../lib/gcc/avr/4.3.3/avr5\libgcc.a(_udivmodqi4.o)
 .data          0x0080068f        0x0 c:/winavr-20100110/bin/../lib/gcc/avr/4.3.3/avr5\libgcc.a(_divmodhi4.o)
 .data          0x0080068f        0x0 c:/winavr-20100110/bin/../lib/gcc/avr/4.3.3/avr5\libgcc.a(_exit.o)
 .data          0x0080068f        0x0 c:/winavr-20100110/bin/../lib/gcc/avr/4.3.3/avr5\libgcc.a(_copy_data.o)
 .data          0x0080068f        0x0 c:/winavr-20100110/bin/../lib/gcc/avr/4.3.3/avr5\libgcc.a(_clear_bss.o)
 .data          0x0080068f        0x0 c:/winavr-20100110/bin/../lib/gcc/avr/4.3.3/avr5\libgcc.a(_udivmodhi4.o)
 .data          0x0080068f        0x0 c:/winavr-20100110/bin/../lib/gcc/avr/4.3.3/../../../../avr/lib/avr5\libc.a(itoa.o)
 .data          0x0080068f        0x0 c:/winavr-20100110/bin/../lib/gcc/avr/4.3.3/../../../../avr/lib/avr5\libc.a(ltoa.o)
 .data          0x0080068f        0x0 c:/winavr-20100110/bin/../lib/gcc/avr/4.3.3/../../../../avr/lib/avr5\libc.a(ultoa.o)
 .data          0x0080068f        0x0 c:/winavr-20100110/bin/../lib/gcc/avr/4.3.3/../../../../avr/lib/avr5\libc.a(utoa.o)
 .data          0x0080068f        0x0 c:/winavr-20100110/bin/../lib/gcc/avr/4.3.3/../../../../avr/lib/avr5\libc.a(strrev.o)
 .data          0x0080068f        0x0 c:/winavr-20100110/bin/../lib/gcc/avr/4.3.3/avr5\libgcc.a(_udivmodsi4.o)
 *(.data*)
 *(.rodata)
 *(.rodata*)
 *(.gnu.linkonce.d*)
                0x00800690                . = ALIGN (0x2)
 *fill*         0x0080068f        0x1 00
                0x00800690                _edata = .
                0x00800690                PROVIDE (__data_end, .)

.bss            0x00800690       0x2b
                0x00800690                PROVIDE (__bss_start, .)
 *(.bss)
 .bss           0x00800690        0x0 c:/winavr-20100110/bin/../lib/gcc/avr/4.3.3/../../../../avr/lib/avr5/crtm32.o
 .bss           0x00800690        0xd ATmega32A_GCC_DigitalControlAudioSystem_pLibs.o
                0x00800692                store
                0x00800690                volumeIndex
                0x00800691                i
 .bss           0x0080069d        0x0 24c64.o
 .bss           0x0080069d        0xa ds18x20.o
                0x0080069d                scratchpad
 .bss           0x008006a7        0x0 i2c_twi.o
 .bss           0x008006a7        0x0 lcd_hd44780_74hc595.o
 .bss           0x008006a7        0x0 pga2310.o
 .bss           0x008006a7        0x0 uart.o
 .bss           0x008006a7        0x0 spi.o
 .bss           0x008006a7        0x0 utility.o
 .bss           0x008006a7        0x0 rotation_encoder.o
 .bss           0x008006a7        0x0 relay_74hc595.o
 .bss           0x008006a7        0x0 ir_sirc.o
 .bss           0x008006a7        0x0 c:/winavr-20100110/bin/../lib/gcc/avr/4.3.3/avr5\libgcc.a(_udivmodqi4.o)
 .bss           0x008006a7        0x0 c:/winavr-20100110/bin/../lib/gcc/avr/4.3.3/avr5\libgcc.a(_divmodhi4.o)
 .bss           0x008006a7        0x0 c:/winavr-20100110/bin/../lib/gcc/avr/4.3.3/avr5\libgcc.a(_exit.o)
 .bss           0x008006a7        0x0 c:/winavr-20100110/bin/../lib/gcc/avr/4.3.3/avr5\libgcc.a(_copy_data.o)
 .bss           0x008006a7        0x0 c:/winavr-20100110/bin/../lib/gcc/avr/4.3.3/avr5\libgcc.a(_clear_bss.o)
 .bss           0x008006a7        0x0 c:/winavr-20100110/bin/../lib/gcc/avr/4.3.3/avr5\libgcc.a(_udivmodhi4.o)
 .bss           0x008006a7        0x0 c:/winavr-20100110/bin/../lib/gcc/avr/4.3.3/../../../../avr/lib/avr5\libc.a(itoa.o)
 .bss           0x008006a7        0x0 c:/winavr-20100110/bin/../lib/gcc/avr/4.3.3/../../../../avr/lib/avr5\libc.a(ltoa.o)
 .bss           0x008006a7        0x0 c:/winavr-20100110/bin/../lib/gcc/avr/4.3.3/../../../../avr/lib/avr5\libc.a(ultoa.o)
 .bss           0x008006a7        0x0 c:/winavr-20100110/bin/../lib/gcc/avr/4.3.3/../../../../avr/lib/avr5\libc.a(utoa.o)
 .bss           0x008006a7        0x0 c:/winavr-20100110/bin/../lib/gcc/avr/4.3.3/../../../../avr/lib/avr5\libc.a(strrev.o)
 .bss           0x008006a7        0x0 c:/winavr-20100110/bin/../lib/gcc/avr/4.3.3/avr5\libgcc.a(_udivmodsi4.o)
 *(.bss*)
 *(COMMON)
 COMMON         0x008006a7       0x10 ATmega32A_GCC_DigitalControlAudioSystem_pLibs.o
                0x008006a7                byte7
                0x008006a8                byte2
                0x008006a9                byte3
                0x008006aa                byte6
                0x008006ab                byte1
                0x008006ac                irCommand
                0x008006ad                flagStatusBits
                0x008006af                byte0
                0x008006b0                byte4
                0x008006b1                irAddress
                0x008006b2                byte8
                0x008006b3                irExtended
                0x008006b4                byte9
                0x008006b5                fSB
                0x008006b6                byte5
 COMMON         0x008006b7        0x4 lcd_hd44780_74hc595.o
                0x008006b7                rows
                0x008006b9                cols
                0x008006bb                PROVIDE (__bss_end, .)
                0x00001690                __data_load_start = LOADADDR (.data)
                0x00001cc0                __data_load_end = (__data_load_start + SIZEOF (.data))

.noinit         0x008006bb        0x0
                0x008006bb                PROVIDE (__noinit_start, .)
 *(.noinit*)
                0x008006bb                PROVIDE (__noinit_end, .)
                0x008006bb                _end = .
                0x008006bb                PROVIDE (__heap_start, .)

.eeprom         0x00810000        0x0
 *(.eeprom*)
                0x00810000                __eeprom_end = .

.fuse
 *(.fuse)
 *(.lfuse)
 *(.hfuse)
 *(.efuse)

.lock
 *(.lock*)

.signature
 *(.signature*)

.stab
 *(.stab)

.stabstr
 *(.stabstr)

.stab.excl
 *(.stab.excl)

.stab.exclstr
 *(.stab.exclstr)

.stab.index
 *(.stab.index)

.stab.indexstr
 *(.stab.indexstr)

.comment
 *(.comment)

.debug
 *(.debug)

.line
 *(.line)

.debug_srcinfo
 *(.debug_srcinfo)

.debug_sfnames
 *(.debug_sfnames)

.debug_aranges  0x00000000      0x180
 *(.debug_aranges)
 .debug_aranges
                0x00000000       0x20 ATmega32A_GCC_DigitalControlAudioSystem_pLibs.o
 .debug_aranges
                0x00000020       0x20 24c64.o
 .debug_aranges
                0x00000040       0x20 ds18x20.o
 .debug_aranges
                0x00000060       0x20 i2c_twi.o
 .debug_aranges
                0x00000080       0x20 lcd_hd44780_74hc595.o
 .debug_aranges
                0x000000a0       0x20 pga2310.o
 .debug_aranges
                0x000000c0       0x20 uart.o
 .debug_aranges
                0x000000e0       0x20 spi.o
 .debug_aranges
                0x00000100       0x20 utility.o
 .debug_aranges
                0x00000120       0x20 rotation_encoder.o
 .debug_aranges
                0x00000140       0x20 relay_74hc595.o
 .debug_aranges
                0x00000160       0x20 ir_sirc.o

.debug_pubnames
                0x00000000      0xa1e
 *(.debug_pubnames)
 .debug_pubnames
                0x00000000      0x30f ATmega32A_GCC_DigitalControlAudioSystem_pLibs.o
 .debug_pubnames
                0x0000030f       0x56 24c64.o
 .debug_pubnames
                0x00000365       0x86 ds18x20.o
 .debug_pubnames
                0x000003eb       0x55 i2c_twi.o
 .debug_pubnames
                0x00000440      0x144 lcd_hd44780_74hc595.o
 .debug_pubnames
                0x00000584       0x4f pga2310.o
 .debug_pubnames
                0x000005d3      0x100 uart.o
 .debug_pubnames
                0x000006d3       0x9a spi.o
 .debug_pubnames
                0x0000076d       0xa7 utility.o
 .debug_pubnames
                0x00000814       0x5b rotation_encoder.o
 .debug_pubnames
                0x0000086f      0x148 relay_74hc595.o
 .debug_pubnames
                0x000009b7       0x67 ir_sirc.o

.debug_info     0x00000000     0x2d30
 *(.debug_info)
 .debug_info    0x00000000      0x996 ATmega32A_GCC_DigitalControlAudioSystem_pLibs.o
 .debug_info    0x00000996       0xfe 24c64.o
 .debug_info    0x00000a94      0x4a9 ds18x20.o
 .debug_info    0x00000f3d       0xef i2c_twi.o
 .debug_info    0x0000102c      0xa17 lcd_hd44780_74hc595.o
 .debug_info    0x00001a43       0xc2 pga2310.o
 .debug_info    0x00001b05      0x304 uart.o
 .debug_info    0x00001e09      0x177 spi.o
 .debug_info    0x00001f80      0x1ee utility.o
 .debug_info    0x0000216e      0x361 rotation_encoder.o
 .debug_info    0x000024cf      0x404 relay_74hc595.o
 .debug_info    0x000028d3      0x45d ir_sirc.o
 *(.gnu.linkonce.wi.*)

.debug_abbrev   0x00000000      0xd93
 *(.debug_abbrev)
 .debug_abbrev  0x00000000      0x2a2 ATmega32A_GCC_DigitalControlAudioSystem_pLibs.o
 .debug_abbrev  0x000002a2       0x8e 24c64.o
 .debug_abbrev  0x00000330      0x177 ds18x20.o
 .debug_abbrev  0x000004a7       0x8f i2c_twi.o
 .debug_abbrev  0x00000536      0x211 lcd_hd44780_74hc595.o
 .debug_abbrev  0x00000747       0x63 pga2310.o
 .debug_abbrev  0x000007aa      0x146 uart.o
 .debug_abbrev  0x000008f0       0xd5 spi.o
 .debug_abbrev  0x000009c5       0xcd utility.o
 .debug_abbrev  0x00000a92       0xfb rotation_encoder.o
 .debug_abbrev  0x00000b8d      0x10a relay_74hc595.o
 .debug_abbrev  0x00000c97       0xfc ir_sirc.o

.debug_line     0x00000000     0x28c7
 *(.debug_line)
 .debug_line    0x00000000      0xc8a ATmega32A_GCC_DigitalControlAudioSystem_pLibs.o
 .debug_line    0x00000c8a      0x193 24c64.o
 .debug_line    0x00000e1d      0x2f3 ds18x20.o
 .debug_line    0x00001110      0x12b i2c_twi.o
 .debug_line    0x0000123b      0x607 lcd_hd44780_74hc595.o
 .debug_line    0x00001842      0x17f pga2310.o
 .debug_line    0x000019c1      0x25d uart.o
 .debug_line    0x00001c1e      0x187 spi.o
 .debug_line    0x00001da5      0x1e3 utility.o
 .debug_line    0x00001f88      0x1b2 rotation_encoder.o
 .debug_line    0x0000213a      0x336 relay_74hc595.o
 .debug_line    0x00002470      0x457 ir_sirc.o

.debug_frame    0x00000000      0x7d0
 *(.debug_frame)
 .debug_frame   0x00000000      0x220 ATmega32A_GCC_DigitalControlAudioSystem_pLibs.o
 .debug_frame   0x00000220       0x40 24c64.o
 .debug_frame   0x00000260       0x80 ds18x20.o
 .debug_frame   0x000002e0       0x60 i2c_twi.o
 .debug_frame   0x00000340       0xe0 lcd_hd44780_74hc595.o
 .debug_frame   0x00000420       0x40 pga2310.o
 .debug_frame   0x00000460       0xd0 uart.o
 .debug_frame   0x00000530       0x80 spi.o
 .debug_frame   0x000005b0       0x90 utility.o
 .debug_frame   0x00000640       0x40 rotation_encoder.o
 .debug_frame   0x00000680      0x110 relay_74hc595.o
 .debug_frame   0x00000790       0x40 ir_sirc.o

.debug_str      0x00000000      0xb78
 *(.debug_str)
 .debug_str     0x00000000      0x3b3 ATmega32A_GCC_DigitalControlAudioSystem_pLibs.o
                                0x3ec (size before relaxing)
 .debug_str     0x000003b3       0xca 24c64.o
                                0x1b6 (size before relaxing)
 .debug_str     0x0000047d       0x6c ds18x20.o
                                0x1d1 (size before relaxing)
 .debug_str     0x000004e9       0x58 i2c_twi.o
                                0x144 (size before relaxing)
 .debug_str     0x00000541      0x154 lcd_hd44780_74hc595.o
                                0x2ad (size before relaxing)
 .debug_str     0x00000695       0x70 pga2310.o
                                0x157 (size before relaxing)
 .debug_str     0x00000705      0x129 uart.o
                                0x235 (size before relaxing)
 .debug_str     0x0000082e       0x96 spi.o
                                0x182 (size before relaxing)
 .debug_str     0x000008c4       0xa6 utility.o
                                0x1a3 (size before relaxing)
 .debug_str     0x0000096a       0x92 rotation_encoder.o
                                0x1e6 (size before relaxing)
 .debug_str     0x000009fc      0x136 relay_74hc595.o
                                0x285 (size before relaxing)
 .debug_str     0x00000b32       0x46 ir_sirc.o
                                0x1b9 (size before relaxing)

.debug_loc      0x00000000      0xce8
 *(.debug_loc)
 .debug_loc     0x00000000      0x4e7 ATmega32A_GCC_DigitalControlAudioSystem_pLibs.o
 .debug_loc     0x000004e7       0x18 24c64.o
 .debug_loc     0x000004ff       0xfa ds18x20.o
 .debug_loc     0x000005f9       0x31 i2c_twi.o
 .debug_loc     0x0000062a      0x258 lcd_hd44780_74hc595.o
 .debug_loc     0x00000882       0x3c pga2310.o
 .debug_loc     0x000008be       0xed uart.o
 .debug_loc     0x000009ab       0x28 spi.o
 .debug_loc     0x000009d3       0x31 utility.o
 .debug_loc     0x00000a04      0x11a rotation_encoder.o
 .debug_loc     0x00000b1e       0x62 relay_74hc595.o
 .debug_loc     0x00000b80      0x168 ir_sirc.o

.debug_macinfo
 *(.debug_macinfo)
OUTPUT(ATmega32A_GCC_DigitalControlAudioSystem_pLibs.elf elf32-avr)
LOAD linker stubs

.debug_ranges   0x00000000      0x798
 .debug_ranges  0x00000000       0x48 ATmega32A_GCC_DigitalControlAudioSystem_pLibs.o
 .debug_ranges  0x00000048       0x78 ds18x20.o
 .debug_ranges  0x000000c0      0x1f8 lcd_hd44780_74hc595.o
 .debug_ranges  0x000002b8       0x18 uart.o
 .debug_ranges  0x000002d0       0x18 spi.o
 .debug_ranges  0x000002e8      0x4b0 ir_sirc.o
