Archive member included because of file (symbol)

c:/winavr-20100110/bin/../lib/gcc/avr/4.3.3/avr5\libgcc.a(_udivmodqi4.o)
                              utility.o (__udivmodqi4)
c:/winavr-20100110/bin/../lib/gcc/avr/4.3.3/avr5\libgcc.a(_exit.o)
                              c:/winavr-20100110/bin/../lib/gcc/avr/4.3.3/../../../../avr/lib/avr5/crtm32.o (exit)
c:/winavr-20100110/bin/../lib/gcc/avr/4.3.3/avr5\libgcc.a(_copy_data.o)
                              ATmega32A_GCC_DigitalControlAudioSystem_pLibs.o (__do_copy_data)
c:/winavr-20100110/bin/../lib/gcc/avr/4.3.3/avr5\libgcc.a(_clear_bss.o)
                              ATmega32A_GCC_DigitalControlAudioSystem_pLibs.o (__do_clear_bss)
c:/winavr-20100110/bin/../lib/gcc/avr/4.3.3/../../../../avr/lib/avr5\libc.a(itoa.o)
                              lcd_hd44780_74hc595.o (itoa)
c:/winavr-20100110/bin/../lib/gcc/avr/4.3.3/../../../../avr/lib/avr5\libc.a(ltoa.o)
                              lcd_hd44780_74hc595.o (ltoa)
c:/winavr-20100110/bin/../lib/gcc/avr/4.3.3/../../../../avr/lib/avr5\libc.a(ultoa.o)
                              lcd_hd44780_74hc595.o (ultoa)
c:/winavr-20100110/bin/../lib/gcc/avr/4.3.3/../../../../avr/lib/avr5\libc.a(utoa.o)
                              lcd_hd44780_74hc595.o (utoa)
c:/winavr-20100110/bin/../lib/gcc/avr/4.3.3/../../../../avr/lib/avr5\libc.a(strrev.o)
                              c:/winavr-20100110/bin/../lib/gcc/avr/4.3.3/../../../../avr/lib/avr5\libc.a(itoa.o) (strrev)
c:/winavr-20100110/bin/../lib/gcc/avr/4.3.3/avr5\libgcc.a(_udivmodhi4.o)
                              c:/winavr-20100110/bin/../lib/gcc/avr/4.3.3/../../../../avr/lib/avr5\libc.a(itoa.o) (__udivmodhi4)
c:/winavr-20100110/bin/../lib/gcc/avr/4.3.3/avr5\libgcc.a(_udivmodsi4.o)
                              c:/winavr-20100110/bin/../lib/gcc/avr/4.3.3/../../../../avr/lib/avr5\libc.a(ltoa.o) (__udivmodsi4)

Allocating common symbols
Common symbol       size              file

rows                0x2               lcd_hd44780_74hc595.o
irCommand           0x1               ATmega32A_GCC_DigitalControlAudioSystem_pLibs.o
flagStatusBits      0x2               ATmega32A_GCC_DigitalControlAudioSystem_pLibs.o
irExtened           0x1               ATmega32A_GCC_DigitalControlAudioSystem_pLibs.o
cols                0x2               lcd_hd44780_74hc595.o
irAddress           0x1               ATmega32A_GCC_DigitalControlAudioSystem_pLibs.o
fSB                 0x1               ATmega32A_GCC_DigitalControlAudioSystem_pLibs.o

Memory Configuration

Name             Origin             Length             Attributes
text             0x00000000         0x00020000         xr
data             0x00800060         0x0000ffa0         rw !x
eeprom           0x00810000         0x00010000         rw !x
fuse             0x00820000         0x00000400         rw !x
lock             0x00830000         0x00000400         rw !x
signature        0x00840000         0x00000400         rw !x
*default*        0x00000000         0xffffffff

Linker script and memory map

LOAD c:/winavr-20100110/bin/../lib/gcc/avr/4.3.3/../../../../avr/lib/avr5/crtm32.o
LOAD ATmega32A_GCC_DigitalControlAudioSystem_pLibs.o
LOAD 24c64.o
LOAD ds18x20.o
LOAD i2c_twi.o
LOAD lcd_hd44780_74hc595.o
LOAD pga2310.o
LOAD uart.o
LOAD spi.o
LOAD utility.o
LOAD rotation_encoder.o
LOAD relay_74hc595.o
LOAD c:/winavr-20100110/bin/../lib/gcc/avr/4.3.3/avr5\libgcc.a
LOAD c:/winavr-20100110/bin/../lib/gcc/avr/4.3.3/../../../../avr/lib/avr5\libc.a
LOAD c:/winavr-20100110/bin/../lib/gcc/avr/4.3.3/avr5\libgcc.a

.hash
 *(.hash)

.dynsym
 *(.dynsym)

.dynstr
 *(.dynstr)

.gnu.version
 *(.gnu.version)

.gnu.version_d
 *(.gnu.version_d)

.gnu.version_r
 *(.gnu.version_r)

.rel.init
 *(.rel.init)

.rela.init
 *(.rela.init)

.rel.text
 *(.rel.text)
 *(.rel.text.*)
 *(.rel.gnu.linkonce.t*)

.rela.text
 *(.rela.text)
 *(.rela.text.*)
 *(.rela.gnu.linkonce.t*)

.rel.fini
 *(.rel.fini)

.rela.fini
 *(.rela.fini)

.rel.rodata
 *(.rel.rodata)
 *(.rel.rodata.*)
 *(.rel.gnu.linkonce.r*)

.rela.rodata
 *(.rela.rodata)
 *(.rela.rodata.*)
 *(.rela.gnu.linkonce.r*)

.rel.data
 *(.rel.data)
 *(.rel.data.*)
 *(.rel.gnu.linkonce.d*)

.rela.data
 *(.rela.data)
 *(.rela.data.*)
 *(.rela.gnu.linkonce.d*)

.rel.ctors
 *(.rel.ctors)

.rela.ctors
 *(.rela.ctors)

.rel.dtors
 *(.rel.dtors)

.rela.dtors
 *(.rela.dtors)

.rel.got
 *(.rel.got)

.rela.got
 *(.rela.got)

.rel.bss
 *(.rel.bss)

.rela.bss
 *(.rela.bss)

.rel.plt
 *(.rel.plt)

.rela.plt
 *(.rela.plt)

.text           0x00000000     0x108e
 *(.vectors)
 .vectors       0x00000000       0x54 c:/winavr-20100110/bin/../lib/gcc/avr/4.3.3/../../../../avr/lib/avr5/crtm32.o
                0x00000000                __vectors
                0x00000000                __vector_default
 *(.vectors)
 *(.progmem.gcc*)
 *(.progmem*)
                0x00000054                . = ALIGN (0x2)
                0x00000054                __trampolines_start = .
 *(.trampolines)
 .trampolines   0x00000054        0x0 linker stubs
 *(.trampolines*)
                0x00000054                __trampolines_end = .
 *(.jumptables)
 *(.jumptables*)
 *(.lowtext)
 *(.lowtext*)
                0x00000054                __ctors_start = .
 *(.ctors)
                0x00000054                __ctors_end = .
                0x00000054                __dtors_start = .
 *(.dtors)
                0x00000054                __dtors_end = .
 SORT(*)(.ctors)
 SORT(*)(.dtors)
 *(.init0)
 .init0         0x00000054        0x0 c:/winavr-20100110/bin/../lib/gcc/avr/4.3.3/../../../../avr/lib/avr5/crtm32.o
                0x00000054                __init
 *(.init0)
 *(.init1)
 *(.init1)
 *(.init2)
 .init2         0x00000054        0xc c:/winavr-20100110/bin/../lib/gcc/avr/4.3.3/../../../../avr/lib/avr5/crtm32.o
 *(.init2)
 *(.init3)
 *(.init3)
 *(.init4)
 .init4         0x00000060       0x16 c:/winavr-20100110/bin/../lib/gcc/avr/4.3.3/avr5\libgcc.a(_copy_data.o)
                0x00000060                __do_copy_data
 .init4         0x00000076       0x10 c:/winavr-20100110/bin/../lib/gcc/avr/4.3.3/avr5\libgcc.a(_clear_bss.o)
                0x00000076                __do_clear_bss
 *(.init4)
 *(.init5)
 *(.init5)
 *(.init6)
 *(.init6)
 *(.init7)
 *(.init7)
 *(.init8)
 *(.init8)
 *(.init9)
 .init9         0x00000086        0x8 c:/winavr-20100110/bin/../lib/gcc/avr/4.3.3/../../../../avr/lib/avr5/crtm32.o
 *(.init9)
 *(.text)
 .text          0x0000008e        0x4 c:/winavr-20100110/bin/../lib/gcc/avr/4.3.3/../../../../avr/lib/avr5/crtm32.o
                0x0000008e                __vector_12
                0x0000008e                __bad_interrupt
                0x0000008e                __vector_6
                0x0000008e                __vector_11
                0x0000008e                __vector_13
                0x0000008e                __vector_17
                0x0000008e                __vector_19
                0x0000008e                __vector_7
                0x0000008e                __vector_9
                0x0000008e                __vector_15
                0x0000008e                __vector_8
                0x0000008e                __vector_14
                0x0000008e                __vector_10
                0x0000008e                __vector_16
                0x0000008e                __vector_18
                0x0000008e                __vector_20
 .text          0x00000092      0x414 ATmega32A_GCC_DigitalControlAudioSystem_pLibs.o
                0x00000092                port_init
                0x000000cc                __vector_1
                0x000000c6                timer2_off
                0x000000b0                timer2_init
                0x000001f8                volumeUpdate
                0x00000380                buttons_press
                0x000000f4                __vector_3
                0x0000024c                volumeEncoder
                0x0000014e                commonEncoder
                0x00000130                init_all
                0x000000bc                timer2_on
                0x0000011c                __vector_5
                0x00000498                main
                0x00000108                __vector_4
                0x00000300                ampliferOn
                0x0000028e                ampliferOff
                0x000000e0                __vector_2
 .text          0x000004a6       0xbc 24c64.o
                0x000004f0                eeprom_24c64_write
                0x000004a6                eeprom_24c64_read
                0x0000052a                eeprom_24c64_reset
 .text          0x00000562      0x150 ds18x20.o
                0x0000065a                wait_ready
                0x00000562                reset
                0x00000664                read_scratchpad
                0x0000058c                read_bit
                0x000005ba                read_byte
                0x000005a4                write_bit
                0x00000614                write_byte
 .text          0x000006b2       0x46 i2c_twi.o
                0x000006d4                i2c_write
                0x000006c2                i2c_start
                0x000006ce                i2c_stop
                0x000006e2                i2c_read
                0x000006b2                i2c_init
 .text          0x000006f8      0x302 lcd_hd44780_74hc595.o
                0x0000083e                LCD_INIT
                0x000007d6                LCD_EXECUTE_DATA_LAST
                0x0000082e                LCD_CLEAR_CONTAIN
                0x0000091a                LCD_DATA_ULONG
                0x00000736                LCD_EXECUTE_DATA
                0x000009c2                LCD_DATA_UINT
                0x000008ae                LCD_CGRAM_CUSTOM_SYMBOLS
                0x00000952                LCD_DATA_LONG
                0x000006f8                LCD_EXECUTE_COMMAND
                0x000007f0                LCD_COMMAND
                0x00000860                LCD_DATA_STRING
                0x00000798                LCD_EXECUTE_DATA_ONE
                0x0000098a                LCD_DATA_INT
 .text          0x000009fa       0x82 pga2310.o
                0x000009fa                PGA2310_Volume_Update
                0x00000a28                pga2310_init
                0x00000a52                pga2310_reset
 .text          0x00000a7c      0x1a2 uart.o
                0x00000a7c                uart_setup
                0x00000b2c                transmitUartULong
                0x00000b64                transmitUartInt
                0x00000aec                receiveUart
                0x00000af4                transmitUartLong
                0x00000a8a                uart_transmit
                0x00000ab4                uart_transmit_DEC_to_BCD
                0x00000bd4                uart_init
                0x00000aac                uart_transmit_one
                0x00000ad0                transmitUart
                0x00000ad8                transmitUartString
                0x00000b9c                transmitUartUInt
 .text          0x00000c1e       0x58 spi.o
                0x00000c1e                spi_init
                0x00000c2a                spi_start
                0x00000c52                spi_write_more_bytes
                0x00000c30                spi_stop
                0x00000c6c                spi_read_more_bytes
                0x00000c40                spi_write_two_bytes
                0x00000c34                spi_write_one_byte
 .text          0x00000c76       0xf8 utility.o
                0x00000cf2                shiftLeftInMsbFirst
                0x00000ce4                shiftRightInLsbFirst
                0x00000c76                decToBcd
                0x00000d00                delay_ms
                0x00000d24                about
                0x00000c98                bcdToDec
                0x00000cac                shiftRightOutLsbFirst
                0x00000cc8                shiftLeftOutMsbFirst
 .text          0x00000d6e       0x98 rotation_encoder.o
                0x00000dae                rotaryEncoderVer1
                0x00000dee                rotaryEncoderVer2
                0x00000d6e                rotaryEncoderNikBarzakov
 .text          0x00000e06       0xc0 relay_74hc595.o
                0x00000e40                relays_in1_6ch
                0x00000e38                relays_in1_2ch
                0x00000ebe                relays_out_init
                0x00000e48                relays_in2_2ch
                0x00000e08                RELAYS_OUT_INIT
                0x00000e0a                RELAYS_IN_CHOOSE
                0x00000eae                relays_out_6ch
                0x00000e78                RELAYS_OUT_CHOOSE
                0x00000eb6                relays_out_off
                0x00000e60                relays_in3_6ch
                0x00000ea6                relays_out_1ch
                0x00000e68                relays_in_off
                0x00000e58                relays_in3_2ch
                0x00000e50                relays_in2_6ch
                0x00000e70                relays_in_init
                0x00000e06                RELAYS_IN_INIT
 .text          0x00000ec6        0x0 c:/winavr-20100110/bin/../lib/gcc/avr/4.3.3/avr5\libgcc.a(_udivmodqi4.o)
 .text          0x00000ec6        0x0 c:/winavr-20100110/bin/../lib/gcc/avr/4.3.3/avr5\libgcc.a(_exit.o)
 .text          0x00000ec6        0x0 c:/winavr-20100110/bin/../lib/gcc/avr/4.3.3/avr5\libgcc.a(_copy_data.o)
 .text          0x00000ec6        0x0 c:/winavr-20100110/bin/../lib/gcc/avr/4.3.3/avr5\libgcc.a(_clear_bss.o)
 .text          0x00000ec6        0x0 c:/winavr-20100110/bin/../lib/gcc/avr/4.3.3/../../../../avr/lib/avr5\libc.a(itoa.o)
 .text          0x00000ec6        0x0 c:/winavr-20100110/bin/../lib/gcc/avr/4.3.3/../../../../avr/lib/avr5\libc.a(ltoa.o)
 .text          0x00000ec6        0x0 c:/winavr-20100110/bin/../lib/gcc/avr/4.3.3/../../../../avr/lib/avr5\libc.a(ultoa.o)
 .text          0x00000ec6        0x0 c:/winavr-20100110/bin/../lib/gcc/avr/4.3.3/../../../../avr/lib/avr5\libc.a(utoa.o)
 .text          0x00000ec6        0x0 c:/winavr-20100110/bin/../lib/gcc/avr/4.3.3/../../../../avr/lib/avr5\libc.a(strrev.o)
 .text          0x00000ec6        0x0 c:/winavr-20100110/bin/../lib/gcc/avr/4.3.3/avr5\libgcc.a(_udivmodhi4.o)
 .text          0x00000ec6        0x0 c:/winavr-20100110/bin/../lib/gcc/avr/4.3.3/avr5\libgcc.a(_udivmodsi4.o)
                0x00000ec6                . = ALIGN (0x2)
 *(.text.*)
 .text.libgcc   0x00000ec6       0x18 c:/winavr-20100110/bin/../lib/gcc/avr/4.3.3/avr5\libgcc.a(_udivmodqi4.o)
                0x00000ec6                __udivmodqi4
 .text.libgcc   0x00000ede        0x0 c:/winavr-20100110/bin/../lib/gcc/avr/4.3.3/avr5\libgcc.a(_exit.o)
 .text.libgcc   0x00000ede        0x0 c:/winavr-20100110/bin/../lib/gcc/avr/4.3.3/avr5\libgcc.a(_copy_data.o)
 .text.libgcc   0x00000ede        0x0 c:/winavr-20100110/bin/../lib/gcc/avr/4.3.3/avr5\libgcc.a(_clear_bss.o)
 .text.avr-libc
                0x00000ede       0x42 c:/winavr-20100110/bin/../lib/gcc/avr/4.3.3/../../../../avr/lib/avr5\libc.a(itoa.o)
                0x00000ede                itoa
 .text.avr-libc
                0x00000f20       0x68 c:/winavr-20100110/bin/../lib/gcc/avr/4.3.3/../../../../avr/lib/avr5\libc.a(ltoa.o)
                0x00000f20                ltoa
 .text.avr-libc
                0x00000f88       0x4a c:/winavr-20100110/bin/../lib/gcc/avr/4.3.3/../../../../avr/lib/avr5\libc.a(ultoa.o)
                0x00000f88                ultoa
 .text.avr-libc
                0x00000fd2       0x2c c:/winavr-20100110/bin/../lib/gcc/avr/4.3.3/../../../../avr/lib/avr5\libc.a(utoa.o)
                0x00000fd2                utoa
 .text.avr-libc
                0x00000ffe       0x20 c:/winavr-20100110/bin/../lib/gcc/avr/4.3.3/../../../../avr/lib/avr5\libc.a(strrev.o)
                0x00000ffe                strrev
 .text.libgcc   0x0000101e       0x28 c:/winavr-20100110/bin/../lib/gcc/avr/4.3.3/avr5\libgcc.a(_udivmodhi4.o)
                0x0000101e                __udivmodhi4
 .text.libgcc   0x00001046       0x44 c:/winavr-20100110/bin/../lib/gcc/avr/4.3.3/avr5\libgcc.a(_udivmodsi4.o)
                0x00001046                __udivmodsi4
                0x0000108a                . = ALIGN (0x2)
 *(.fini9)
 .fini9         0x0000108a        0x0 c:/winavr-20100110/bin/../lib/gcc/avr/4.3.3/avr5\libgcc.a(_exit.o)
                0x0000108a                exit
                0x0000108a                _exit
 *(.fini9)
 *(.fini8)
 *(.fini8)
 *(.fini7)
 *(.fini7)
 *(.fini6)
 *(.fini6)
 *(.fini5)
 *(.fini5)
 *(.fini4)
 *(.fini4)
 *(.fini3)
 *(.fini3)
 *(.fini2)
 *(.fini2)
 *(.fini1)
 *(.fini1)
 *(.fini0)
 .fini0         0x0000108a        0x4 c:/winavr-20100110/bin/../lib/gcc/avr/4.3.3/avr5\libgcc.a(_exit.o)
 *(.fini0)
                0x0000108e                _etext = .

.data           0x00800060      0x476 load address 0x0000108e
                0x00800060                PROVIDE (__data_start, .)
 *(.data)
 .data          0x00800060        0x0 c:/winavr-20100110/bin/../lib/gcc/avr/4.3.3/../../../../avr/lib/avr5/crtm32.o
 .data          0x00800060      0x27b ATmega32A_GCC_DigitalControlAudioSystem_pLibs.o
                0x008002c7                volumeValue
 .data          0x008002db        0x0 24c64.o
 .data          0x008002db        0x0 ds18x20.o
 .data          0x008002db        0x0 i2c_twi.o
 .data          0x008002db       0x38 lcd_hd44780_74hc595.o
                0x008002db                symbolGenerator
 .data          0x00800313        0x0 pga2310.o
 .data          0x00800313       0x90 uart.o
 .data          0x008003a3        0x0 spi.o
 .data          0x008003a3      0x133 utility.o
 .data          0x008004d6        0x0 rotation_encoder.o
 .data          0x008004d6        0x0 relay_74hc595.o
 .data          0x008004d6        0x0 c:/winavr-20100110/bin/../lib/gcc/avr/4.3.3/avr5\libgcc.a(_udivmodqi4.o)
 .data          0x008004d6        0x0 c:/winavr-20100110/bin/../lib/gcc/avr/4.3.3/avr5\libgcc.a(_exit.o)
 .data          0x008004d6        0x0 c:/winavr-20100110/bin/../lib/gcc/avr/4.3.3/avr5\libgcc.a(_copy_data.o)
 .data          0x008004d6        0x0 c:/winavr-20100110/bin/../lib/gcc/avr/4.3.3/avr5\libgcc.a(_clear_bss.o)
 .data          0x008004d6        0x0 c:/winavr-20100110/bin/../lib/gcc/avr/4.3.3/../../../../avr/lib/avr5\libc.a(itoa.o)
 .data          0x008004d6        0x0 c:/winavr-20100110/bin/../lib/gcc/avr/4.3.3/../../../../avr/lib/avr5\libc.a(ltoa.o)
 .data          0x008004d6        0x0 c:/winavr-20100110/bin/../lib/gcc/avr/4.3.3/../../../../avr/lib/avr5\libc.a(ultoa.o)
 .data          0x008004d6        0x0 c:/winavr-20100110/bin/../lib/gcc/avr/4.3.3/../../../../avr/lib/avr5\libc.a(utoa.o)
 .data          0x008004d6        0x0 c:/winavr-20100110/bin/../lib/gcc/avr/4.3.3/../../../../avr/lib/avr5\libc.a(strrev.o)
 .data          0x008004d6        0x0 c:/winavr-20100110/bin/../lib/gcc/avr/4.3.3/avr5\libgcc.a(_udivmodhi4.o)
 .data          0x008004d6        0x0 c:/winavr-20100110/bin/../lib/gcc/avr/4.3.3/avr5\libgcc.a(_udivmodsi4.o)
 *(.data*)
 *(.rodata)
 *(.rodata*)
 *(.gnu.linkonce.d*)
                0x008004d6                . = ALIGN (0x2)
                0x008004d6                _edata = .
                0x008004d6                PROVIDE (__data_end, .)

.bss            0x008004d6       0x16
                0x008004d6                PROVIDE (__bss_start, .)
 *(.bss)
 .bss           0x008004d6        0x0 c:/winavr-20100110/bin/../lib/gcc/avr/4.3.3/../../../../avr/lib/avr5/crtm32.o
 .bss           0x008004d6        0x2 ATmega32A_GCC_DigitalControlAudioSystem_pLibs.o
                0x008004d6                volumeIndex
 .bss           0x008004d8        0x0 24c64.o
 .bss           0x008004d8        0xa ds18x20.o
                0x008004d8                scratchpad
 .bss           0x008004e2        0x0 i2c_twi.o
 .bss           0x008004e2        0x0 lcd_hd44780_74hc595.o
 .bss           0x008004e2        0x0 pga2310.o
 .bss           0x008004e2        0x0 uart.o
 .bss           0x008004e2        0x0 spi.o
 .bss           0x008004e2        0x0 utility.o
 .bss           0x008004e2        0x0 rotation_encoder.o
 .bss           0x008004e2        0x0 relay_74hc595.o
 .bss           0x008004e2        0x0 c:/winavr-20100110/bin/../lib/gcc/avr/4.3.3/avr5\libgcc.a(_udivmodqi4.o)
 .bss           0x008004e2        0x0 c:/winavr-20100110/bin/../lib/gcc/avr/4.3.3/avr5\libgcc.a(_exit.o)
 .bss           0x008004e2        0x0 c:/winavr-20100110/bin/../lib/gcc/avr/4.3.3/avr5\libgcc.a(_copy_data.o)
 .bss           0x008004e2        0x0 c:/winavr-20100110/bin/../lib/gcc/avr/4.3.3/avr5\libgcc.a(_clear_bss.o)
 .bss           0x008004e2        0x0 c:/winavr-20100110/bin/../lib/gcc/avr/4.3.3/../../../../avr/lib/avr5\libc.a(itoa.o)
 .bss           0x008004e2        0x0 c:/winavr-20100110/bin/../lib/gcc/avr/4.3.3/../../../../avr/lib/avr5\libc.a(ltoa.o)
 .bss           0x008004e2        0x0 c:/winavr-20100110/bin/../lib/gcc/avr/4.3.3/../../../../avr/lib/avr5\libc.a(ultoa.o)
 .bss           0x008004e2        0x0 c:/winavr-20100110/bin/../lib/gcc/avr/4.3.3/../../../../avr/lib/avr5\libc.a(utoa.o)
 .bss           0x008004e2        0x0 c:/winavr-20100110/bin/../lib/gcc/avr/4.3.3/../../../../avr/lib/avr5\libc.a(strrev.o)
 .bss           0x008004e2        0x0 c:/winavr-20100110/bin/../lib/gcc/avr/4.3.3/avr5\libgcc.a(_udivmodhi4.o)
 .bss           0x008004e2        0x0 c:/winavr-20100110/bin/../lib/gcc/avr/4.3.3/avr5\libgcc.a(_udivmodsi4.o)
 *(.bss*)
 *(COMMON)
 COMMON         0x008004e2        0x6 ATmega32A_GCC_DigitalControlAudioSystem_pLibs.o
                0x008004e2                irCommand
                0x008004e3                flagStatusBits
                0x008004e5                irExtened
                0x008004e6                irAddress
                0x008004e7                fSB
 COMMON         0x008004e8        0x4 lcd_hd44780_74hc595.o
                0x008004e8                rows
                0x008004ea                cols
                0x008004ec                PROVIDE (__bss_end, .)
                0x0000108e                __data_load_start = LOADADDR (.data)
                0x00001504                __data_load_end = (__data_load_start + SIZEOF (.data))

.noinit         0x008004ec        0x0
                0x008004ec                PROVIDE (__noinit_start, .)
 *(.noinit*)
                0x008004ec                PROVIDE (__noinit_end, .)
                0x008004ec                _end = .
                0x008004ec                PROVIDE (__heap_start, .)

.eeprom         0x00810000        0x0
 *(.eeprom*)
                0x00810000                __eeprom_end = .

.fuse
 *(.fuse)
 *(.lfuse)
 *(.hfuse)
 *(.efuse)

.lock
 *(.lock*)

.signature
 *(.signature*)

.stab
 *(.stab)

.stabstr
 *(.stabstr)

.stab.excl
 *(.stab.excl)

.stab.exclstr
 *(.stab.exclstr)

.stab.index
 *(.stab.index)

.stab.indexstr
 *(.stab.indexstr)

.comment
 *(.comment)

.debug
 *(.debug)

.line
 *(.line)

.debug_srcinfo
 *(.debug_srcinfo)

.debug_sfnames
 *(.debug_sfnames)

.debug_aranges  0x00000000      0x160
 *(.debug_aranges)
 .debug_aranges
                0x00000000       0x20 ATmega32A_GCC_DigitalControlAudioSystem_pLibs.o
 .debug_aranges
                0x00000020       0x20 24c64.o
 .debug_aranges
                0x00000040       0x20 ds18x20.o
 .debug_aranges
                0x00000060       0x20 i2c_twi.o
 .debug_aranges
                0x00000080       0x20 lcd_hd44780_74hc595.o
 .debug_aranges
                0x000000a0       0x20 pga2310.o
 .debug_aranges
                0x000000c0       0x20 uart.o
 .debug_aranges
                0x000000e0       0x20 spi.o
 .debug_aranges
                0x00000100       0x20 utility.o
 .debug_aranges
                0x00000120       0x20 rotation_encoder.o
 .debug_aranges
                0x00000140       0x20 relay_74hc595.o

.debug_pubnames
                0x00000000      0x821
 *(.debug_pubnames)
 .debug_pubnames
                0x00000000      0x179 ATmega32A_GCC_DigitalControlAudioSystem_pLibs.o
 .debug_pubnames
                0x00000179       0x56 24c64.o
 .debug_pubnames
                0x000001cf       0x86 ds18x20.o
 .debug_pubnames
                0x00000255       0x55 i2c_twi.o
 .debug_pubnames
                0x000002aa      0x144 lcd_hd44780_74hc595.o
 .debug_pubnames
                0x000003ee       0x4f pga2310.o
 .debug_pubnames
                0x0000043d      0x100 uart.o
 .debug_pubnames
                0x0000053d       0x9a spi.o
 .debug_pubnames
                0x000005d7       0xa7 utility.o
 .debug_pubnames
                0x0000067e       0x5b rotation_encoder.o
 .debug_pubnames
                0x000006d9      0x148 relay_74hc595.o

.debug_info     0x00000000     0x2541
 *(.debug_info)
 .debug_info    0x00000000      0x604 ATmega32A_GCC_DigitalControlAudioSystem_pLibs.o
 .debug_info    0x00000604       0xfe 24c64.o
 .debug_info    0x00000702      0x4a9 ds18x20.o
 .debug_info    0x00000bab       0xef i2c_twi.o
 .debug_info    0x00000c9a      0xa17 lcd_hd44780_74hc595.o
 .debug_info    0x000016b1       0xc2 pga2310.o
 .debug_info    0x00001773      0x304 uart.o
 .debug_info    0x00001a77      0x177 spi.o
 .debug_info    0x00001bee      0x1ee utility.o
 .debug_info    0x00001ddc      0x361 rotation_encoder.o
 .debug_info    0x0000213d      0x404 relay_74hc595.o
 *(.gnu.linkonce.wi.*)

.debug_abbrev   0x00000000      0xbca
 *(.debug_abbrev)
 .debug_abbrev  0x00000000      0x1d5 ATmega32A_GCC_DigitalControlAudioSystem_pLibs.o
 .debug_abbrev  0x000001d5       0x8e 24c64.o
 .debug_abbrev  0x00000263      0x177 ds18x20.o
 .debug_abbrev  0x000003da       0x8f i2c_twi.o
 .debug_abbrev  0x00000469      0x211 lcd_hd44780_74hc595.o
 .debug_abbrev  0x0000067a       0x63 pga2310.o
 .debug_abbrev  0x000006dd      0x146 uart.o
 .debug_abbrev  0x00000823       0xd5 spi.o
 .debug_abbrev  0x000008f8       0xcd utility.o
 .debug_abbrev  0x000009c5       0xfb rotation_encoder.o
 .debug_abbrev  0x00000ac0      0x10a relay_74hc595.o

.debug_line     0x00000000     0x1f4a
 *(.debug_line)
 .debug_line    0x00000000      0x764 ATmega32A_GCC_DigitalControlAudioSystem_pLibs.o
 .debug_line    0x00000764      0x193 24c64.o
 .debug_line    0x000008f7      0x2f3 ds18x20.o
 .debug_line    0x00000bea      0x12b i2c_twi.o
 .debug_line    0x00000d15      0x607 lcd_hd44780_74hc595.o
 .debug_line    0x0000131c      0x17f pga2310.o
 .debug_line    0x0000149b      0x25d uart.o
 .debug_line    0x000016f8      0x187 spi.o
 .debug_line    0x0000187f      0x1e3 utility.o
 .debug_line    0x00001a62      0x1b2 rotation_encoder.o
 .debug_line    0x00001c14      0x336 relay_74hc595.o

.debug_frame    0x00000000      0x690
 *(.debug_frame)
 .debug_frame   0x00000000      0x120 ATmega32A_GCC_DigitalControlAudioSystem_pLibs.o
 .debug_frame   0x00000120       0x40 24c64.o
 .debug_frame   0x00000160       0x80 ds18x20.o
 .debug_frame   0x000001e0       0x60 i2c_twi.o
 .debug_frame   0x00000240       0xe0 lcd_hd44780_74hc595.o
 .debug_frame   0x00000320       0x40 pga2310.o
 .debug_frame   0x00000360       0xd0 uart.o
 .debug_frame   0x00000430       0x80 spi.o
 .debug_frame   0x000004b0       0x90 utility.o
 .debug_frame   0x00000540       0x40 rotation_encoder.o
 .debug_frame   0x00000580      0x110 relay_74hc595.o

.debug_str      0x00000000      0x9fd
 *(.debug_str)
 .debug_str     0x00000000      0x259 ATmega32A_GCC_DigitalControlAudioSystem_pLibs.o
                                0x28d (size before relaxing)
 .debug_str     0x00000259       0xca 24c64.o
                                0x1b6 (size before relaxing)
 .debug_str     0x00000323       0x91 ds18x20.o
                                0x1d1 (size before relaxing)
 .debug_str     0x000003b4       0x58 i2c_twi.o
                                0x144 (size before relaxing)
 .debug_str     0x0000040c      0x154 lcd_hd44780_74hc595.o
                                0x2ad (size before relaxing)
 .debug_str     0x00000560       0x70 pga2310.o
                                0x157 (size before relaxing)
 .debug_str     0x000005d0      0x129 uart.o
                                0x235 (size before relaxing)
 .debug_str     0x000006f9       0x96 spi.o
                                0x182 (size before relaxing)
 .debug_str     0x0000078f       0xa6 utility.o
                                0x1a3 (size before relaxing)
 .debug_str     0x00000835       0x92 rotation_encoder.o
                                0x1e6 (size before relaxing)
 .debug_str     0x000008c7      0x136 relay_74hc595.o
                                0x285 (size before relaxing)

.debug_loc      0x00000000      0xcf9
 *(.debug_loc)
 .debug_loc     0x00000000      0x660 ATmega32A_GCC_DigitalControlAudioSystem_pLibs.o
 .debug_loc     0x00000660       0x18 24c64.o
 .debug_loc     0x00000678       0xfa ds18x20.o
 .debug_loc     0x00000772       0x31 i2c_twi.o
 .debug_loc     0x000007a3      0x258 lcd_hd44780_74hc595.o
 .debug_loc     0x000009fb       0x3c pga2310.o
 .debug_loc     0x00000a37       0xed uart.o
 .debug_loc     0x00000b24       0x28 spi.o
 .debug_loc     0x00000b4c       0x31 utility.o
 .debug_loc     0x00000b7d      0x11a rotation_encoder.o
 .debug_loc     0x00000c97       0x62 relay_74hc595.o

.debug_macinfo
 *(.debug_macinfo)
OUTPUT(ATmega32A_GCC_DigitalControlAudioSystem_pLibs.elf elf32-avr)
LOAD linker stubs

.debug_ranges   0x00000000      0x2e8
 .debug_ranges  0x00000000       0x48 ATmega32A_GCC_DigitalControlAudioSystem_pLibs.o
 .debug_ranges  0x00000048       0x78 ds18x20.o
 .debug_ranges  0x000000c0      0x1f8 lcd_hd44780_74hc595.o
 .debug_ranges  0x000002b8       0x18 uart.o
 .debug_ranges  0x000002d0       0x18 spi.o
