Archive member included because of file (symbol)

c:/winavr-20100110/bin/../lib/gcc/avr/4.3.3/avr5\libgcc.a(_udivmodqi4.o)
                              utility.o (__udivmodqi4)
c:/winavr-20100110/bin/../lib/gcc/avr/4.3.3/avr5\libgcc.a(_divmodhi4.o)
                              ATmega32A_GCC_DigitalControlAudioSystem_pLibs.o (__divmodhi4)
c:/winavr-20100110/bin/../lib/gcc/avr/4.3.3/avr5\libgcc.a(_exit.o)
                              c:/winavr-20100110/bin/../lib/gcc/avr/4.3.3/../../../../avr/lib/avr5/crtm32.o (exit)
c:/winavr-20100110/bin/../lib/gcc/avr/4.3.3/avr5\libgcc.a(_copy_data.o)
                              ATmega32A_GCC_DigitalControlAudioSystem_pLibs.o (__do_copy_data)
c:/winavr-20100110/bin/../lib/gcc/avr/4.3.3/avr5\libgcc.a(_clear_bss.o)
                              ATmega32A_GCC_DigitalControlAudioSystem_pLibs.o (__do_clear_bss)
c:/winavr-20100110/bin/../lib/gcc/avr/4.3.3/avr5\libgcc.a(_udivmodhi4.o)
                              c:/winavr-20100110/bin/../lib/gcc/avr/4.3.3/avr5\libgcc.a(_divmodhi4.o) (__udivmodhi4)
c:/winavr-20100110/bin/../lib/gcc/avr/4.3.3/../../../../avr/lib/avr5\libc.a(itoa.o)
                              lcd_hd44780_74hc595.o (itoa)
c:/winavr-20100110/bin/../lib/gcc/avr/4.3.3/../../../../avr/lib/avr5\libc.a(ltoa.o)
                              lcd_hd44780_74hc595.o (ltoa)
c:/winavr-20100110/bin/../lib/gcc/avr/4.3.3/../../../../avr/lib/avr5\libc.a(ultoa.o)
                              lcd_hd44780_74hc595.o (ultoa)
c:/winavr-20100110/bin/../lib/gcc/avr/4.3.3/../../../../avr/lib/avr5\libc.a(utoa.o)
                              lcd_hd44780_74hc595.o (utoa)
c:/winavr-20100110/bin/../lib/gcc/avr/4.3.3/../../../../avr/lib/avr5\libc.a(strrev.o)
                              c:/winavr-20100110/bin/../lib/gcc/avr/4.3.3/../../../../avr/lib/avr5\libc.a(itoa.o) (strrev)
c:/winavr-20100110/bin/../lib/gcc/avr/4.3.3/avr5\libgcc.a(_udivmodsi4.o)
                              c:/winavr-20100110/bin/../lib/gcc/avr/4.3.3/../../../../avr/lib/avr5\libc.a(ltoa.o) (__udivmodsi4)

Allocating common symbols
Common symbol       size              file

byte7               0x1               ATmega32A_GCC_DigitalControlAudioSystem_pLibs.o
byte2               0x1               ATmega32A_GCC_DigitalControlAudioSystem_pLibs.o
rows                0x2               lcd_hd44780_74hc595.o
byte3               0x1               ATmega32A_GCC_DigitalControlAudioSystem_pLibs.o
byte6               0x1               ATmega32A_GCC_DigitalControlAudioSystem_pLibs.o
byte1               0x1               ATmega32A_GCC_DigitalControlAudioSystem_pLibs.o
irCommand           0x1               ATmega32A_GCC_DigitalControlAudioSystem_pLibs.o
flagStatusBits      0x2               ATmega32A_GCC_DigitalControlAudioSystem_pLibs.o
byte0               0x1               ATmega32A_GCC_DigitalControlAudioSystem_pLibs.o
byte4               0x1               ATmega32A_GCC_DigitalControlAudioSystem_pLibs.o
cols                0x2               lcd_hd44780_74hc595.o
irAddress           0x1               ATmega32A_GCC_DigitalControlAudioSystem_pLibs.o
byte8               0x1               ATmega32A_GCC_DigitalControlAudioSystem_pLibs.o
irExtended          0x1               ATmega32A_GCC_DigitalControlAudioSystem_pLibs.o
byte9               0x1               ATmega32A_GCC_DigitalControlAudioSystem_pLibs.o
fSB                 0x1               ATmega32A_GCC_DigitalControlAudioSystem_pLibs.o
byte5               0x1               ATmega32A_GCC_DigitalControlAudioSystem_pLibs.o

Memory Configuration

Name             Origin             Length             Attributes
text             0x00000000         0x00020000         xr
data             0x00800060         0x0000ffa0         rw !x
eeprom           0x00810000         0x00010000         rw !x
fuse             0x00820000         0x00000400         rw !x
lock             0x00830000         0x00000400         rw !x
signature        0x00840000         0x00000400         rw !x
*default*        0x00000000         0xffffffff

Linker script and memory map

LOAD c:/winavr-20100110/bin/../lib/gcc/avr/4.3.3/../../../../avr/lib/avr5/crtm32.o
LOAD ATmega32A_GCC_DigitalControlAudioSystem_pLibs.o
LOAD 24c64.o
LOAD ds18x20.o
LOAD i2c_twi.o
LOAD lcd_hd44780_74hc595.o
LOAD pga2310.o
LOAD uart.o
LOAD spi.o
LOAD utility.o
LOAD rotation_encoder.o
LOAD relay_74hc595.o
LOAD ir_sirc.o
LOAD c:/winavr-20100110/bin/../lib/gcc/avr/4.3.3/avr5\libgcc.a
LOAD c:/winavr-20100110/bin/../lib/gcc/avr/4.3.3/../../../../avr/lib/avr5\libc.a
LOAD c:/winavr-20100110/bin/../lib/gcc/avr/4.3.3/avr5\libgcc.a

.hash
 *(.hash)

.dynsym
 *(.dynsym)

.dynstr
 *(.dynstr)

.gnu.version
 *(.gnu.version)

.gnu.version_d
 *(.gnu.version_d)

.gnu.version_r
 *(.gnu.version_r)

.rel.init
 *(.rel.init)

.rela.init
 *(.rela.init)

.rel.text
 *(.rel.text)
 *(.rel.text.*)
 *(.rel.gnu.linkonce.t*)

.rela.text
 *(.rela.text)
 *(.rela.text.*)
 *(.rela.gnu.linkonce.t*)

.rel.fini
 *(.rel.fini)

.rela.fini
 *(.rela.fini)

.rel.rodata
 *(.rel.rodata)
 *(.rel.rodata.*)
 *(.rel.gnu.linkonce.r*)

.rela.rodata
 *(.rela.rodata)
 *(.rela.rodata.*)
 *(.rela.gnu.linkonce.r*)

.rel.data
 *(.rel.data)
 *(.rel.data.*)
 *(.rel.gnu.linkonce.d*)

.rela.data
 *(.rela.data)
 *(.rela.data.*)
 *(.rela.gnu.linkonce.d*)

.rel.ctors
 *(.rel.ctors)

.rela.ctors
 *(.rela.ctors)

.rel.dtors
 *(.rel.dtors)

.rela.dtors
 *(.rela.dtors)

.rel.got
 *(.rel.got)

.rela.got
 *(.rela.got)

.rel.bss
 *(.rel.bss)

.rela.bss
 *(.rela.bss)

.rel.plt
 *(.rel.plt)

.rela.plt
 *(.rela.plt)

.text           0x00000000     0x181a
 *(.vectors)
 .vectors       0x00000000       0x54 c:/winavr-20100110/bin/../lib/gcc/avr/4.3.3/../../../../avr/lib/avr5/crtm32.o
                0x00000000                __vectors
                0x00000000                __vector_default
 *(.vectors)
 *(.progmem.gcc*)
 *(.progmem*)
                0x00000054                . = ALIGN (0x2)
                0x00000054                __trampolines_start = .
 *(.trampolines)
 .trampolines   0x00000054        0x0 linker stubs
 *(.trampolines*)
                0x00000054                __trampolines_end = .
 *(.jumptables)
 *(.jumptables*)
 *(.lowtext)
 *(.lowtext*)
                0x00000054                __ctors_start = .
 *(.ctors)
                0x00000054                __ctors_end = .
                0x00000054                __dtors_start = .
 *(.dtors)
                0x00000054                __dtors_end = .
 SORT(*)(.ctors)
 SORT(*)(.dtors)
 *(.init0)
 .init0         0x00000054        0x0 c:/winavr-20100110/bin/../lib/gcc/avr/4.3.3/../../../../avr/lib/avr5/crtm32.o
                0x00000054                __init
 *(.init0)
 *(.init1)
 *(.init1)
 *(.init2)
 .init2         0x00000054        0xc c:/winavr-20100110/bin/../lib/gcc/avr/4.3.3/../../../../avr/lib/avr5/crtm32.o
 *(.init2)
 *(.init3)
 *(.init3)
 *(.init4)
 .init4         0x00000060       0x16 c:/winavr-20100110/bin/../lib/gcc/avr/4.3.3/avr5\libgcc.a(_copy_data.o)
                0x00000060                __do_copy_data
 .init4         0x00000076       0x10 c:/winavr-20100110/bin/../lib/gcc/avr/4.3.3/avr5\libgcc.a(_clear_bss.o)
                0x00000076                __do_clear_bss
 *(.init4)
 *(.init5)
 *(.init5)
 *(.init6)
 *(.init6)
 *(.init7)
 *(.init7)
 *(.init8)
 *(.init8)
 *(.init9)
 .init9         0x00000086        0x8 c:/winavr-20100110/bin/../lib/gcc/avr/4.3.3/../../../../avr/lib/avr5/crtm32.o
 *(.init9)
 *(.text)
 .text          0x0000008e        0x4 c:/winavr-20100110/bin/../lib/gcc/avr/4.3.3/../../../../avr/lib/avr5/crtm32.o
                0x0000008e                __vector_12
                0x0000008e                __bad_interrupt
                0x0000008e                __vector_6
                0x0000008e                __vector_11
                0x0000008e                __vector_13
                0x0000008e                __vector_17
                0x0000008e                __vector_19
                0x0000008e                __vector_7
                0x0000008e                __vector_9
                0x0000008e                __vector_15
                0x0000008e                __vector_8
                0x0000008e                __vector_14
                0x0000008e                __vector_10
                0x0000008e                __vector_16
                0x0000008e                __vector_18
                0x0000008e                __vector_20
 .text          0x00000092      0xa42 ATmega32A_GCC_DigitalControlAudioSystem_pLibs.o
                0x00000092                port_init
                0x00000a6a                __vector_1
                0x0000012c                timer2_off
                0x000000d2                timer2_init
                0x00000524                volumeUpdate
                0x000001ec                temperMeasur
                0x00000310                oneWireLeft
                0x000007ce                buttons_press
                0x00000142                __vector_3
                0x000000ca                timer1_init
                0x00000394                temperature
                0x0000047a                commonEncoder
                0x000001c8                init_all
                0x000000b0                ext0_intrpt_init
                0x00000578                volumeMute
                0x0000012a                timer2_on
                0x0000016a                __vector_5
                0x000005be                volumeProcessRemote
                0x000000be                ext0_intrpt_off
                0x000008c0                main
                0x00000156                __vector_4
                0x000006dc                ampliferOn
                0x000000fa                timer1_off
                0x000000c6                ext1_intrpt_init
                0x000000de                timer1_on_speed
                0x0000063a                ampliferOff
                0x000000b6                ext0_intrpt_on
                0x000000c8                ext2_intrpt_init
                0x0000012e                __vector_2
                0x000008d4                irDecode
                0x0000017e                about
                0x000005f8                volumeProcess
                0x00000104                fan_pwm_control_speed
                0x0000028c                oneWireRight
                0x00000120                fan_pwm_off
 .text          0x00000ad4       0xbc 24c64.o
                0x00000b1e                eeprom_24c64_write
                0x00000ad4                eeprom_24c64_read
                0x00000b58                eeprom_24c64_reset
 .text          0x00000b90      0x150 ds18x20.o
                0x00000c88                wait_ready
                0x00000b90                reset
                0x00000c92                read_scratchpad
                0x00000bba                read_bit
                0x00000be8                read_byte
                0x00000bd2                write_bit
                0x00000c42                write_byte
 .text          0x00000ce0       0x46 i2c_twi.o
                0x00000d02                i2c_write
                0x00000cf0                i2c_start
                0x00000cfc                i2c_stop
                0x00000d10                i2c_read
                0x00000ce0                i2c_init
 .text          0x00000d26      0x302 lcd_hd44780_74hc595.o
                0x00000e6c                LCD_INIT
                0x00000e04                LCD_EXECUTE_DATA_LAST
                0x00000e5c                LCD_CLEAR_CONTAIN
                0x00000f48                LCD_DATA_ULONG
                0x00000d64                LCD_EXECUTE_DATA
                0x00000ff0                LCD_DATA_UINT
                0x00000edc                LCD_CGRAM_CUSTOM_SYMBOLS
                0x00000f80                LCD_DATA_LONG
                0x00000d26                LCD_EXECUTE_COMMAND
                0x00000e1e                LCD_COMMAND
                0x00000e8e                LCD_DATA_STRING
                0x00000dc6                LCD_EXECUTE_DATA_ONE
                0x00000fb8                LCD_DATA_INT
 .text          0x00001028       0x82 pga2310.o
                0x00001028                PGA2310_Volume_Update
                0x00001056                pga2310_init
                0x00001080                pga2310_reset
 .text          0x000010aa      0x164 uart.o
                0x00001166                transmitUartULong
                0x0000119e                transmitUartInt
                0x00001126                receiveUart
                0x0000112e                transmitUartLong
                0x000010aa                uart_transmit
                0x000010d4                uart_transmit_DEC_to_BCD
                0x0000110c                uart_init
                0x000010cc                uart_transmit_one
                0x000010f0                transmitUart
                0x000010f8                transmitUartString
                0x000011d6                transmitUartUInt
 .text          0x0000120e       0x58 spi.o
                0x0000120e                spi_init
                0x0000121a                spi_start
                0x00001242                spi_write_more_bytes
                0x00001220                spi_stop
                0x0000125c                spi_read_more_bytes
                0x00001230                spi_write_two_bytes
                0x00001224                spi_write_one_byte
 .text          0x00001266       0xae utility.o
                0x000012e2                shiftLeftInMsbFirst
                0x000012d4                shiftRightInLsbFirst
                0x00001266                decToBcd
                0x000012f0                delay_ms
                0x00001288                bcdToDec
                0x0000129c                shiftRightOutLsbFirst
                0x000012b8                shiftLeftOutMsbFirst
 .text          0x00001314       0x98 rotation_encoder.o
                0x00001354                rotaryEncoderVer1
                0x00001394                rotaryEncoderVer2
                0x00001314                rotaryEncoderNikBarzakov
 .text          0x000013ac       0xc0 relay_74hc595.o
                0x000013e6                relays_in1_6ch
                0x000013de                relays_in1_2ch
                0x00001464                relays_out_init
                0x000013ee                relays_in2_2ch
                0x000013ae                RELAYS_OUT_INIT
                0x000013b0                RELAYS_IN_CHOOSE
                0x00001454                relays_out_6ch
                0x0000141e                RELAYS_OUT_CHOOSE
                0x0000145c                relays_out_off
                0x00001406                relays_in3_6ch
                0x0000144c                relays_out_1ch
                0x0000140e                relays_in_off
                0x000013fe                relays_in3_2ch
                0x000013f6                relays_in2_6ch
                0x00001416                relays_in_init
                0x000013ac                RELAYS_IN_INIT
 .text          0x0000146c      0x1c0 ir_sirc.o
                0x0000146c                GetSIRC12
                0x00001574                GetSIRC20
                0x000014f0                GetSIRC15
 .text          0x0000162c        0x0 c:/winavr-20100110/bin/../lib/gcc/avr/4.3.3/avr5\libgcc.a(_udivmodqi4.o)
 .text          0x0000162c        0x0 c:/winavr-20100110/bin/../lib/gcc/avr/4.3.3/avr5\libgcc.a(_divmodhi4.o)
 .text          0x0000162c        0x0 c:/winavr-20100110/bin/../lib/gcc/avr/4.3.3/avr5\libgcc.a(_exit.o)
 .text          0x0000162c        0x0 c:/winavr-20100110/bin/../lib/gcc/avr/4.3.3/avr5\libgcc.a(_copy_data.o)
 .text          0x0000162c        0x0 c:/winavr-20100110/bin/../lib/gcc/avr/4.3.3/avr5\libgcc.a(_clear_bss.o)
 .text          0x0000162c        0x0 c:/winavr-20100110/bin/../lib/gcc/avr/4.3.3/avr5\libgcc.a(_udivmodhi4.o)
 .text          0x0000162c        0x0 c:/winavr-20100110/bin/../lib/gcc/avr/4.3.3/../../../../avr/lib/avr5\libc.a(itoa.o)
 .text          0x0000162c        0x0 c:/winavr-20100110/bin/../lib/gcc/avr/4.3.3/../../../../avr/lib/avr5\libc.a(ltoa.o)
 .text          0x0000162c        0x0 c:/winavr-20100110/bin/../lib/gcc/avr/4.3.3/../../../../avr/lib/avr5\libc.a(ultoa.o)
 .text          0x0000162c        0x0 c:/winavr-20100110/bin/../lib/gcc/avr/4.3.3/../../../../avr/lib/avr5\libc.a(utoa.o)
 .text          0x0000162c        0x0 c:/winavr-20100110/bin/../lib/gcc/avr/4.3.3/../../../../avr/lib/avr5\libc.a(strrev.o)
 .text          0x0000162c        0x0 c:/winavr-20100110/bin/../lib/gcc/avr/4.3.3/avr5\libgcc.a(_udivmodsi4.o)
                0x0000162c                . = ALIGN (0x2)
 *(.text.*)
 .text.libgcc   0x0000162c       0x18 c:/winavr-20100110/bin/../lib/gcc/avr/4.3.3/avr5\libgcc.a(_udivmodqi4.o)
                0x0000162c                __udivmodqi4
 .text.libgcc   0x00001644       0x26 c:/winavr-20100110/bin/../lib/gcc/avr/4.3.3/avr5\libgcc.a(_divmodhi4.o)
                0x00001644                __divmodhi4
                0x00001644                _div
 .text.libgcc   0x0000166a        0x0 c:/winavr-20100110/bin/../lib/gcc/avr/4.3.3/avr5\libgcc.a(_exit.o)
 .text.libgcc   0x0000166a        0x0 c:/winavr-20100110/bin/../lib/gcc/avr/4.3.3/avr5\libgcc.a(_copy_data.o)
 .text.libgcc   0x0000166a        0x0 c:/winavr-20100110/bin/../lib/gcc/avr/4.3.3/avr5\libgcc.a(_clear_bss.o)
 .text.libgcc   0x0000166a       0x28 c:/winavr-20100110/bin/../lib/gcc/avr/4.3.3/avr5\libgcc.a(_udivmodhi4.o)
                0x0000166a                __udivmodhi4
 .text.avr-libc
                0x00001692       0x42 c:/winavr-20100110/bin/../lib/gcc/avr/4.3.3/../../../../avr/lib/avr5\libc.a(itoa.o)
                0x00001692                itoa
 .text.avr-libc
                0x000016d4       0x68 c:/winavr-20100110/bin/../lib/gcc/avr/4.3.3/../../../../avr/lib/avr5\libc.a(ltoa.o)
                0x000016d4                ltoa
 .text.avr-libc
                0x0000173c       0x4a c:/winavr-20100110/bin/../lib/gcc/avr/4.3.3/../../../../avr/lib/avr5\libc.a(ultoa.o)
                0x0000173c                ultoa
 .text.avr-libc
                0x00001786       0x2c c:/winavr-20100110/bin/../lib/gcc/avr/4.3.3/../../../../avr/lib/avr5\libc.a(utoa.o)
                0x00001786                utoa
 .text.avr-libc
                0x000017b2       0x20 c:/winavr-20100110/bin/../lib/gcc/avr/4.3.3/../../../../avr/lib/avr5\libc.a(strrev.o)
                0x000017b2                strrev
 .text.libgcc   0x000017d2       0x44 c:/winavr-20100110/bin/../lib/gcc/avr/4.3.3/avr5\libgcc.a(_udivmodsi4.o)
                0x000017d2                __udivmodsi4
                0x00001816                . = ALIGN (0x2)
 *(.fini9)
 .fini9         0x00001816        0x0 c:/winavr-20100110/bin/../lib/gcc/avr/4.3.3/avr5\libgcc.a(_exit.o)
                0x00001816                exit
                0x00001816                _exit
 *(.fini9)
 *(.fini8)
 *(.fini8)
 *(.fini7)
 *(.fini7)
 *(.fini6)
 *(.fini6)
 *(.fini5)
 *(.fini5)
 *(.fini4)
 *(.fini4)
 *(.fini3)
 *(.fini3)
 *(.fini2)
 *(.fini2)
 *(.fini1)
 *(.fini1)
 *(.fini0)
 .fini0         0x00001816        0x4 c:/winavr-20100110/bin/../lib/gcc/avr/4.3.3/avr5\libgcc.a(_exit.o)
 *(.fini0)
                0x0000181a                _etext = .

.data           0x00800060      0x734 load address 0x0000181a
                0x00800060                PROVIDE (__data_start, .)
 *(.data)
 .data          0x00800060        0x0 c:/winavr-20100110/bin/../lib/gcc/avr/4.3.3/../../../../avr/lib/avr5/crtm32.o
 .data          0x00800060      0x6f8 ATmega32A_GCC_DigitalControlAudioSystem_pLibs.o
                0x00800750                fanSpeedStep
                0x0080072b                volumeValue
                0x0080074f                fanSpeed
                0x0080073f                leftTempSensorRomCode
                0x00800747                rightTempSensorRomCode
 .data          0x00800758        0x0 24c64.o
 .data          0x00800758        0x0 ds18x20.o
 .data          0x00800758        0x0 i2c_twi.o
 .data          0x00800758       0x38 lcd_hd44780_74hc595.o
                0x00800758                symbolGenerator
 .data          0x00800790        0x0 pga2310.o
 .data          0x00800790        0x3 uart.o
 .data          0x00800793        0x0 spi.o
 .data          0x00800793        0x0 utility.o
 .data          0x00800793        0x0 rotation_encoder.o
 .data          0x00800793        0x0 relay_74hc595.o
 .data          0x00800793        0x0 ir_sirc.o
 .data          0x00800793        0x0 c:/winavr-20100110/bin/../lib/gcc/avr/4.3.3/avr5\libgcc.a(_udivmodqi4.o)
 .data          0x00800793        0x0 c:/winavr-20100110/bin/../lib/gcc/avr/4.3.3/avr5\libgcc.a(_divmodhi4.o)
 .data          0x00800793        0x0 c:/winavr-20100110/bin/../lib/gcc/avr/4.3.3/avr5\libgcc.a(_exit.o)
 .data          0x00800793        0x0 c:/winavr-20100110/bin/../lib/gcc/avr/4.3.3/avr5\libgcc.a(_copy_data.o)
 .data          0x00800793        0x0 c:/winavr-20100110/bin/../lib/gcc/avr/4.3.3/avr5\libgcc.a(_clear_bss.o)
 .data          0x00800793        0x0 c:/winavr-20100110/bin/../lib/gcc/avr/4.3.3/avr5\libgcc.a(_udivmodhi4.o)
 .data          0x00800793        0x0 c:/winavr-20100110/bin/../lib/gcc/avr/4.3.3/../../../../avr/lib/avr5\libc.a(itoa.o)
 .data          0x00800793        0x0 c:/winavr-20100110/bin/../lib/gcc/avr/4.3.3/../../../../avr/lib/avr5\libc.a(ltoa.o)
 .data          0x00800793        0x0 c:/winavr-20100110/bin/../lib/gcc/avr/4.3.3/../../../../avr/lib/avr5\libc.a(ultoa.o)
 .data          0x00800793        0x0 c:/winavr-20100110/bin/../lib/gcc/avr/4.3.3/../../../../avr/lib/avr5\libc.a(utoa.o)
 .data          0x00800793        0x0 c:/winavr-20100110/bin/../lib/gcc/avr/4.3.3/../../../../avr/lib/avr5\libc.a(strrev.o)
 .data          0x00800793        0x0 c:/winavr-20100110/bin/../lib/gcc/avr/4.3.3/avr5\libgcc.a(_udivmodsi4.o)
 *(.data*)
 *(.rodata)
 *(.rodata*)
 *(.gnu.linkonce.d*)
                0x00800794                . = ALIGN (0x2)
 *fill*         0x00800793        0x1 00
                0x00800794                _edata = .
                0x00800794                PROVIDE (__data_end, .)

.bss            0x00800794       0x2b
                0x00800794                PROVIDE (__bss_start, .)
 *(.bss)
 .bss           0x00800794        0x0 c:/winavr-20100110/bin/../lib/gcc/avr/4.3.3/../../../../avr/lib/avr5/crtm32.o
 .bss           0x00800794        0xd ATmega32A_GCC_DigitalControlAudioSystem_pLibs.o
                0x00800796                storeTemp
                0x00800795                volumeIndex
                0x00800794                volumeBuffer
 .bss           0x008007a1        0x0 24c64.o
 .bss           0x008007a1        0xa ds18x20.o
                0x008007a1                scratchpad
 .bss           0x008007ab        0x0 i2c_twi.o
 .bss           0x008007ab        0x0 lcd_hd44780_74hc595.o
 .bss           0x008007ab        0x0 pga2310.o
 .bss           0x008007ab        0x0 uart.o
 .bss           0x008007ab        0x0 spi.o
 .bss           0x008007ab        0x0 utility.o
 .bss           0x008007ab        0x0 rotation_encoder.o
 .bss           0x008007ab        0x0 relay_74hc595.o
 .bss           0x008007ab        0x0 ir_sirc.o
 .bss           0x008007ab        0x0 c:/winavr-20100110/bin/../lib/gcc/avr/4.3.3/avr5\libgcc.a(_udivmodqi4.o)
 .bss           0x008007ab        0x0 c:/winavr-20100110/bin/../lib/gcc/avr/4.3.3/avr5\libgcc.a(_divmodhi4.o)
 .bss           0x008007ab        0x0 c:/winavr-20100110/bin/../lib/gcc/avr/4.3.3/avr5\libgcc.a(_exit.o)
 .bss           0x008007ab        0x0 c:/winavr-20100110/bin/../lib/gcc/avr/4.3.3/avr5\libgcc.a(_copy_data.o)
 .bss           0x008007ab        0x0 c:/winavr-20100110/bin/../lib/gcc/avr/4.3.3/avr5\libgcc.a(_clear_bss.o)
 .bss           0x008007ab        0x0 c:/winavr-20100110/bin/../lib/gcc/avr/4.3.3/avr5\libgcc.a(_udivmodhi4.o)
 .bss           0x008007ab        0x0 c:/winavr-20100110/bin/../lib/gcc/avr/4.3.3/../../../../avr/lib/avr5\libc.a(itoa.o)
 .bss           0x008007ab        0x0 c:/winavr-20100110/bin/../lib/gcc/avr/4.3.3/../../../../avr/lib/avr5\libc.a(ltoa.o)
 .bss           0x008007ab        0x0 c:/winavr-20100110/bin/../lib/gcc/avr/4.3.3/../../../../avr/lib/avr5\libc.a(ultoa.o)
 .bss           0x008007ab        0x0 c:/winavr-20100110/bin/../lib/gcc/avr/4.3.3/../../../../avr/lib/avr5\libc.a(utoa.o)
 .bss           0x008007ab        0x0 c:/winavr-20100110/bin/../lib/gcc/avr/4.3.3/../../../../avr/lib/avr5\libc.a(strrev.o)
 .bss           0x008007ab        0x0 c:/winavr-20100110/bin/../lib/gcc/avr/4.3.3/avr5\libgcc.a(_udivmodsi4.o)
 *(.bss*)
 *(COMMON)
 COMMON         0x008007ab       0x10 ATmega32A_GCC_DigitalControlAudioSystem_pLibs.o
                0x008007ab                byte7
                0x008007ac                byte2
                0x008007ad                byte3
                0x008007ae                byte6
                0x008007af                byte1
                0x008007b0                irCommand
                0x008007b1                flagStatusBits
                0x008007b3                byte0
                0x008007b4                byte4
                0x008007b5                irAddress
                0x008007b6                byte8
                0x008007b7                irExtended
                0x008007b8                byte9
                0x008007b9                fSB
                0x008007ba                byte5
 COMMON         0x008007bb        0x4 lcd_hd44780_74hc595.o
                0x008007bb                rows
                0x008007bd                cols
                0x008007bf                PROVIDE (__bss_end, .)
                0x0000181a                __data_load_start = LOADADDR (.data)
                0x00001f4e                __data_load_end = (__data_load_start + SIZEOF (.data))

.noinit         0x008007bf        0x0
                0x008007bf                PROVIDE (__noinit_start, .)
 *(.noinit*)
                0x008007bf                PROVIDE (__noinit_end, .)
                0x008007bf                _end = .
                0x008007bf                PROVIDE (__heap_start, .)

.eeprom         0x00810000        0x0
 *(.eeprom*)
                0x00810000                __eeprom_end = .

.fuse
 *(.fuse)
 *(.lfuse)
 *(.hfuse)
 *(.efuse)

.lock
 *(.lock*)

.signature
 *(.signature*)

.stab
 *(.stab)

.stabstr
 *(.stabstr)

.stab.excl
 *(.stab.excl)

.stab.exclstr
 *(.stab.exclstr)

.stab.index
 *(.stab.index)

.stab.indexstr
 *(.stab.indexstr)

.comment
 *(.comment)

.debug
 *(.debug)

.line
 *(.line)

.debug_srcinfo
 *(.debug_srcinfo)

.debug_sfnames
 *(.debug_sfnames)

.debug_aranges  0x00000000      0x180
 *(.debug_aranges)
 .debug_aranges
                0x00000000       0x20 ATmega32A_GCC_DigitalControlAudioSystem_pLibs.o
 .debug_aranges
                0x00000020       0x20 24c64.o
 .debug_aranges
                0x00000040       0x20 ds18x20.o
 .debug_aranges
                0x00000060       0x20 i2c_twi.o
 .debug_aranges
                0x00000080       0x20 lcd_hd44780_74hc595.o
 .debug_aranges
                0x000000a0       0x20 pga2310.o
 .debug_aranges
                0x000000c0       0x20 uart.o
 .debug_aranges
                0x000000e0       0x20 spi.o
 .debug_aranges
                0x00000100       0x20 utility.o
 .debug_aranges
                0x00000120       0x20 rotation_encoder.o
 .debug_aranges
                0x00000140       0x20 relay_74hc595.o
 .debug_aranges
                0x00000160       0x20 ir_sirc.o

.debug_pubnames
                0x00000000      0xa89
 *(.debug_pubnames)
 .debug_pubnames
                0x00000000      0x393 ATmega32A_GCC_DigitalControlAudioSystem_pLibs.o
 .debug_pubnames
                0x00000393       0x56 24c64.o
 .debug_pubnames
                0x000003e9       0x86 ds18x20.o
 .debug_pubnames
                0x0000046f       0x55 i2c_twi.o
 .debug_pubnames
                0x000004c4      0x144 lcd_hd44780_74hc595.o
 .debug_pubnames
                0x00000608       0x4f pga2310.o
 .debug_pubnames
                0x00000657       0xf1 uart.o
 .debug_pubnames
                0x00000748       0x9a spi.o
 .debug_pubnames
                0x000007e2       0x9d utility.o
 .debug_pubnames
                0x0000087f       0x5b rotation_encoder.o
 .debug_pubnames
                0x000008da      0x148 relay_74hc595.o
 .debug_pubnames
                0x00000a22       0x67 ir_sirc.o

.debug_info     0x00000000     0x2f41
 *(.debug_info)
 .debug_info    0x00000000      0xc2b ATmega32A_GCC_DigitalControlAudioSystem_pLibs.o
 .debug_info    0x00000c2b       0xfe 24c64.o
 .debug_info    0x00000d29      0x4a9 ds18x20.o
 .debug_info    0x000011d2       0xef i2c_twi.o
 .debug_info    0x000012c1      0xa17 lcd_hd44780_74hc595.o
 .debug_info    0x00001cd8       0xc2 pga2310.o
 .debug_info    0x00001d9a      0x298 uart.o
 .debug_info    0x00002032      0x177 spi.o
 .debug_info    0x000021a9      0x1d6 utility.o
 .debug_info    0x0000237f      0x361 rotation_encoder.o
 .debug_info    0x000026e0      0x404 relay_74hc595.o
 .debug_info    0x00002ae4      0x45d ir_sirc.o
 *(.gnu.linkonce.wi.*)

.debug_abbrev   0x00000000      0xd5e
 *(.debug_abbrev)
 .debug_abbrev  0x00000000      0x2a2 ATmega32A_GCC_DigitalControlAudioSystem_pLibs.o
 .debug_abbrev  0x000002a2       0x8e 24c64.o
 .debug_abbrev  0x00000330      0x177 ds18x20.o
 .debug_abbrev  0x000004a7       0x8f i2c_twi.o
 .debug_abbrev  0x00000536      0x211 lcd_hd44780_74hc595.o
 .debug_abbrev  0x00000747       0x63 pga2310.o
 .debug_abbrev  0x000007aa      0x128 uart.o
 .debug_abbrev  0x000008d2       0xd5 spi.o
 .debug_abbrev  0x000009a7       0xb6 utility.o
 .debug_abbrev  0x00000a5d       0xfb rotation_encoder.o
 .debug_abbrev  0x00000b58      0x10a relay_74hc595.o
 .debug_abbrev  0x00000c62       0xfc ir_sirc.o

.debug_line     0x00000000     0x2a4d
 *(.debug_line)
 .debug_line    0x00000000      0xec3 ATmega32A_GCC_DigitalControlAudioSystem_pLibs.o
 .debug_line    0x00000ec3      0x193 24c64.o
 .debug_line    0x00001056      0x2f2 ds18x20.o
 .debug_line    0x00001348      0x12b i2c_twi.o
 .debug_line    0x00001473      0x605 lcd_hd44780_74hc595.o
 .debug_line    0x00001a78      0x17f pga2310.o
 .debug_line    0x00001bf7      0x1fd uart.o
 .debug_line    0x00001df4      0x187 spi.o
 .debug_line    0x00001f7b      0x193 utility.o
 .debug_line    0x0000210e      0x1b2 rotation_encoder.o
 .debug_line    0x000022c0      0x336 relay_74hc595.o
 .debug_line    0x000025f6      0x457 ir_sirc.o

.debug_frame    0x00000000      0x7d0
 *(.debug_frame)
 .debug_frame   0x00000000      0x240 ATmega32A_GCC_DigitalControlAudioSystem_pLibs.o
 .debug_frame   0x00000240       0x40 24c64.o
 .debug_frame   0x00000280       0x80 ds18x20.o
 .debug_frame   0x00000300       0x60 i2c_twi.o
 .debug_frame   0x00000360       0xe0 lcd_hd44780_74hc595.o
 .debug_frame   0x00000440       0x40 pga2310.o
 .debug_frame   0x00000480       0xc0 uart.o
 .debug_frame   0x00000540       0x80 spi.o
 .debug_frame   0x000005c0       0x80 utility.o
 .debug_frame   0x00000640       0x40 rotation_encoder.o
 .debug_frame   0x00000680      0x110 relay_74hc595.o
 .debug_frame   0x00000790       0x40 ir_sirc.o

.debug_str      0x00000000      0xba3
 *(.debug_str)
 .debug_str     0x00000000      0x421 ATmega32A_GCC_DigitalControlAudioSystem_pLibs.o
                                0x45a (size before relaxing)
 .debug_str     0x00000421       0xca 24c64.o
                                0x1b6 (size before relaxing)
 .debug_str     0x000004eb       0x6c ds18x20.o
                                0x1d1 (size before relaxing)
 .debug_str     0x00000557       0x58 i2c_twi.o
                                0x144 (size before relaxing)
 .debug_str     0x000005af      0x154 lcd_hd44780_74hc595.o
                                0x2ad (size before relaxing)
 .debug_str     0x00000703       0x70 pga2310.o
                                0x157 (size before relaxing)
 .debug_str     0x00000773       0xec uart.o
                                0x1f8 (size before relaxing)
 .debug_str     0x0000085f       0x96 spi.o
                                0x182 (size before relaxing)
 .debug_str     0x000008f5       0xa0 utility.o
                                0x19d (size before relaxing)
 .debug_str     0x00000995       0x92 rotation_encoder.o
                                0x1e6 (size before relaxing)
 .debug_str     0x00000a27      0x136 relay_74hc595.o
                                0x285 (size before relaxing)
 .debug_str     0x00000b5d       0x46 ir_sirc.o
                                0x1b9 (size before relaxing)

.debug_loc      0x00000000      0xe1e
 *(.debug_loc)
 .debug_loc     0x00000000      0x630 ATmega32A_GCC_DigitalControlAudioSystem_pLibs.o
 .debug_loc     0x00000630       0x18 24c64.o
 .debug_loc     0x00000648       0xfa ds18x20.o
 .debug_loc     0x00000742       0x31 i2c_twi.o
 .debug_loc     0x00000773      0x258 lcd_hd44780_74hc595.o
 .debug_loc     0x000009cb       0x3c pga2310.o
 .debug_loc     0x00000a07       0xda uart.o
 .debug_loc     0x00000ae1       0x28 spi.o
 .debug_loc     0x00000b09       0x31 utility.o
 .debug_loc     0x00000b3a      0x11a rotation_encoder.o
 .debug_loc     0x00000c54       0x62 relay_74hc595.o
 .debug_loc     0x00000cb6      0x168 ir_sirc.o

.debug_macinfo
 *(.debug_macinfo)
OUTPUT(ATmega32A_GCC_DigitalControlAudioSystem_pLibs.elf elf32-avr)
LOAD linker stubs

.debug_ranges   0x00000000      0x798
 .debug_ranges  0x00000000       0x48 ATmega32A_GCC_DigitalControlAudioSystem_pLibs.o
 .debug_ranges  0x00000048       0x78 ds18x20.o
 .debug_ranges  0x000000c0      0x1f8 lcd_hd44780_74hc595.o
 .debug_ranges  0x000002b8       0x18 uart.o
 .debug_ranges  0x000002d0       0x18 spi.o
 .debug_ranges  0x000002e8      0x4b0 ir_sirc.o
