Archive member included because of file (symbol)

c:/winavr-20100110/bin/../lib/gcc/avr/4.3.3/avr5\libgcc.a(_exit.o)
                              c:/winavr-20100110/bin/../lib/gcc/avr/4.3.3/../../../../avr/lib/avr5/crtm32.o (exit)
c:/winavr-20100110/bin/../lib/gcc/avr/4.3.3/avr5\libgcc.a(_copy_data.o)
                              lcd_hd44780_74hc595.o (__do_copy_data)
c:/winavr-20100110/bin/../lib/gcc/avr/4.3.3/avr5\libgcc.a(_clear_bss.o)
                              ATmega32A_GCC_DigitalControlAudioSystem_pLibs.o (__do_clear_bss)
c:/winavr-20100110/bin/../lib/gcc/avr/4.3.3/../../../../avr/lib/avr5\libc.a(itoa.o)
                              lcd_hd44780_74hc595.o (itoa)
c:/winavr-20100110/bin/../lib/gcc/avr/4.3.3/../../../../avr/lib/avr5\libc.a(ltoa.o)
                              uart.o (ltoa)
c:/winavr-20100110/bin/../lib/gcc/avr/4.3.3/../../../../avr/lib/avr5\libc.a(ultoa.o)
                              uart.o (ultoa)
c:/winavr-20100110/bin/../lib/gcc/avr/4.3.3/../../../../avr/lib/avr5\libc.a(utoa.o)
                              uart.o (utoa)
c:/winavr-20100110/bin/../lib/gcc/avr/4.3.3/../../../../avr/lib/avr5\libc.a(strrev.o)
                              c:/winavr-20100110/bin/../lib/gcc/avr/4.3.3/../../../../avr/lib/avr5\libc.a(itoa.o) (strrev)
c:/winavr-20100110/bin/../lib/gcc/avr/4.3.3/avr5\libgcc.a(_udivmodhi4.o)
                              c:/winavr-20100110/bin/../lib/gcc/avr/4.3.3/../../../../avr/lib/avr5\libc.a(itoa.o) (__udivmodhi4)
c:/winavr-20100110/bin/../lib/gcc/avr/4.3.3/avr5\libgcc.a(_udivmodsi4.o)
                              c:/winavr-20100110/bin/../lib/gcc/avr/4.3.3/../../../../avr/lib/avr5\libc.a(ltoa.o) (__udivmodsi4)

Allocating common symbols
Common symbol       size              file

rows                0x2               lcd_hd44780_74hc595.o
flagStatusBits      0x2               ATmega32A_GCC_DigitalControlAudioSystem_pLibs.o
cols                0x2               lcd_hd44780_74hc595.o

Memory Configuration

Name             Origin             Length             Attributes
text             0x00000000         0x00020000         xr
data             0x00800060         0x0000ffa0         rw !x
eeprom           0x00810000         0x00010000         rw !x
fuse             0x00820000         0x00000400         rw !x
lock             0x00830000         0x00000400         rw !x
signature        0x00840000         0x00000400         rw !x
*default*        0x00000000         0xffffffff

Linker script and memory map

LOAD c:/winavr-20100110/bin/../lib/gcc/avr/4.3.3/../../../../avr/lib/avr5/crtm32.o
LOAD ATmega32A_GCC_DigitalControlAudioSystem_pLibs.o
LOAD 24c64.o
LOAD ds18x20.o
LOAD i2c_twi.o
LOAD lcd_hd44780_74hc595.o
LOAD pga2310.o
LOAD uart.o
LOAD c:/winavr-20100110/bin/../lib/gcc/avr/4.3.3/avr5\libgcc.a
LOAD c:/winavr-20100110/bin/../lib/gcc/avr/4.3.3/../../../../avr/lib/avr5\libc.a
LOAD c:/winavr-20100110/bin/../lib/gcc/avr/4.3.3/avr5\libgcc.a

.hash
 *(.hash)

.dynsym
 *(.dynsym)

.dynstr
 *(.dynstr)

.gnu.version
 *(.gnu.version)

.gnu.version_d
 *(.gnu.version_d)

.gnu.version_r
 *(.gnu.version_r)

.rel.init
 *(.rel.init)

.rela.init
 *(.rela.init)

.rel.text
 *(.rel.text)
 *(.rel.text.*)
 *(.rel.gnu.linkonce.t*)

.rela.text
 *(.rela.text)
 *(.rela.text.*)
 *(.rela.gnu.linkonce.t*)

.rel.fini
 *(.rel.fini)

.rela.fini
 *(.rela.fini)

.rel.rodata
 *(.rel.rodata)
 *(.rel.rodata.*)
 *(.rel.gnu.linkonce.r*)

.rela.rodata
 *(.rela.rodata)
 *(.rela.rodata.*)
 *(.rela.gnu.linkonce.r*)

.rel.data
 *(.rel.data)
 *(.rel.data.*)
 *(.rel.gnu.linkonce.d*)

.rela.data
 *(.rela.data)
 *(.rela.data.*)
 *(.rela.gnu.linkonce.d*)

.rel.ctors
 *(.rel.ctors)

.rela.ctors
 *(.rela.ctors)

.rel.dtors
 *(.rel.dtors)

.rela.dtors
 *(.rela.dtors)

.rel.got
 *(.rel.got)

.rela.got
 *(.rela.got)

.rel.bss
 *(.rel.bss)

.rela.bss
 *(.rela.bss)

.rel.plt
 *(.rel.plt)

.rela.plt
 *(.rela.plt)

.text           0x00000000      0x950
 *(.vectors)
 .vectors       0x00000000       0x54 c:/winavr-20100110/bin/../lib/gcc/avr/4.3.3/../../../../avr/lib/avr5/crtm32.o
                0x00000000                __vectors
                0x00000000                __vector_default
 *(.vectors)
 *(.progmem.gcc*)
 *(.progmem*)
                0x00000054                . = ALIGN (0x2)
                0x00000054                __trampolines_start = .
 *(.trampolines)
 .trampolines   0x00000054        0x0 linker stubs
 *(.trampolines*)
                0x00000054                __trampolines_end = .
 *(.jumptables)
 *(.jumptables*)
 *(.lowtext)
 *(.lowtext*)
                0x00000054                __ctors_start = .
 *(.ctors)
                0x00000054                __ctors_end = .
                0x00000054                __dtors_start = .
 *(.dtors)
                0x00000054                __dtors_end = .
 SORT(*)(.ctors)
 SORT(*)(.dtors)
 *(.init0)
 .init0         0x00000054        0x0 c:/winavr-20100110/bin/../lib/gcc/avr/4.3.3/../../../../avr/lib/avr5/crtm32.o
                0x00000054                __init
 *(.init0)
 *(.init1)
 *(.init1)
 *(.init2)
 .init2         0x00000054        0xc c:/winavr-20100110/bin/../lib/gcc/avr/4.3.3/../../../../avr/lib/avr5/crtm32.o
 *(.init2)
 *(.init3)
 *(.init3)
 *(.init4)
 .init4         0x00000060       0x16 c:/winavr-20100110/bin/../lib/gcc/avr/4.3.3/avr5\libgcc.a(_copy_data.o)
                0x00000060                __do_copy_data
 .init4         0x00000076       0x10 c:/winavr-20100110/bin/../lib/gcc/avr/4.3.3/avr5\libgcc.a(_clear_bss.o)
                0x00000076                __do_clear_bss
 *(.init4)
 *(.init5)
 *(.init5)
 *(.init6)
 *(.init6)
 *(.init7)
 *(.init7)
 *(.init8)
 *(.init8)
 *(.init9)
 .init9         0x00000086        0x8 c:/winavr-20100110/bin/../lib/gcc/avr/4.3.3/../../../../avr/lib/avr5/crtm32.o
 *(.init9)
 *(.text)
 .text          0x0000008e        0x4 c:/winavr-20100110/bin/../lib/gcc/avr/4.3.3/../../../../avr/lib/avr5/crtm32.o
                0x0000008e                __vector_12
                0x0000008e                __bad_interrupt
                0x0000008e                __vector_6
                0x0000008e                __vector_11
                0x0000008e                __vector_13
                0x0000008e                __vector_17
                0x0000008e                __vector_19
                0x0000008e                __vector_7
                0x0000008e                __vector_9
                0x0000008e                __vector_15
                0x0000008e                __vector_8
                0x0000008e                __vector_14
                0x0000008e                __vector_10
                0x0000008e                __vector_16
                0x0000008e                __vector_18
                0x0000008e                __vector_20
 .text          0x00000092      0x146 ATmega32A_GCC_DigitalControlAudioSystem_pLibs.o
                0x00000092                port_init
                0x000000cc                __vector_1
                0x000000c6                timer2_off
                0x000000b0                timer2_init
                0x00000130                buttons_press
                0x000000f4                __vector_3
                0x000001b2                init_all
                0x000000bc                timer2_on
                0x0000011c                __vector_5
                0x000001cc                main
                0x00000108                __vector_4
                0x000000e0                __vector_2
 .text          0x000001d8       0x7e 24c64.o
                0x000001d8                EEPROM_24C64_READ
                0x0000021c                EEPROM_24C64_WRITE
 .text          0x00000256      0x150 ds18x20.o
                0x0000034e                wait_ready
                0x00000256                reset
                0x00000358                read_scratchpad
                0x00000280                read_bit
                0x000002ae                read_byte
                0x00000298                write_bit
                0x00000308                write_byte
 .text          0x000003a6       0x46 i2c_twi.o
                0x000003c8                i2c_write
                0x000003b6                i2c_start
                0x000003c2                i2c_stop
                0x000003d6                i2c_read
                0x000003a6                i2c_init
 .text          0x000003ec      0x222 lcd_hd44780_74hc595.o
                0x0000043a                LCD_INIT
                0x00000502                LCD_EXECUTE_DATA_LAST
                0x0000051c                lcdDataString
                0x00000462                LCD_EXECUTE_DATA
                0x000005d6                lcdDataInt
                0x0000056a                LCD_CGRAM_CUSTOM_SYMBOLS
                0x000003ec                LCD_EXECUTE_COMMAND
                0x000004c4                LCD_EXECUTE_DATA_ONE
                0x0000042a                LCD_CLEAR_CONTAINS
 .text          0x0000060e       0x36 pga2310.o
                0x0000060e                PGA2310_U6_SPI
                0x00000632                PGA2310_U8_SPI
                0x00000620                PGA2310_U7_SPI
 .text          0x00000644      0x15c uart.o
                0x000006f8                transmitUartULong
                0x00000730                transmitUartInt
                0x000006b8                receiveUart
                0x000006c0                transmitUartLong
                0x00000656                uart_transmit
                0x00000680                uart_transmit_DEC_to_BCD
                0x00000644                uart_init
                0x00000678                uart_transmit_one
                0x0000069c                transmitUart
                0x000006a4                transmitUartString
                0x00000768                transmitUartUInt
 .text          0x000007a0        0x0 c:/winavr-20100110/bin/../lib/gcc/avr/4.3.3/avr5\libgcc.a(_exit.o)
 .text          0x000007a0        0x0 c:/winavr-20100110/bin/../lib/gcc/avr/4.3.3/avr5\libgcc.a(_copy_data.o)
 .text          0x000007a0        0x0 c:/winavr-20100110/bin/../lib/gcc/avr/4.3.3/avr5\libgcc.a(_clear_bss.o)
 .text          0x000007a0        0x0 c:/winavr-20100110/bin/../lib/gcc/avr/4.3.3/../../../../avr/lib/avr5\libc.a(itoa.o)
 .text          0x000007a0        0x0 c:/winavr-20100110/bin/../lib/gcc/avr/4.3.3/../../../../avr/lib/avr5\libc.a(ltoa.o)
 .text          0x000007a0        0x0 c:/winavr-20100110/bin/../lib/gcc/avr/4.3.3/../../../../avr/lib/avr5\libc.a(ultoa.o)
 .text          0x000007a0        0x0 c:/winavr-20100110/bin/../lib/gcc/avr/4.3.3/../../../../avr/lib/avr5\libc.a(utoa.o)
 .text          0x000007a0        0x0 c:/winavr-20100110/bin/../lib/gcc/avr/4.3.3/../../../../avr/lib/avr5\libc.a(strrev.o)
 .text          0x000007a0        0x0 c:/winavr-20100110/bin/../lib/gcc/avr/4.3.3/avr5\libgcc.a(_udivmodhi4.o)
 .text          0x000007a0        0x0 c:/winavr-20100110/bin/../lib/gcc/avr/4.3.3/avr5\libgcc.a(_udivmodsi4.o)
                0x000007a0                . = ALIGN (0x2)
 *(.text.*)
 .text.libgcc   0x000007a0        0x0 c:/winavr-20100110/bin/../lib/gcc/avr/4.3.3/avr5\libgcc.a(_exit.o)
 .text.libgcc   0x000007a0        0x0 c:/winavr-20100110/bin/../lib/gcc/avr/4.3.3/avr5\libgcc.a(_copy_data.o)
 .text.libgcc   0x000007a0        0x0 c:/winavr-20100110/bin/../lib/gcc/avr/4.3.3/avr5\libgcc.a(_clear_bss.o)
 .text.avr-libc
                0x000007a0       0x42 c:/winavr-20100110/bin/../lib/gcc/avr/4.3.3/../../../../avr/lib/avr5\libc.a(itoa.o)
                0x000007a0                itoa
 .text.avr-libc
                0x000007e2       0x68 c:/winavr-20100110/bin/../lib/gcc/avr/4.3.3/../../../../avr/lib/avr5\libc.a(ltoa.o)
                0x000007e2                ltoa
 .text.avr-libc
                0x0000084a       0x4a c:/winavr-20100110/bin/../lib/gcc/avr/4.3.3/../../../../avr/lib/avr5\libc.a(ultoa.o)
                0x0000084a                ultoa
 .text.avr-libc
                0x00000894       0x2c c:/winavr-20100110/bin/../lib/gcc/avr/4.3.3/../../../../avr/lib/avr5\libc.a(utoa.o)
                0x00000894                utoa
 .text.avr-libc
                0x000008c0       0x20 c:/winavr-20100110/bin/../lib/gcc/avr/4.3.3/../../../../avr/lib/avr5\libc.a(strrev.o)
                0x000008c0                strrev
 .text.libgcc   0x000008e0       0x28 c:/winavr-20100110/bin/../lib/gcc/avr/4.3.3/avr5\libgcc.a(_udivmodhi4.o)
                0x000008e0                __udivmodhi4
 .text.libgcc   0x00000908       0x44 c:/winavr-20100110/bin/../lib/gcc/avr/4.3.3/avr5\libgcc.a(_udivmodsi4.o)
                0x00000908                __udivmodsi4
                0x0000094c                . = ALIGN (0x2)
 *(.fini9)
 .fini9         0x0000094c        0x0 c:/winavr-20100110/bin/../lib/gcc/avr/4.3.3/avr5\libgcc.a(_exit.o)
                0x0000094c                exit
                0x0000094c                _exit
 *(.fini9)
 *(.fini8)
 *(.fini8)
 *(.fini7)
 *(.fini7)
 *(.fini6)
 *(.fini6)
 *(.fini5)
 *(.fini5)
 *(.fini4)
 *(.fini4)
 *(.fini3)
 *(.fini3)
 *(.fini2)
 *(.fini2)
 *(.fini1)
 *(.fini1)
 *(.fini0)
 .fini0         0x0000094c        0x4 c:/winavr-20100110/bin/../lib/gcc/avr/4.3.3/avr5\libgcc.a(_exit.o)
 *(.fini0)
                0x00000950                _etext = .

.data           0x00800060       0x38 load address 0x00000950
                0x00800060                PROVIDE (__data_start, .)
 *(.data)
 .data          0x00800060        0x0 c:/winavr-20100110/bin/../lib/gcc/avr/4.3.3/../../../../avr/lib/avr5/crtm32.o
 .data          0x00800060        0x0 ATmega32A_GCC_DigitalControlAudioSystem_pLibs.o
 .data          0x00800060        0x0 24c64.o
 .data          0x00800060        0x0 ds18x20.o
 .data          0x00800060        0x0 i2c_twi.o
 .data          0x00800060       0x38 lcd_hd44780_74hc595.o
                0x00800060                symbolGenerator
 .data          0x00800098        0x0 pga2310.o
 .data          0x00800098        0x0 uart.o
 .data          0x00800098        0x0 c:/winavr-20100110/bin/../lib/gcc/avr/4.3.3/avr5\libgcc.a(_exit.o)
 .data          0x00800098        0x0 c:/winavr-20100110/bin/../lib/gcc/avr/4.3.3/avr5\libgcc.a(_copy_data.o)
 .data          0x00800098        0x0 c:/winavr-20100110/bin/../lib/gcc/avr/4.3.3/avr5\libgcc.a(_clear_bss.o)
 .data          0x00800098        0x0 c:/winavr-20100110/bin/../lib/gcc/avr/4.3.3/../../../../avr/lib/avr5\libc.a(itoa.o)
 .data          0x00800098        0x0 c:/winavr-20100110/bin/../lib/gcc/avr/4.3.3/../../../../avr/lib/avr5\libc.a(ltoa.o)
 .data          0x00800098        0x0 c:/winavr-20100110/bin/../lib/gcc/avr/4.3.3/../../../../avr/lib/avr5\libc.a(ultoa.o)
 .data          0x00800098        0x0 c:/winavr-20100110/bin/../lib/gcc/avr/4.3.3/../../../../avr/lib/avr5\libc.a(utoa.o)
 .data          0x00800098        0x0 c:/winavr-20100110/bin/../lib/gcc/avr/4.3.3/../../../../avr/lib/avr5\libc.a(strrev.o)
 .data          0x00800098        0x0 c:/winavr-20100110/bin/../lib/gcc/avr/4.3.3/avr5\libgcc.a(_udivmodhi4.o)
 .data          0x00800098        0x0 c:/winavr-20100110/bin/../lib/gcc/avr/4.3.3/avr5\libgcc.a(_udivmodsi4.o)
 *(.data*)
 *(.rodata)
 *(.rodata*)
 *(.gnu.linkonce.d*)
                0x00800098                . = ALIGN (0x2)
                0x00800098                _edata = .
                0x00800098                PROVIDE (__data_end, .)

.bss            0x00800098       0x11
                0x00800098                PROVIDE (__bss_start, .)
 *(.bss)
 .bss           0x00800098        0x0 c:/winavr-20100110/bin/../lib/gcc/avr/4.3.3/../../../../avr/lib/avr5/crtm32.o
 .bss           0x00800098        0x1 ATmega32A_GCC_DigitalControlAudioSystem_pLibs.o
                0x00800098                n
 .bss           0x00800099        0x0 24c64.o
 .bss           0x00800099        0xa ds18x20.o
                0x00800099                scratchpad
 .bss           0x008000a3        0x0 i2c_twi.o
 .bss           0x008000a3        0x0 lcd_hd44780_74hc595.o
 .bss           0x008000a3        0x0 pga2310.o
 .bss           0x008000a3        0x0 uart.o
 .bss           0x008000a3        0x0 c:/winavr-20100110/bin/../lib/gcc/avr/4.3.3/avr5\libgcc.a(_exit.o)
 .bss           0x008000a3        0x0 c:/winavr-20100110/bin/../lib/gcc/avr/4.3.3/avr5\libgcc.a(_copy_data.o)
 .bss           0x008000a3        0x0 c:/winavr-20100110/bin/../lib/gcc/avr/4.3.3/avr5\libgcc.a(_clear_bss.o)
 .bss           0x008000a3        0x0 c:/winavr-20100110/bin/../lib/gcc/avr/4.3.3/../../../../avr/lib/avr5\libc.a(itoa.o)
 .bss           0x008000a3        0x0 c:/winavr-20100110/bin/../lib/gcc/avr/4.3.3/../../../../avr/lib/avr5\libc.a(ltoa.o)
 .bss           0x008000a3        0x0 c:/winavr-20100110/bin/../lib/gcc/avr/4.3.3/../../../../avr/lib/avr5\libc.a(ultoa.o)
 .bss           0x008000a3        0x0 c:/winavr-20100110/bin/../lib/gcc/avr/4.3.3/../../../../avr/lib/avr5\libc.a(utoa.o)
 .bss           0x008000a3        0x0 c:/winavr-20100110/bin/../lib/gcc/avr/4.3.3/../../../../avr/lib/avr5\libc.a(strrev.o)
 .bss           0x008000a3        0x0 c:/winavr-20100110/bin/../lib/gcc/avr/4.3.3/avr5\libgcc.a(_udivmodhi4.o)
 .bss           0x008000a3        0x0 c:/winavr-20100110/bin/../lib/gcc/avr/4.3.3/avr5\libgcc.a(_udivmodsi4.o)
 *(.bss*)
 *(COMMON)
 COMMON         0x008000a3        0x2 ATmega32A_GCC_DigitalControlAudioSystem_pLibs.o
                0x008000a3                flagStatusBits
 COMMON         0x008000a5        0x4 lcd_hd44780_74hc595.o
                0x008000a5                rows
                0x008000a7                cols
                0x008000a9                PROVIDE (__bss_end, .)
                0x00000950                __data_load_start = LOADADDR (.data)
                0x00000988                __data_load_end = (__data_load_start + SIZEOF (.data))

.noinit         0x008000a9        0x0
                0x008000a9                PROVIDE (__noinit_start, .)
 *(.noinit*)
                0x008000a9                PROVIDE (__noinit_end, .)
                0x008000a9                _end = .
                0x008000a9                PROVIDE (__heap_start, .)

.eeprom         0x00810000        0x0
 *(.eeprom*)
                0x00810000                __eeprom_end = .

.fuse
 *(.fuse)
 *(.lfuse)
 *(.hfuse)
 *(.efuse)

.lock
 *(.lock*)

.signature
 *(.signature*)

.stab
 *(.stab)

.stabstr
 *(.stabstr)

.stab.excl
 *(.stab.excl)

.stab.exclstr
 *(.stab.exclstr)

.stab.index
 *(.stab.index)

.stab.indexstr
 *(.stab.indexstr)

.comment
 *(.comment)

.debug
 *(.debug)

.line
 *(.line)

.debug_srcinfo
 *(.debug_srcinfo)

.debug_sfnames
 *(.debug_sfnames)

.debug_aranges  0x00000000       0xe0
 *(.debug_aranges)
 .debug_aranges
                0x00000000       0x20 ATmega32A_GCC_DigitalControlAudioSystem_pLibs.o
 .debug_aranges
                0x00000020       0x20 24c64.o
 .debug_aranges
                0x00000040       0x20 ds18x20.o
 .debug_aranges
                0x00000060       0x20 i2c_twi.o
 .debug_aranges
                0x00000080       0x20 lcd_hd44780_74hc595.o
 .debug_aranges
                0x000000a0       0x20 pga2310.o
 .debug_aranges
                0x000000c0       0x20 uart.o

.debug_pubnames
                0x00000000      0x429
 *(.debug_pubnames)
 .debug_pubnames
                0x00000000       0xd9 ATmega32A_GCC_DigitalControlAudioSystem_pLibs.o
 .debug_pubnames
                0x000000d9       0x3f 24c64.o
 .debug_pubnames
                0x00000118       0x86 ds18x20.o
 .debug_pubnames
                0x0000019e       0x55 i2c_twi.o
 .debug_pubnames
                0x000001f3       0xfa lcd_hd44780_74hc595.o
 .debug_pubnames
                0x000002ed       0x4b pga2310.o
 .debug_pubnames
                0x00000338       0xf1 uart.o

.debug_info     0x00000000     0x14c2
 *(.debug_info)
 .debug_info    0x00000000      0x2c7 ATmega32A_GCC_DigitalControlAudioSystem_pLibs.o
 .debug_info    0x000002c7       0xd2 24c64.o
 .debug_info    0x00000399      0x4a2 ds18x20.o
 .debug_info    0x0000083b       0xe8 i2c_twi.o
 .debug_info    0x00000923      0x81c lcd_hd44780_74hc595.o
 .debug_info    0x0000113f       0xf3 pga2310.o
 .debug_info    0x00001232      0x290 uart.o
 *(.gnu.linkonce.wi.*)

.debug_abbrev   0x00000000      0x78f
 *(.debug_abbrev)
 .debug_abbrev  0x00000000      0x1ae ATmega32A_GCC_DigitalControlAudioSystem_pLibs.o
 .debug_abbrev  0x000001ae       0x6c 24c64.o
 .debug_abbrev  0x0000021a      0x177 ds18x20.o
 .debug_abbrev  0x00000391       0x8f i2c_twi.o
 .debug_abbrev  0x00000420      0x1e4 lcd_hd44780_74hc595.o
 .debug_abbrev  0x00000604       0x65 pga2310.o
 .debug_abbrev  0x00000669      0x126 uart.o

.debug_line     0x00000000     0x10b7
 *(.debug_line)
 .debug_line    0x00000000      0x331 ATmega32A_GCC_DigitalControlAudioSystem_pLibs.o
 .debug_line    0x00000331      0x141 24c64.o
 .debug_line    0x00000472      0x2f3 ds18x20.o
 .debug_line    0x00000765      0x12b i2c_twi.o
 .debug_line    0x00000890      0x512 lcd_hd44780_74hc595.o
 .debug_line    0x00000da2      0x123 pga2310.o
 .debug_line    0x00000ec5      0x1f2 uart.o

.debug_frame    0x00000000      0x380
 *(.debug_frame)
 .debug_frame   0x00000000       0xd0 ATmega32A_GCC_DigitalControlAudioSystem_pLibs.o
 .debug_frame   0x000000d0       0x30 24c64.o
 .debug_frame   0x00000100       0x80 ds18x20.o
 .debug_frame   0x00000180       0x60 i2c_twi.o
 .debug_frame   0x000001e0       0xa0 lcd_hd44780_74hc595.o
 .debug_frame   0x00000280       0x40 pga2310.o
 .debug_frame   0x000002c0       0xc0 uart.o

.debug_str      0x00000000      0x5d9
 *(.debug_str)
 .debug_str     0x00000000      0x1d4 ATmega32A_GCC_DigitalControlAudioSystem_pLibs.o
                                0x208 (size before relaxing)
 .debug_str     0x000001d4       0xa4 24c64.o
                                0x190 (size before relaxing)
 .debug_str     0x00000278       0x97 ds18x20.o
                                0x1be (size before relaxing)
 .debug_str     0x0000030f       0x58 i2c_twi.o
                                0x131 (size before relaxing)
 .debug_str     0x00000367      0x11a lcd_hd44780_74hc595.o
                                0x260 (size before relaxing)
 .debug_str     0x00000481       0x6c pga2310.o
                                0x140 (size before relaxing)
 .debug_str     0x000004ed       0xec uart.o
                                0x1e5 (size before relaxing)

.debug_loc      0x00000000      0x460
 *(.debug_loc)
 .debug_loc     0x00000000       0xa0 ATmega32A_GCC_DigitalControlAudioSystem_pLibs.o
 .debug_loc     0x000000a0       0xfa ds18x20.o
 .debug_loc     0x0000019a       0x31 i2c_twi.o
 .debug_loc     0x000001cb      0x1bb lcd_hd44780_74hc595.o
 .debug_loc     0x00000386       0xda uart.o

.debug_macinfo
 *(.debug_macinfo)
OUTPUT(ATmega32A_GCC_DigitalControlAudioSystem_pLibs.elf elf32-avr)
LOAD linker stubs

.debug_ranges   0x00000000      0x2d0
 .debug_ranges  0x00000000       0x48 ATmega32A_GCC_DigitalControlAudioSystem_pLibs.o
 .debug_ranges  0x00000048       0x78 ds18x20.o
 .debug_ranges  0x000000c0      0x1f8 lcd_hd44780_74hc595.o
 .debug_ranges  0x000002b8       0x18 uart.o
