Archive member included because of file (symbol)

c:/winavr-20100110/bin/../lib/gcc/avr/4.3.3/avr5\libgcc.a(_udivmodqi4.o)
                              utility.o (__udivmodqi4)
c:/winavr-20100110/bin/../lib/gcc/avr/4.3.3/avr5\libgcc.a(_exit.o)
                              c:/winavr-20100110/bin/../lib/gcc/avr/4.3.3/../../../../avr/lib/avr5/crtm32.o (exit)
c:/winavr-20100110/bin/../lib/gcc/avr/4.3.3/avr5\libgcc.a(_copy_data.o)
                              ATmega32A_GCC_DigitalControlAudioSystem_pLibs.o (__do_copy_data)
c:/winavr-20100110/bin/../lib/gcc/avr/4.3.3/avr5\libgcc.a(_clear_bss.o)
                              ATmega32A_GCC_DigitalControlAudioSystem_pLibs.o (__do_clear_bss)
c:/winavr-20100110/bin/../lib/gcc/avr/4.3.3/../../../../avr/lib/avr5\libc.a(itoa.o)
                              lcd_hd44780_74hc595.o (itoa)
c:/winavr-20100110/bin/../lib/gcc/avr/4.3.3/../../../../avr/lib/avr5\libc.a(ltoa.o)
                              uart.o (ltoa)
c:/winavr-20100110/bin/../lib/gcc/avr/4.3.3/../../../../avr/lib/avr5\libc.a(ultoa.o)
                              uart.o (ultoa)
c:/winavr-20100110/bin/../lib/gcc/avr/4.3.3/../../../../avr/lib/avr5\libc.a(utoa.o)
                              uart.o (utoa)
c:/winavr-20100110/bin/../lib/gcc/avr/4.3.3/../../../../avr/lib/avr5\libc.a(strrev.o)
                              c:/winavr-20100110/bin/../lib/gcc/avr/4.3.3/../../../../avr/lib/avr5\libc.a(itoa.o) (strrev)
c:/winavr-20100110/bin/../lib/gcc/avr/4.3.3/avr5\libgcc.a(_udivmodhi4.o)
                              c:/winavr-20100110/bin/../lib/gcc/avr/4.3.3/../../../../avr/lib/avr5\libc.a(itoa.o) (__udivmodhi4)
c:/winavr-20100110/bin/../lib/gcc/avr/4.3.3/avr5\libgcc.a(_udivmodsi4.o)
                              c:/winavr-20100110/bin/../lib/gcc/avr/4.3.3/../../../../avr/lib/avr5\libc.a(ltoa.o) (__udivmodsi4)

Allocating common symbols
Common symbol       size              file

rows                0x2               lcd_hd44780_74hc595.o
irCommand           0x1               ATmega32A_GCC_DigitalControlAudioSystem_pLibs.o
flagStatusBits      0x2               ATmega32A_GCC_DigitalControlAudioSystem_pLibs.o
irExtened           0x1               ATmega32A_GCC_DigitalControlAudioSystem_pLibs.o
cols                0x2               lcd_hd44780_74hc595.o
irAddress           0x1               ATmega32A_GCC_DigitalControlAudioSystem_pLibs.o
fSB                 0x1               ATmega32A_GCC_DigitalControlAudioSystem_pLibs.o

Memory Configuration

Name             Origin             Length             Attributes
text             0x00000000         0x00020000         xr
data             0x00800060         0x0000ffa0         rw !x
eeprom           0x00810000         0x00010000         rw !x
fuse             0x00820000         0x00000400         rw !x
lock             0x00830000         0x00000400         rw !x
signature        0x00840000         0x00000400         rw !x
*default*        0x00000000         0xffffffff

Linker script and memory map

LOAD c:/winavr-20100110/bin/../lib/gcc/avr/4.3.3/../../../../avr/lib/avr5/crtm32.o
LOAD ATmega32A_GCC_DigitalControlAudioSystem_pLibs.o
LOAD 24c64.o
LOAD ds18x20.o
LOAD i2c_twi.o
LOAD lcd_hd44780_74hc595.o
LOAD pga2310.o
LOAD uart.o
LOAD spi.o
LOAD utility.o
LOAD rotation_encoder.o
LOAD relay_74hc595.o
LOAD c:/winavr-20100110/bin/../lib/gcc/avr/4.3.3/avr5\libgcc.a
LOAD c:/winavr-20100110/bin/../lib/gcc/avr/4.3.3/../../../../avr/lib/avr5\libc.a
LOAD c:/winavr-20100110/bin/../lib/gcc/avr/4.3.3/avr5\libgcc.a

.hash
 *(.hash)

.dynsym
 *(.dynsym)

.dynstr
 *(.dynstr)

.gnu.version
 *(.gnu.version)

.gnu.version_d
 *(.gnu.version_d)

.gnu.version_r
 *(.gnu.version_r)

.rel.init
 *(.rel.init)

.rela.init
 *(.rela.init)

.rel.text
 *(.rel.text)
 *(.rel.text.*)
 *(.rel.gnu.linkonce.t*)

.rela.text
 *(.rela.text)
 *(.rela.text.*)
 *(.rela.gnu.linkonce.t*)

.rel.fini
 *(.rel.fini)

.rela.fini
 *(.rela.fini)

.rel.rodata
 *(.rel.rodata)
 *(.rel.rodata.*)
 *(.rel.gnu.linkonce.r*)

.rela.rodata
 *(.rela.rodata)
 *(.rela.rodata.*)
 *(.rela.gnu.linkonce.r*)

.rel.data
 *(.rel.data)
 *(.rel.data.*)
 *(.rel.gnu.linkonce.d*)

.rela.data
 *(.rela.data)
 *(.rela.data.*)
 *(.rela.gnu.linkonce.d*)

.rel.ctors
 *(.rel.ctors)

.rela.ctors
 *(.rela.ctors)

.rel.dtors
 *(.rel.dtors)

.rela.dtors
 *(.rela.dtors)

.rel.got
 *(.rel.got)

.rela.got
 *(.rela.got)

.rel.bss
 *(.rel.bss)

.rela.bss
 *(.rela.bss)

.rel.plt
 *(.rel.plt)

.rela.plt
 *(.rela.plt)

.text           0x00000000      0xe42
 *(.vectors)
 .vectors       0x00000000       0x54 c:/winavr-20100110/bin/../lib/gcc/avr/4.3.3/../../../../avr/lib/avr5/crtm32.o
                0x00000000                __vectors
                0x00000000                __vector_default
 *(.vectors)
 *(.progmem.gcc*)
 *(.progmem*)
                0x00000054                . = ALIGN (0x2)
                0x00000054                __trampolines_start = .
 *(.trampolines)
 .trampolines   0x00000054        0x0 linker stubs
 *(.trampolines*)
                0x00000054                __trampolines_end = .
 *(.jumptables)
 *(.jumptables*)
 *(.lowtext)
 *(.lowtext*)
                0x00000054                __ctors_start = .
 *(.ctors)
                0x00000054                __ctors_end = .
                0x00000054                __dtors_start = .
 *(.dtors)
                0x00000054                __dtors_end = .
 SORT(*)(.ctors)
 SORT(*)(.dtors)
 *(.init0)
 .init0         0x00000054        0x0 c:/winavr-20100110/bin/../lib/gcc/avr/4.3.3/../../../../avr/lib/avr5/crtm32.o
                0x00000054                __init
 *(.init0)
 *(.init1)
 *(.init1)
 *(.init2)
 .init2         0x00000054        0xc c:/winavr-20100110/bin/../lib/gcc/avr/4.3.3/../../../../avr/lib/avr5/crtm32.o
 *(.init2)
 *(.init3)
 *(.init3)
 *(.init4)
 .init4         0x00000060       0x16 c:/winavr-20100110/bin/../lib/gcc/avr/4.3.3/avr5\libgcc.a(_copy_data.o)
                0x00000060                __do_copy_data
 .init4         0x00000076       0x10 c:/winavr-20100110/bin/../lib/gcc/avr/4.3.3/avr5\libgcc.a(_clear_bss.o)
                0x00000076                __do_clear_bss
 *(.init4)
 *(.init5)
 *(.init5)
 *(.init6)
 *(.init6)
 *(.init7)
 *(.init7)
 *(.init8)
 *(.init8)
 *(.init9)
 .init9         0x00000086        0x8 c:/winavr-20100110/bin/../lib/gcc/avr/4.3.3/../../../../avr/lib/avr5/crtm32.o
 *(.init9)
 *(.text)
 .text          0x0000008e        0x4 c:/winavr-20100110/bin/../lib/gcc/avr/4.3.3/../../../../avr/lib/avr5/crtm32.o
                0x0000008e                __vector_12
                0x0000008e                __bad_interrupt
                0x0000008e                __vector_6
                0x0000008e                __vector_11
                0x0000008e                __vector_13
                0x0000008e                __vector_17
                0x0000008e                __vector_19
                0x0000008e                __vector_7
                0x0000008e                __vector_9
                0x0000008e                __vector_15
                0x0000008e                __vector_8
                0x0000008e                __vector_14
                0x0000008e                __vector_10
                0x0000008e                __vector_16
                0x0000008e                __vector_18
                0x0000008e                __vector_20
 .text          0x00000092      0x2f2 ATmega32A_GCC_DigitalControlAudioSystem_pLibs.o
                0x00000092                port_init
                0x000000cc                __vector_1
                0x000000c6                timer2_off
                0x000000b0                timer2_init
                0x00000146                volumeUpdate
                0x00000264                buttons_press
                0x000000f4                __vector_3
                0x00000180                volumeEncoder
                0x00000130                init_all
                0x000000bc                timer2_on
                0x0000011c                __vector_5
                0x00000376                main
                0x00000108                __vector_4
                0x0000020c                ampliferOn
                0x000001c2                ampliferOff
                0x000000e0                __vector_2
 .text          0x00000384       0xbc 24c64.o
                0x000003ce                eeprom_24c64_write
                0x00000384                eeprom_24c64_read
                0x00000408                eeprom_24c64_reset
 .text          0x00000440      0x150 ds18x20.o
                0x00000538                wait_ready
                0x00000440                reset
                0x00000542                read_scratchpad
                0x0000046a                read_bit
                0x00000498                read_byte
                0x00000482                write_bit
                0x000004f2                write_byte
 .text          0x00000590       0x46 i2c_twi.o
                0x000005b2                i2c_write
                0x000005a0                i2c_start
                0x000005ac                i2c_stop
                0x000005c0                i2c_read
                0x00000590                i2c_init
 .text          0x000005d6      0x25a lcd_hd44780_74hc595.o
                0x0000071c                LCD_INIT
                0x000006b4                LCD_EXECUTE_DATA_LAST
                0x0000070c                LCD_CLEAR_CONTAIN
                0x00000614                LCD_EXECUTE_DATA
                0x0000078c                LCD_CGRAM_CUSTOM_SYMBOLS
                0x000005d6                LCD_EXECUTE_COMMAND
                0x000006ce                LCD_COMMAND
                0x0000073e                LCD_DATA_STRING
                0x00000676                LCD_EXECUTE_DATA_ONE
                0x000007f8                LCD_DATA_INT
 .text          0x00000830       0x82 pga2310.o
                0x00000830                PGA2310_Volume_Update
                0x0000085e                pga2310_init
                0x00000888                pga2310_reset
 .text          0x000008b2      0x16a uart.o
                0x000008c4                uart_setup
                0x00000974                transmitUartULong
                0x000009ac                transmitUartInt
                0x00000934                receiveUart
                0x0000093c                transmitUartLong
                0x000008d2                uart_transmit
                0x000008fc                uart_transmit_DEC_to_BCD
                0x000008b2                uart_init
                0x000008f4                uart_transmit_one
                0x00000918                transmitUart
                0x00000920                transmitUartString
                0x000009e4                transmitUartUInt
 .text          0x00000a1c       0x58 spi.o
                0x00000a1c                spi_init
                0x00000a28                spi_start
                0x00000a50                spi_write_more_bytes
                0x00000a2e                spi_stop
                0x00000a6a                spi_read_more_bytes
                0x00000a3e                spi_write_two_bytes
                0x00000a32                spi_write_one_byte
 .text          0x00000a74       0xae utility.o
                0x00000af0                shiftLeftInMsbFirst
                0x00000ae2                shiftRightInLsbFirst
                0x00000a74                decToBcd
                0x00000afe                delay_ms
                0x00000a96                bcdToDec
                0x00000aaa                shiftRightOutLsbFirst
                0x00000ac6                shiftLeftOutMsbFirst
 .text          0x00000b22       0x98 rotation_encoder.o
                0x00000b62                rotaryEncoderVer1
                0x00000ba2                rotaryEncoderVer2
                0x00000b22                rotaryEncoderNikBarzakov
 .text          0x00000bba       0xc0 relay_74hc595.o
                0x00000bf4                relays_in1_6ch
                0x00000bec                relays_in1_2ch
                0x00000c72                relays_out_init
                0x00000bfc                relays_in2_2ch
                0x00000bbc                RELAYS_OUT_INIT
                0x00000bbe                RELAYS_IN_CHOOSE
                0x00000c62                relays_out_6ch
                0x00000c2c                RELAYS_OUT_CHOOSE
                0x00000c6a                relays_out_off
                0x00000c14                relays_in3_6ch
                0x00000c5a                relays_out_1ch
                0x00000c1c                relays_in_off
                0x00000c0c                relays_in3_2ch
                0x00000c04                relays_in2_6ch
                0x00000c24                relays_in_init
                0x00000bba                RELAYS_IN_INIT
 .text          0x00000c7a        0x0 c:/winavr-20100110/bin/../lib/gcc/avr/4.3.3/avr5\libgcc.a(_udivmodqi4.o)
 .text          0x00000c7a        0x0 c:/winavr-20100110/bin/../lib/gcc/avr/4.3.3/avr5\libgcc.a(_exit.o)
 .text          0x00000c7a        0x0 c:/winavr-20100110/bin/../lib/gcc/avr/4.3.3/avr5\libgcc.a(_copy_data.o)
 .text          0x00000c7a        0x0 c:/winavr-20100110/bin/../lib/gcc/avr/4.3.3/avr5\libgcc.a(_clear_bss.o)
 .text          0x00000c7a        0x0 c:/winavr-20100110/bin/../lib/gcc/avr/4.3.3/../../../../avr/lib/avr5\libc.a(itoa.o)
 .text          0x00000c7a        0x0 c:/winavr-20100110/bin/../lib/gcc/avr/4.3.3/../../../../avr/lib/avr5\libc.a(ltoa.o)
 .text          0x00000c7a        0x0 c:/winavr-20100110/bin/../lib/gcc/avr/4.3.3/../../../../avr/lib/avr5\libc.a(ultoa.o)
 .text          0x00000c7a        0x0 c:/winavr-20100110/bin/../lib/gcc/avr/4.3.3/../../../../avr/lib/avr5\libc.a(utoa.o)
 .text          0x00000c7a        0x0 c:/winavr-20100110/bin/../lib/gcc/avr/4.3.3/../../../../avr/lib/avr5\libc.a(strrev.o)
 .text          0x00000c7a        0x0 c:/winavr-20100110/bin/../lib/gcc/avr/4.3.3/avr5\libgcc.a(_udivmodhi4.o)
 .text          0x00000c7a        0x0 c:/winavr-20100110/bin/../lib/gcc/avr/4.3.3/avr5\libgcc.a(_udivmodsi4.o)
                0x00000c7a                . = ALIGN (0x2)
 *(.text.*)
 .text.libgcc   0x00000c7a       0x18 c:/winavr-20100110/bin/../lib/gcc/avr/4.3.3/avr5\libgcc.a(_udivmodqi4.o)
                0x00000c7a                __udivmodqi4
 .text.libgcc   0x00000c92        0x0 c:/winavr-20100110/bin/../lib/gcc/avr/4.3.3/avr5\libgcc.a(_exit.o)
 .text.libgcc   0x00000c92        0x0 c:/winavr-20100110/bin/../lib/gcc/avr/4.3.3/avr5\libgcc.a(_copy_data.o)
 .text.libgcc   0x00000c92        0x0 c:/winavr-20100110/bin/../lib/gcc/avr/4.3.3/avr5\libgcc.a(_clear_bss.o)
 .text.avr-libc
                0x00000c92       0x42 c:/winavr-20100110/bin/../lib/gcc/avr/4.3.3/../../../../avr/lib/avr5\libc.a(itoa.o)
                0x00000c92                itoa
 .text.avr-libc
                0x00000cd4       0x68 c:/winavr-20100110/bin/../lib/gcc/avr/4.3.3/../../../../avr/lib/avr5\libc.a(ltoa.o)
                0x00000cd4                ltoa
 .text.avr-libc
                0x00000d3c       0x4a c:/winavr-20100110/bin/../lib/gcc/avr/4.3.3/../../../../avr/lib/avr5\libc.a(ultoa.o)
                0x00000d3c                ultoa
 .text.avr-libc
                0x00000d86       0x2c c:/winavr-20100110/bin/../lib/gcc/avr/4.3.3/../../../../avr/lib/avr5\libc.a(utoa.o)
                0x00000d86                utoa
 .text.avr-libc
                0x00000db2       0x20 c:/winavr-20100110/bin/../lib/gcc/avr/4.3.3/../../../../avr/lib/avr5\libc.a(strrev.o)
                0x00000db2                strrev
 .text.libgcc   0x00000dd2       0x28 c:/winavr-20100110/bin/../lib/gcc/avr/4.3.3/avr5\libgcc.a(_udivmodhi4.o)
                0x00000dd2                __udivmodhi4
 .text.libgcc   0x00000dfa       0x44 c:/winavr-20100110/bin/../lib/gcc/avr/4.3.3/avr5\libgcc.a(_udivmodsi4.o)
                0x00000dfa                __udivmodsi4
                0x00000e3e                . = ALIGN (0x2)
 *(.fini9)
 .fini9         0x00000e3e        0x0 c:/winavr-20100110/bin/../lib/gcc/avr/4.3.3/avr5\libgcc.a(_exit.o)
                0x00000e3e                exit
                0x00000e3e                _exit
 *(.fini9)
 *(.fini8)
 *(.fini8)
 *(.fini7)
 *(.fini7)
 *(.fini6)
 *(.fini6)
 *(.fini5)
 *(.fini5)
 *(.fini4)
 *(.fini4)
 *(.fini3)
 *(.fini3)
 *(.fini2)
 *(.fini2)
 *(.fini1)
 *(.fini1)
 *(.fini0)
 .fini0         0x00000e3e        0x4 c:/winavr-20100110/bin/../lib/gcc/avr/4.3.3/avr5\libgcc.a(_exit.o)
 *(.fini0)
                0x00000e42                _etext = .

.data           0x00800060       0x9e load address 0x00000e42
                0x00800060                PROVIDE (__data_start, .)
 *(.data)
 .data          0x00800060        0x0 c:/winavr-20100110/bin/../lib/gcc/avr/4.3.3/../../../../avr/lib/avr5/crtm32.o
 .data          0x00800060       0x66 ATmega32A_GCC_DigitalControlAudioSystem_pLibs.o
                0x008000b2                volumeValue
 .data          0x008000c6        0x0 24c64.o
 .data          0x008000c6        0x0 ds18x20.o
 .data          0x008000c6        0x0 i2c_twi.o
 .data          0x008000c6       0x38 lcd_hd44780_74hc595.o
                0x008000c6                symbolGenerator
 .data          0x008000fe        0x0 pga2310.o
 .data          0x008000fe        0x0 uart.o
 .data          0x008000fe        0x0 spi.o
 .data          0x008000fe        0x0 utility.o
 .data          0x008000fe        0x0 rotation_encoder.o
 .data          0x008000fe        0x0 relay_74hc595.o
 .data          0x008000fe        0x0 c:/winavr-20100110/bin/../lib/gcc/avr/4.3.3/avr5\libgcc.a(_udivmodqi4.o)
 .data          0x008000fe        0x0 c:/winavr-20100110/bin/../lib/gcc/avr/4.3.3/avr5\libgcc.a(_exit.o)
 .data          0x008000fe        0x0 c:/winavr-20100110/bin/../lib/gcc/avr/4.3.3/avr5\libgcc.a(_copy_data.o)
 .data          0x008000fe        0x0 c:/winavr-20100110/bin/../lib/gcc/avr/4.3.3/avr5\libgcc.a(_clear_bss.o)
 .data          0x008000fe        0x0 c:/winavr-20100110/bin/../lib/gcc/avr/4.3.3/../../../../avr/lib/avr5\libc.a(itoa.o)
 .data          0x008000fe        0x0 c:/winavr-20100110/bin/../lib/gcc/avr/4.3.3/../../../../avr/lib/avr5\libc.a(ltoa.o)
 .data          0x008000fe        0x0 c:/winavr-20100110/bin/../lib/gcc/avr/4.3.3/../../../../avr/lib/avr5\libc.a(ultoa.o)
 .data          0x008000fe        0x0 c:/winavr-20100110/bin/../lib/gcc/avr/4.3.3/../../../../avr/lib/avr5\libc.a(utoa.o)
 .data          0x008000fe        0x0 c:/winavr-20100110/bin/../lib/gcc/avr/4.3.3/../../../../avr/lib/avr5\libc.a(strrev.o)
 .data          0x008000fe        0x0 c:/winavr-20100110/bin/../lib/gcc/avr/4.3.3/avr5\libgcc.a(_udivmodhi4.o)
 .data          0x008000fe        0x0 c:/winavr-20100110/bin/../lib/gcc/avr/4.3.3/avr5\libgcc.a(_udivmodsi4.o)
 *(.data*)
 *(.rodata)
 *(.rodata*)
 *(.gnu.linkonce.d*)
                0x008000fe                . = ALIGN (0x2)
                0x008000fe                _edata = .
                0x008000fe                PROVIDE (__data_end, .)

.bss            0x008000fe       0x15
                0x008000fe                PROVIDE (__bss_start, .)
 *(.bss)
 .bss           0x008000fe        0x0 c:/winavr-20100110/bin/../lib/gcc/avr/4.3.3/../../../../avr/lib/avr5/crtm32.o
 .bss           0x008000fe        0x1 ATmega32A_GCC_DigitalControlAudioSystem_pLibs.o
                0x008000fe                volumeIndex
 .bss           0x008000ff        0x0 24c64.o
 .bss           0x008000ff        0xa ds18x20.o
                0x008000ff                scratchpad
 .bss           0x00800109        0x0 i2c_twi.o
 .bss           0x00800109        0x0 lcd_hd44780_74hc595.o
 .bss           0x00800109        0x0 pga2310.o
 .bss           0x00800109        0x0 uart.o
 .bss           0x00800109        0x0 spi.o
 .bss           0x00800109        0x0 utility.o
 .bss           0x00800109        0x0 rotation_encoder.o
 .bss           0x00800109        0x0 relay_74hc595.o
 .bss           0x00800109        0x0 c:/winavr-20100110/bin/../lib/gcc/avr/4.3.3/avr5\libgcc.a(_udivmodqi4.o)
 .bss           0x00800109        0x0 c:/winavr-20100110/bin/../lib/gcc/avr/4.3.3/avr5\libgcc.a(_exit.o)
 .bss           0x00800109        0x0 c:/winavr-20100110/bin/../lib/gcc/avr/4.3.3/avr5\libgcc.a(_copy_data.o)
 .bss           0x00800109        0x0 c:/winavr-20100110/bin/../lib/gcc/avr/4.3.3/avr5\libgcc.a(_clear_bss.o)
 .bss           0x00800109        0x0 c:/winavr-20100110/bin/../lib/gcc/avr/4.3.3/../../../../avr/lib/avr5\libc.a(itoa.o)
 .bss           0x00800109        0x0 c:/winavr-20100110/bin/../lib/gcc/avr/4.3.3/../../../../avr/lib/avr5\libc.a(ltoa.o)
 .bss           0x00800109        0x0 c:/winavr-20100110/bin/../lib/gcc/avr/4.3.3/../../../../avr/lib/avr5\libc.a(ultoa.o)
 .bss           0x00800109        0x0 c:/winavr-20100110/bin/../lib/gcc/avr/4.3.3/../../../../avr/lib/avr5\libc.a(utoa.o)
 .bss           0x00800109        0x0 c:/winavr-20100110/bin/../lib/gcc/avr/4.3.3/../../../../avr/lib/avr5\libc.a(strrev.o)
 .bss           0x00800109        0x0 c:/winavr-20100110/bin/../lib/gcc/avr/4.3.3/avr5\libgcc.a(_udivmodhi4.o)
 .bss           0x00800109        0x0 c:/winavr-20100110/bin/../lib/gcc/avr/4.3.3/avr5\libgcc.a(_udivmodsi4.o)
 *(.bss*)
 *(COMMON)
 COMMON         0x00800109        0x6 ATmega32A_GCC_DigitalControlAudioSystem_pLibs.o
                0x00800109                irCommand
                0x0080010a                flagStatusBits
                0x0080010c                irExtened
                0x0080010d                irAddress
                0x0080010e                fSB
 COMMON         0x0080010f        0x4 lcd_hd44780_74hc595.o
                0x0080010f                rows
                0x00800111                cols
                0x00800113                PROVIDE (__bss_end, .)
                0x00000e42                __data_load_start = LOADADDR (.data)
                0x00000ee0                __data_load_end = (__data_load_start + SIZEOF (.data))

.noinit         0x00800113        0x0
                0x00800113                PROVIDE (__noinit_start, .)
 *(.noinit*)
                0x00800113                PROVIDE (__noinit_end, .)
                0x00800113                _end = .
                0x00800113                PROVIDE (__heap_start, .)

.eeprom         0x00810000        0x0
 *(.eeprom*)
                0x00810000                __eeprom_end = .

.fuse
 *(.fuse)
 *(.lfuse)
 *(.hfuse)
 *(.efuse)

.lock
 *(.lock*)

.signature
 *(.signature*)

.stab
 *(.stab)

.stabstr
 *(.stabstr)

.stab.excl
 *(.stab.excl)

.stab.exclstr
 *(.stab.exclstr)

.stab.index
 *(.stab.index)

.stab.indexstr
 *(.stab.indexstr)

.comment
 *(.comment)

.debug
 *(.debug)

.line
 *(.line)

.debug_srcinfo
 *(.debug_srcinfo)

.debug_sfnames
 *(.debug_sfnames)

.debug_aranges  0x00000000      0x160
 *(.debug_aranges)
 .debug_aranges
                0x00000000       0x20 ATmega32A_GCC_DigitalControlAudioSystem_pLibs.o
 .debug_aranges
                0x00000020       0x20 24c64.o
 .debug_aranges
                0x00000040       0x20 ds18x20.o
 .debug_aranges
                0x00000060       0x20 i2c_twi.o
 .debug_aranges
                0x00000080       0x20 lcd_hd44780_74hc595.o
 .debug_aranges
                0x000000a0       0x20 pga2310.o
 .debug_aranges
                0x000000c0       0x20 uart.o
 .debug_aranges
                0x000000e0       0x20 spi.o
 .debug_aranges
                0x00000100       0x20 utility.o
 .debug_aranges
                0x00000120       0x20 rotation_encoder.o
 .debug_aranges
                0x00000140       0x20 relay_74hc595.o

.debug_pubnames
                0x00000000      0x7ce
 *(.debug_pubnames)
 .debug_pubnames
                0x00000000      0x167 ATmega32A_GCC_DigitalControlAudioSystem_pLibs.o
 .debug_pubnames
                0x00000167       0x56 24c64.o
 .debug_pubnames
                0x000001bd       0x86 ds18x20.o
 .debug_pubnames
                0x00000243       0x55 i2c_twi.o
 .debug_pubnames
                0x00000298      0x10d lcd_hd44780_74hc595.o
 .debug_pubnames
                0x000003a5       0x4f pga2310.o
 .debug_pubnames
                0x000003f4      0x100 uart.o
 .debug_pubnames
                0x000004f4       0x9a spi.o
 .debug_pubnames
                0x0000058e       0x9d utility.o
 .debug_pubnames
                0x0000062b       0x5b rotation_encoder.o
 .debug_pubnames
                0x00000686      0x148 relay_74hc595.o

.debug_info     0x00000000     0x2406
 *(.debug_info)
 .debug_info    0x00000000      0x5cc ATmega32A_GCC_DigitalControlAudioSystem_pLibs.o
 .debug_info    0x000005cc       0xfe 24c64.o
 .debug_info    0x000006ca      0x4a2 ds18x20.o
 .debug_info    0x00000b6c       0xe8 i2c_twi.o
 .debug_info    0x00000c54      0x965 lcd_hd44780_74hc595.o
 .debug_info    0x000015b9       0xbb pga2310.o
 .debug_info    0x00001674      0x2f5 uart.o
 .debug_info    0x00001969      0x170 spi.o
 .debug_info    0x00001ad9      0x1d6 utility.o
 .debug_info    0x00001caf      0x35a rotation_encoder.o
 .debug_info    0x00002009      0x3fd relay_74hc595.o
 *(.gnu.linkonce.wi.*)

.debug_abbrev   0x00000000      0xbc8
 *(.debug_abbrev)
 .debug_abbrev  0x00000000      0x1c6 ATmega32A_GCC_DigitalControlAudioSystem_pLibs.o
 .debug_abbrev  0x000001c6       0x8e 24c64.o
 .debug_abbrev  0x00000254      0x177 ds18x20.o
 .debug_abbrev  0x000003cb       0x8f i2c_twi.o
 .debug_abbrev  0x0000045a      0x211 lcd_hd44780_74hc595.o
 .debug_abbrev  0x0000066b       0x63 pga2310.o
 .debug_abbrev  0x000006ce      0x16a uart.o
 .debug_abbrev  0x00000838       0xd5 spi.o
 .debug_abbrev  0x0000090d       0xb6 utility.o
 .debug_abbrev  0x000009c3       0xfb rotation_encoder.o
 .debug_abbrev  0x00000abe      0x10a relay_74hc595.o

.debug_line     0x00000000     0x1d0e
 *(.debug_line)
 .debug_line    0x00000000      0x600 ATmega32A_GCC_DigitalControlAudioSystem_pLibs.o
 .debug_line    0x00000600      0x193 24c64.o
 .debug_line    0x00000793      0x2f3 ds18x20.o
 .debug_line    0x00000a86      0x12b i2c_twi.o
 .debug_line    0x00000bb1      0x5ba lcd_hd44780_74hc595.o
 .debug_line    0x0000116b      0x17f pga2310.o
 .debug_line    0x000012ea      0x222 uart.o
 .debug_line    0x0000150c      0x187 spi.o
 .debug_line    0x00001693      0x193 utility.o
 .debug_line    0x00001826      0x1b2 rotation_encoder.o
 .debug_line    0x000019d8      0x336 relay_74hc595.o

.debug_frame    0x00000000      0x640
 *(.debug_frame)
 .debug_frame   0x00000000      0x110 ATmega32A_GCC_DigitalControlAudioSystem_pLibs.o
 .debug_frame   0x00000110       0x40 24c64.o
 .debug_frame   0x00000150       0x80 ds18x20.o
 .debug_frame   0x000001d0       0x60 i2c_twi.o
 .debug_frame   0x00000230       0xb0 lcd_hd44780_74hc595.o
 .debug_frame   0x000002e0       0x40 pga2310.o
 .debug_frame   0x00000320       0xd0 uart.o
 .debug_frame   0x000003f0       0x80 spi.o
 .debug_frame   0x00000470       0x80 utility.o
 .debug_frame   0x000004f0       0x40 rotation_encoder.o
 .debug_frame   0x00000530      0x110 relay_74hc595.o

.debug_str      0x00000000      0x9b4
 *(.debug_str)
 .debug_str     0x00000000      0x241 ATmega32A_GCC_DigitalControlAudioSystem_pLibs.o
                                0x275 (size before relaxing)
 .debug_str     0x00000241       0xca 24c64.o
                                0x1b6 (size before relaxing)
 .debug_str     0x0000030b       0x91 ds18x20.o
                                0x1be (size before relaxing)
 .debug_str     0x0000039c       0x58 i2c_twi.o
                                0x131 (size before relaxing)
 .debug_str     0x000003f4      0x129 lcd_hd44780_74hc595.o
                                0x26f (size before relaxing)
 .debug_str     0x0000051d       0x70 pga2310.o
                                0x144 (size before relaxing)
 .debug_str     0x0000058d      0x129 uart.o
                                0x222 (size before relaxing)
 .debug_str     0x000006b6       0x96 spi.o
                                0x16f (size before relaxing)
 .debug_str     0x0000074c       0xa0 utility.o
                                0x19d (size before relaxing)
 .debug_str     0x000007ec       0x92 rotation_encoder.o
                                0x1d3 (size before relaxing)
 .debug_str     0x0000087e      0x136 relay_74hc595.o
                                0x272 (size before relaxing)

.debug_loc      0x00000000      0xca5
 *(.debug_loc)
 .debug_loc     0x00000000      0x660 ATmega32A_GCC_DigitalControlAudioSystem_pLibs.o
 .debug_loc     0x00000660       0x18 24c64.o
 .debug_loc     0x00000678       0xfa ds18x20.o
 .debug_loc     0x00000772       0x31 i2c_twi.o
 .debug_loc     0x000007a3      0x204 lcd_hd44780_74hc595.o
 .debug_loc     0x000009a7       0x3c pga2310.o
 .debug_loc     0x000009e3       0xed uart.o
 .debug_loc     0x00000ad0       0x28 spi.o
 .debug_loc     0x00000af8       0x31 utility.o
 .debug_loc     0x00000b29      0x11a rotation_encoder.o
 .debug_loc     0x00000c43       0x62 relay_74hc595.o

.debug_macinfo
 *(.debug_macinfo)
OUTPUT(ATmega32A_GCC_DigitalControlAudioSystem_pLibs.elf elf32-avr)
LOAD linker stubs

.debug_ranges   0x00000000      0x2e8
 .debug_ranges  0x00000000       0x48 ATmega32A_GCC_DigitalControlAudioSystem_pLibs.o
 .debug_ranges  0x00000048       0x78 ds18x20.o
 .debug_ranges  0x000000c0      0x1f8 lcd_hd44780_74hc595.o
 .debug_ranges  0x000002b8       0x18 uart.o
 .debug_ranges  0x000002d0       0x18 spi.o
