Archive member included because of file (symbol)

c:/winavr-20100110/bin/../lib/gcc/avr/4.3.3/avr5\libgcc.a(_udivmodqi4.o)
                              utility.o (__udivmodqi4)
c:/winavr-20100110/bin/../lib/gcc/avr/4.3.3/avr5\libgcc.a(_exit.o)
                              c:/winavr-20100110/bin/../lib/gcc/avr/4.3.3/../../../../avr/lib/avr5/crtm32.o (exit)
c:/winavr-20100110/bin/../lib/gcc/avr/4.3.3/avr5\libgcc.a(_copy_data.o)
                              ATmega32A_GCC_DigitalControlAudioSystem_pLibs.o (__do_copy_data)
c:/winavr-20100110/bin/../lib/gcc/avr/4.3.3/avr5\libgcc.a(_clear_bss.o)
                              ATmega32A_GCC_DigitalControlAudioSystem_pLibs.o (__do_clear_bss)
c:/winavr-20100110/bin/../lib/gcc/avr/4.3.3/../../../../avr/lib/avr5\libc.a(itoa.o)
                              lcd_hd44780_74hc595.o (itoa)
c:/winavr-20100110/bin/../lib/gcc/avr/4.3.3/../../../../avr/lib/avr5\libc.a(ltoa.o)
                              lcd_hd44780_74hc595.o (ltoa)
c:/winavr-20100110/bin/../lib/gcc/avr/4.3.3/../../../../avr/lib/avr5\libc.a(ultoa.o)
                              lcd_hd44780_74hc595.o (ultoa)
c:/winavr-20100110/bin/../lib/gcc/avr/4.3.3/../../../../avr/lib/avr5\libc.a(utoa.o)
                              lcd_hd44780_74hc595.o (utoa)
c:/winavr-20100110/bin/../lib/gcc/avr/4.3.3/../../../../avr/lib/avr5\libc.a(strrev.o)
                              c:/winavr-20100110/bin/../lib/gcc/avr/4.3.3/../../../../avr/lib/avr5\libc.a(itoa.o) (strrev)
c:/winavr-20100110/bin/../lib/gcc/avr/4.3.3/avr5\libgcc.a(_udivmodhi4.o)
                              c:/winavr-20100110/bin/../lib/gcc/avr/4.3.3/../../../../avr/lib/avr5\libc.a(itoa.o) (__udivmodhi4)
c:/winavr-20100110/bin/../lib/gcc/avr/4.3.3/avr5\libgcc.a(_udivmodsi4.o)
                              c:/winavr-20100110/bin/../lib/gcc/avr/4.3.3/../../../../avr/lib/avr5\libc.a(ltoa.o) (__udivmodsi4)

Allocating common symbols
Common symbol       size              file

rows                0x2               lcd_hd44780_74hc595.o
irCommand           0x1               ATmega32A_GCC_DigitalControlAudioSystem_pLibs.o
flagStatusBits      0x2               ATmega32A_GCC_DigitalControlAudioSystem_pLibs.o
irExtened           0x1               ATmega32A_GCC_DigitalControlAudioSystem_pLibs.o
cols                0x2               lcd_hd44780_74hc595.o
irAddress           0x1               ATmega32A_GCC_DigitalControlAudioSystem_pLibs.o
fSB                 0x1               ATmega32A_GCC_DigitalControlAudioSystem_pLibs.o

Memory Configuration

Name             Origin             Length             Attributes
text             0x00000000         0x00020000         xr
data             0x00800060         0x0000ffa0         rw !x
eeprom           0x00810000         0x00010000         rw !x
fuse             0x00820000         0x00000400         rw !x
lock             0x00830000         0x00000400         rw !x
signature        0x00840000         0x00000400         rw !x
*default*        0x00000000         0xffffffff

Linker script and memory map

LOAD c:/winavr-20100110/bin/../lib/gcc/avr/4.3.3/../../../../avr/lib/avr5/crtm32.o
LOAD ATmega32A_GCC_DigitalControlAudioSystem_pLibs.o
LOAD 24c64.o
LOAD ds18x20.o
LOAD i2c_twi.o
LOAD lcd_hd44780_74hc595.o
LOAD pga2310.o
LOAD uart.o
LOAD spi.o
LOAD utility.o
LOAD rotation_encoder.o
LOAD relay_74hc595.o
LOAD c:/winavr-20100110/bin/../lib/gcc/avr/4.3.3/avr5\libgcc.a
LOAD c:/winavr-20100110/bin/../lib/gcc/avr/4.3.3/../../../../avr/lib/avr5\libc.a
LOAD c:/winavr-20100110/bin/../lib/gcc/avr/4.3.3/avr5\libgcc.a

.hash
 *(.hash)

.dynsym
 *(.dynsym)

.dynstr
 *(.dynstr)

.gnu.version
 *(.gnu.version)

.gnu.version_d
 *(.gnu.version_d)

.gnu.version_r
 *(.gnu.version_r)

.rel.init
 *(.rel.init)

.rela.init
 *(.rela.init)

.rel.text
 *(.rel.text)
 *(.rel.text.*)
 *(.rel.gnu.linkonce.t*)

.rela.text
 *(.rela.text)
 *(.rela.text.*)
 *(.rela.gnu.linkonce.t*)

.rel.fini
 *(.rel.fini)

.rela.fini
 *(.rela.fini)

.rel.rodata
 *(.rel.rodata)
 *(.rel.rodata.*)
 *(.rel.gnu.linkonce.r*)

.rela.rodata
 *(.rela.rodata)
 *(.rela.rodata.*)
 *(.rela.gnu.linkonce.r*)

.rel.data
 *(.rel.data)
 *(.rel.data.*)
 *(.rel.gnu.linkonce.d*)

.rela.data
 *(.rela.data)
 *(.rela.data.*)
 *(.rela.gnu.linkonce.d*)

.rel.ctors
 *(.rel.ctors)

.rela.ctors
 *(.rela.ctors)

.rel.dtors
 *(.rel.dtors)

.rela.dtors
 *(.rela.dtors)

.rel.got
 *(.rel.got)

.rela.got
 *(.rela.got)

.rel.bss
 *(.rel.bss)

.rela.bss
 *(.rela.bss)

.rel.plt
 *(.rel.plt)

.rela.plt
 *(.rela.plt)

.text           0x00000000     0x1000
 *(.vectors)
 .vectors       0x00000000       0x54 c:/winavr-20100110/bin/../lib/gcc/avr/4.3.3/../../../../avr/lib/avr5/crtm32.o
                0x00000000                __vectors
                0x00000000                __vector_default
 *(.vectors)
 *(.progmem.gcc*)
 *(.progmem*)
                0x00000054                . = ALIGN (0x2)
                0x00000054                __trampolines_start = .
 *(.trampolines)
 .trampolines   0x00000054        0x0 linker stubs
 *(.trampolines*)
                0x00000054                __trampolines_end = .
 *(.jumptables)
 *(.jumptables*)
 *(.lowtext)
 *(.lowtext*)
                0x00000054                __ctors_start = .
 *(.ctors)
                0x00000054                __ctors_end = .
                0x00000054                __dtors_start = .
 *(.dtors)
                0x00000054                __dtors_end = .
 SORT(*)(.ctors)
 SORT(*)(.dtors)
 *(.init0)
 .init0         0x00000054        0x0 c:/winavr-20100110/bin/../lib/gcc/avr/4.3.3/../../../../avr/lib/avr5/crtm32.o
                0x00000054                __init
 *(.init0)
 *(.init1)
 *(.init1)
 *(.init2)
 .init2         0x00000054        0xc c:/winavr-20100110/bin/../lib/gcc/avr/4.3.3/../../../../avr/lib/avr5/crtm32.o
 *(.init2)
 *(.init3)
 *(.init3)
 *(.init4)
 .init4         0x00000060       0x16 c:/winavr-20100110/bin/../lib/gcc/avr/4.3.3/avr5\libgcc.a(_copy_data.o)
                0x00000060                __do_copy_data
 .init4         0x00000076       0x10 c:/winavr-20100110/bin/../lib/gcc/avr/4.3.3/avr5\libgcc.a(_clear_bss.o)
                0x00000076                __do_clear_bss
 *(.init4)
 *(.init5)
 *(.init5)
 *(.init6)
 *(.init6)
 *(.init7)
 *(.init7)
 *(.init8)
 *(.init8)
 *(.init9)
 .init9         0x00000086        0x8 c:/winavr-20100110/bin/../lib/gcc/avr/4.3.3/../../../../avr/lib/avr5/crtm32.o
 *(.init9)
 *(.text)
 .text          0x0000008e        0x4 c:/winavr-20100110/bin/../lib/gcc/avr/4.3.3/../../../../avr/lib/avr5/crtm32.o
                0x0000008e                __vector_12
                0x0000008e                __bad_interrupt
                0x0000008e                __vector_6
                0x0000008e                __vector_11
                0x0000008e                __vector_13
                0x0000008e                __vector_17
                0x0000008e                __vector_19
                0x0000008e                __vector_7
                0x0000008e                __vector_9
                0x0000008e                __vector_15
                0x0000008e                __vector_8
                0x0000008e                __vector_14
                0x0000008e                __vector_10
                0x0000008e                __vector_16
                0x0000008e                __vector_18
                0x0000008e                __vector_20
 .text          0x00000092      0x3d0 ATmega32A_GCC_DigitalControlAudioSystem_pLibs.o
                0x00000092                port_init
                0x000000cc                __vector_1
                0x000000c6                timer2_off
                0x000000b0                timer2_init
                0x000001f4                volumeUpdate
                0x0000033c                buttons_press
                0x000000f4                __vector_3
                0x00000248                volumeEncoder
                0x0000014a                commonEncoder
                0x00000130                init_all
                0x000000bc                timer2_on
                0x0000011c                __vector_5
                0x00000454                main
                0x00000108                __vector_4
                0x000002dc                ampliferOn
                0x0000028a                ampliferOff
                0x000000e0                __vector_2
 .text          0x00000462       0xbc 24c64.o
                0x000004ac                eeprom_24c64_write
                0x00000462                eeprom_24c64_read
                0x000004e6                eeprom_24c64_reset
 .text          0x0000051e      0x150 ds18x20.o
                0x00000616                wait_ready
                0x0000051e                reset
                0x00000620                read_scratchpad
                0x00000548                read_bit
                0x00000576                read_byte
                0x00000560                write_bit
                0x000005d0                write_byte
 .text          0x0000066e       0x46 i2c_twi.o
                0x00000690                i2c_write
                0x0000067e                i2c_start
                0x0000068a                i2c_stop
                0x0000069e                i2c_read
                0x0000066e                i2c_init
 .text          0x000006b4      0x302 lcd_hd44780_74hc595.o
                0x000007fa                LCD_INIT
                0x00000792                LCD_EXECUTE_DATA_LAST
                0x000007ea                LCD_CLEAR_CONTAIN
                0x000008d6                LCD_DATA_ULONG
                0x000006f2                LCD_EXECUTE_DATA
                0x0000097e                LCD_DATA_UINT
                0x0000086a                LCD_CGRAM_CUSTOM_SYMBOLS
                0x0000090e                LCD_DATA_LONG
                0x000006b4                LCD_EXECUTE_COMMAND
                0x000007ac                LCD_COMMAND
                0x0000081c                LCD_DATA_STRING
                0x00000754                LCD_EXECUTE_DATA_ONE
                0x00000946                LCD_DATA_INT
 .text          0x000009b6       0x82 pga2310.o
                0x000009b6                PGA2310_Volume_Update
                0x000009e4                pga2310_init
                0x00000a0e                pga2310_reset
 .text          0x00000a38      0x1a2 uart.o
                0x00000a38                uart_setup
                0x00000ae8                transmitUartULong
                0x00000b20                transmitUartInt
                0x00000aa8                receiveUart
                0x00000ab0                transmitUartLong
                0x00000a46                uart_transmit
                0x00000a70                uart_transmit_DEC_to_BCD
                0x00000b90                uart_init
                0x00000a68                uart_transmit_one
                0x00000a8c                transmitUart
                0x00000a94                transmitUartString
                0x00000b58                transmitUartUInt
 .text          0x00000bda       0x58 spi.o
                0x00000bda                spi_init
                0x00000be6                spi_start
                0x00000c0e                spi_write_more_bytes
                0x00000bec                spi_stop
                0x00000c28                spi_read_more_bytes
                0x00000bfc                spi_write_two_bytes
                0x00000bf0                spi_write_one_byte
 .text          0x00000c32       0xae utility.o
                0x00000cae                shiftLeftInMsbFirst
                0x00000ca0                shiftRightInLsbFirst
                0x00000c32                decToBcd
                0x00000cbc                delay_ms
                0x00000c54                bcdToDec
                0x00000c68                shiftRightOutLsbFirst
                0x00000c84                shiftLeftOutMsbFirst
 .text          0x00000ce0       0x98 rotation_encoder.o
                0x00000d20                rotaryEncoderVer1
                0x00000d60                rotaryEncoderVer2
                0x00000ce0                rotaryEncoderNikBarzakov
 .text          0x00000d78       0xc0 relay_74hc595.o
                0x00000db2                relays_in1_6ch
                0x00000daa                relays_in1_2ch
                0x00000e30                relays_out_init
                0x00000dba                relays_in2_2ch
                0x00000d7a                RELAYS_OUT_INIT
                0x00000d7c                RELAYS_IN_CHOOSE
                0x00000e20                relays_out_6ch
                0x00000dea                RELAYS_OUT_CHOOSE
                0x00000e28                relays_out_off
                0x00000dd2                relays_in3_6ch
                0x00000e18                relays_out_1ch
                0x00000dda                relays_in_off
                0x00000dca                relays_in3_2ch
                0x00000dc2                relays_in2_6ch
                0x00000de2                relays_in_init
                0x00000d78                RELAYS_IN_INIT
 .text          0x00000e38        0x0 c:/winavr-20100110/bin/../lib/gcc/avr/4.3.3/avr5\libgcc.a(_udivmodqi4.o)
 .text          0x00000e38        0x0 c:/winavr-20100110/bin/../lib/gcc/avr/4.3.3/avr5\libgcc.a(_exit.o)
 .text          0x00000e38        0x0 c:/winavr-20100110/bin/../lib/gcc/avr/4.3.3/avr5\libgcc.a(_copy_data.o)
 .text          0x00000e38        0x0 c:/winavr-20100110/bin/../lib/gcc/avr/4.3.3/avr5\libgcc.a(_clear_bss.o)
 .text          0x00000e38        0x0 c:/winavr-20100110/bin/../lib/gcc/avr/4.3.3/../../../../avr/lib/avr5\libc.a(itoa.o)
 .text          0x00000e38        0x0 c:/winavr-20100110/bin/../lib/gcc/avr/4.3.3/../../../../avr/lib/avr5\libc.a(ltoa.o)
 .text          0x00000e38        0x0 c:/winavr-20100110/bin/../lib/gcc/avr/4.3.3/../../../../avr/lib/avr5\libc.a(ultoa.o)
 .text          0x00000e38        0x0 c:/winavr-20100110/bin/../lib/gcc/avr/4.3.3/../../../../avr/lib/avr5\libc.a(utoa.o)
 .text          0x00000e38        0x0 c:/winavr-20100110/bin/../lib/gcc/avr/4.3.3/../../../../avr/lib/avr5\libc.a(strrev.o)
 .text          0x00000e38        0x0 c:/winavr-20100110/bin/../lib/gcc/avr/4.3.3/avr5\libgcc.a(_udivmodhi4.o)
 .text          0x00000e38        0x0 c:/winavr-20100110/bin/../lib/gcc/avr/4.3.3/avr5\libgcc.a(_udivmodsi4.o)
                0x00000e38                . = ALIGN (0x2)
 *(.text.*)
 .text.libgcc   0x00000e38       0x18 c:/winavr-20100110/bin/../lib/gcc/avr/4.3.3/avr5\libgcc.a(_udivmodqi4.o)
                0x00000e38                __udivmodqi4
 .text.libgcc   0x00000e50        0x0 c:/winavr-20100110/bin/../lib/gcc/avr/4.3.3/avr5\libgcc.a(_exit.o)
 .text.libgcc   0x00000e50        0x0 c:/winavr-20100110/bin/../lib/gcc/avr/4.3.3/avr5\libgcc.a(_copy_data.o)
 .text.libgcc   0x00000e50        0x0 c:/winavr-20100110/bin/../lib/gcc/avr/4.3.3/avr5\libgcc.a(_clear_bss.o)
 .text.avr-libc
                0x00000e50       0x42 c:/winavr-20100110/bin/../lib/gcc/avr/4.3.3/../../../../avr/lib/avr5\libc.a(itoa.o)
                0x00000e50                itoa
 .text.avr-libc
                0x00000e92       0x68 c:/winavr-20100110/bin/../lib/gcc/avr/4.3.3/../../../../avr/lib/avr5\libc.a(ltoa.o)
                0x00000e92                ltoa
 .text.avr-libc
                0x00000efa       0x4a c:/winavr-20100110/bin/../lib/gcc/avr/4.3.3/../../../../avr/lib/avr5\libc.a(ultoa.o)
                0x00000efa                ultoa
 .text.avr-libc
                0x00000f44       0x2c c:/winavr-20100110/bin/../lib/gcc/avr/4.3.3/../../../../avr/lib/avr5\libc.a(utoa.o)
                0x00000f44                utoa
 .text.avr-libc
                0x00000f70       0x20 c:/winavr-20100110/bin/../lib/gcc/avr/4.3.3/../../../../avr/lib/avr5\libc.a(strrev.o)
                0x00000f70                strrev
 .text.libgcc   0x00000f90       0x28 c:/winavr-20100110/bin/../lib/gcc/avr/4.3.3/avr5\libgcc.a(_udivmodhi4.o)
                0x00000f90                __udivmodhi4
 .text.libgcc   0x00000fb8       0x44 c:/winavr-20100110/bin/../lib/gcc/avr/4.3.3/avr5\libgcc.a(_udivmodsi4.o)
                0x00000fb8                __udivmodsi4
                0x00000ffc                . = ALIGN (0x2)
 *(.fini9)
 .fini9         0x00000ffc        0x0 c:/winavr-20100110/bin/../lib/gcc/avr/4.3.3/avr5\libgcc.a(_exit.o)
                0x00000ffc                exit
                0x00000ffc                _exit
 *(.fini9)
 *(.fini8)
 *(.fini8)
 *(.fini7)
 *(.fini7)
 *(.fini6)
 *(.fini6)
 *(.fini5)
 *(.fini5)
 *(.fini4)
 *(.fini4)
 *(.fini3)
 *(.fini3)
 *(.fini2)
 *(.fini2)
 *(.fini1)
 *(.fini1)
 *(.fini0)
 .fini0         0x00000ffc        0x4 c:/winavr-20100110/bin/../lib/gcc/avr/4.3.3/avr5\libgcc.a(_exit.o)
 *(.fini0)
                0x00001000                _etext = .

.data           0x00800060      0x18c load address 0x00001000
                0x00800060                PROVIDE (__data_start, .)
 *(.data)
 .data          0x00800060        0x0 c:/winavr-20100110/bin/../lib/gcc/avr/4.3.3/../../../../avr/lib/avr5/crtm32.o
 .data          0x00800060       0xc4 ATmega32A_GCC_DigitalControlAudioSystem_pLibs.o
                0x00800110                volumeValue
 .data          0x00800124        0x0 24c64.o
 .data          0x00800124        0x0 ds18x20.o
 .data          0x00800124        0x0 i2c_twi.o
 .data          0x00800124       0x38 lcd_hd44780_74hc595.o
                0x00800124                symbolGenerator
 .data          0x0080015c        0x0 pga2310.o
 .data          0x0080015c       0x90 uart.o
 .data          0x008001ec        0x0 spi.o
 .data          0x008001ec        0x0 utility.o
 .data          0x008001ec        0x0 rotation_encoder.o
 .data          0x008001ec        0x0 relay_74hc595.o
 .data          0x008001ec        0x0 c:/winavr-20100110/bin/../lib/gcc/avr/4.3.3/avr5\libgcc.a(_udivmodqi4.o)
 .data          0x008001ec        0x0 c:/winavr-20100110/bin/../lib/gcc/avr/4.3.3/avr5\libgcc.a(_exit.o)
 .data          0x008001ec        0x0 c:/winavr-20100110/bin/../lib/gcc/avr/4.3.3/avr5\libgcc.a(_copy_data.o)
 .data          0x008001ec        0x0 c:/winavr-20100110/bin/../lib/gcc/avr/4.3.3/avr5\libgcc.a(_clear_bss.o)
 .data          0x008001ec        0x0 c:/winavr-20100110/bin/../lib/gcc/avr/4.3.3/../../../../avr/lib/avr5\libc.a(itoa.o)
 .data          0x008001ec        0x0 c:/winavr-20100110/bin/../lib/gcc/avr/4.3.3/../../../../avr/lib/avr5\libc.a(ltoa.o)
 .data          0x008001ec        0x0 c:/winavr-20100110/bin/../lib/gcc/avr/4.3.3/../../../../avr/lib/avr5\libc.a(ultoa.o)
 .data          0x008001ec        0x0 c:/winavr-20100110/bin/../lib/gcc/avr/4.3.3/../../../../avr/lib/avr5\libc.a(utoa.o)
 .data          0x008001ec        0x0 c:/winavr-20100110/bin/../lib/gcc/avr/4.3.3/../../../../avr/lib/avr5\libc.a(strrev.o)
 .data          0x008001ec        0x0 c:/winavr-20100110/bin/../lib/gcc/avr/4.3.3/avr5\libgcc.a(_udivmodhi4.o)
 .data          0x008001ec        0x0 c:/winavr-20100110/bin/../lib/gcc/avr/4.3.3/avr5\libgcc.a(_udivmodsi4.o)
 *(.data*)
 *(.rodata)
 *(.rodata*)
 *(.gnu.linkonce.d*)
                0x008001ec                . = ALIGN (0x2)
                0x008001ec                _edata = .
                0x008001ec                PROVIDE (__data_end, .)

.bss            0x008001ec       0x16
                0x008001ec                PROVIDE (__bss_start, .)
 *(.bss)
 .bss           0x008001ec        0x0 c:/winavr-20100110/bin/../lib/gcc/avr/4.3.3/../../../../avr/lib/avr5/crtm32.o
 .bss           0x008001ec        0x2 ATmega32A_GCC_DigitalControlAudioSystem_pLibs.o
                0x008001ec                volumeIndex
 .bss           0x008001ee        0x0 24c64.o
 .bss           0x008001ee        0xa ds18x20.o
                0x008001ee                scratchpad
 .bss           0x008001f8        0x0 i2c_twi.o
 .bss           0x008001f8        0x0 lcd_hd44780_74hc595.o
 .bss           0x008001f8        0x0 pga2310.o
 .bss           0x008001f8        0x0 uart.o
 .bss           0x008001f8        0x0 spi.o
 .bss           0x008001f8        0x0 utility.o
 .bss           0x008001f8        0x0 rotation_encoder.o
 .bss           0x008001f8        0x0 relay_74hc595.o
 .bss           0x008001f8        0x0 c:/winavr-20100110/bin/../lib/gcc/avr/4.3.3/avr5\libgcc.a(_udivmodqi4.o)
 .bss           0x008001f8        0x0 c:/winavr-20100110/bin/../lib/gcc/avr/4.3.3/avr5\libgcc.a(_exit.o)
 .bss           0x008001f8        0x0 c:/winavr-20100110/bin/../lib/gcc/avr/4.3.3/avr5\libgcc.a(_copy_data.o)
 .bss           0x008001f8        0x0 c:/winavr-20100110/bin/../lib/gcc/avr/4.3.3/avr5\libgcc.a(_clear_bss.o)
 .bss           0x008001f8        0x0 c:/winavr-20100110/bin/../lib/gcc/avr/4.3.3/../../../../avr/lib/avr5\libc.a(itoa.o)
 .bss           0x008001f8        0x0 c:/winavr-20100110/bin/../lib/gcc/avr/4.3.3/../../../../avr/lib/avr5\libc.a(ltoa.o)
 .bss           0x008001f8        0x0 c:/winavr-20100110/bin/../lib/gcc/avr/4.3.3/../../../../avr/lib/avr5\libc.a(ultoa.o)
 .bss           0x008001f8        0x0 c:/winavr-20100110/bin/../lib/gcc/avr/4.3.3/../../../../avr/lib/avr5\libc.a(utoa.o)
 .bss           0x008001f8        0x0 c:/winavr-20100110/bin/../lib/gcc/avr/4.3.3/../../../../avr/lib/avr5\libc.a(strrev.o)
 .bss           0x008001f8        0x0 c:/winavr-20100110/bin/../lib/gcc/avr/4.3.3/avr5\libgcc.a(_udivmodhi4.o)
 .bss           0x008001f8        0x0 c:/winavr-20100110/bin/../lib/gcc/avr/4.3.3/avr5\libgcc.a(_udivmodsi4.o)
 *(.bss*)
 *(COMMON)
 COMMON         0x008001f8        0x6 ATmega32A_GCC_DigitalControlAudioSystem_pLibs.o
                0x008001f8                irCommand
                0x008001f9                flagStatusBits
                0x008001fb                irExtened
                0x008001fc                irAddress
                0x008001fd                fSB
 COMMON         0x008001fe        0x4 lcd_hd44780_74hc595.o
                0x008001fe                rows
                0x00800200                cols
                0x00800202                PROVIDE (__bss_end, .)
                0x00001000                __data_load_start = LOADADDR (.data)
                0x0000118c                __data_load_end = (__data_load_start + SIZEOF (.data))

.noinit         0x00800202        0x0
                0x00800202                PROVIDE (__noinit_start, .)
 *(.noinit*)
                0x00800202                PROVIDE (__noinit_end, .)
                0x00800202                _end = .
                0x00800202                PROVIDE (__heap_start, .)

.eeprom         0x00810000        0x0
 *(.eeprom*)
                0x00810000                __eeprom_end = .

.fuse
 *(.fuse)
 *(.lfuse)
 *(.hfuse)
 *(.efuse)

.lock
 *(.lock*)

.signature
 *(.signature*)

.stab
 *(.stab)

.stabstr
 *(.stabstr)

.stab.excl
 *(.stab.excl)

.stab.exclstr
 *(.stab.exclstr)

.stab.index
 *(.stab.index)

.stab.indexstr
 *(.stab.indexstr)

.comment
 *(.comment)

.debug
 *(.debug)

.line
 *(.line)

.debug_srcinfo
 *(.debug_srcinfo)

.debug_sfnames
 *(.debug_sfnames)

.debug_aranges  0x00000000      0x160
 *(.debug_aranges)
 .debug_aranges
                0x00000000       0x20 ATmega32A_GCC_DigitalControlAudioSystem_pLibs.o
 .debug_aranges
                0x00000020       0x20 24c64.o
 .debug_aranges
                0x00000040       0x20 ds18x20.o
 .debug_aranges
                0x00000060       0x20 i2c_twi.o
 .debug_aranges
                0x00000080       0x20 lcd_hd44780_74hc595.o
 .debug_aranges
                0x000000a0       0x20 pga2310.o
 .debug_aranges
                0x000000c0       0x20 uart.o
 .debug_aranges
                0x000000e0       0x20 spi.o
 .debug_aranges
                0x00000100       0x20 utility.o
 .debug_aranges
                0x00000120       0x20 rotation_encoder.o
 .debug_aranges
                0x00000140       0x20 relay_74hc595.o

.debug_pubnames
                0x00000000      0x817
 *(.debug_pubnames)
 .debug_pubnames
                0x00000000      0x179 ATmega32A_GCC_DigitalControlAudioSystem_pLibs.o
 .debug_pubnames
                0x00000179       0x56 24c64.o
 .debug_pubnames
                0x000001cf       0x86 ds18x20.o
 .debug_pubnames
                0x00000255       0x55 i2c_twi.o
 .debug_pubnames
                0x000002aa      0x144 lcd_hd44780_74hc595.o
 .debug_pubnames
                0x000003ee       0x4f pga2310.o
 .debug_pubnames
                0x0000043d      0x100 uart.o
 .debug_pubnames
                0x0000053d       0x9a spi.o
 .debug_pubnames
                0x000005d7       0x9d utility.o
 .debug_pubnames
                0x00000674       0x5b rotation_encoder.o
 .debug_pubnames
                0x000006cf      0x148 relay_74hc595.o

.debug_info     0x00000000     0x252a
 *(.debug_info)
 .debug_info    0x00000000      0x605 ATmega32A_GCC_DigitalControlAudioSystem_pLibs.o
 .debug_info    0x00000605       0xfe 24c64.o
 .debug_info    0x00000703      0x4a9 ds18x20.o
 .debug_info    0x00000bac       0xef i2c_twi.o
 .debug_info    0x00000c9b      0xa17 lcd_hd44780_74hc595.o
 .debug_info    0x000016b2       0xc2 pga2310.o
 .debug_info    0x00001774      0x304 uart.o
 .debug_info    0x00001a78      0x177 spi.o
 .debug_info    0x00001bef      0x1d6 utility.o
 .debug_info    0x00001dc5      0x361 rotation_encoder.o
 .debug_info    0x00002126      0x404 relay_74hc595.o
 *(.gnu.linkonce.wi.*)

.debug_abbrev   0x00000000      0xbb3
 *(.debug_abbrev)
 .debug_abbrev  0x00000000      0x1d5 ATmega32A_GCC_DigitalControlAudioSystem_pLibs.o
 .debug_abbrev  0x000001d5       0x8e 24c64.o
 .debug_abbrev  0x00000263      0x177 ds18x20.o
 .debug_abbrev  0x000003da       0x8f i2c_twi.o
 .debug_abbrev  0x00000469      0x211 lcd_hd44780_74hc595.o
 .debug_abbrev  0x0000067a       0x63 pga2310.o
 .debug_abbrev  0x000006dd      0x146 uart.o
 .debug_abbrev  0x00000823       0xd5 spi.o
 .debug_abbrev  0x000008f8       0xb6 utility.o
 .debug_abbrev  0x000009ae       0xfb rotation_encoder.o
 .debug_abbrev  0x00000aa9      0x10a relay_74hc595.o

.debug_line     0x00000000     0x1eaf
 *(.debug_line)
 .debug_line    0x00000000      0x719 ATmega32A_GCC_DigitalControlAudioSystem_pLibs.o
 .debug_line    0x00000719      0x193 24c64.o
 .debug_line    0x000008ac      0x2f3 ds18x20.o
 .debug_line    0x00000b9f      0x12b i2c_twi.o
 .debug_line    0x00000cca      0x607 lcd_hd44780_74hc595.o
 .debug_line    0x000012d1      0x17f pga2310.o
 .debug_line    0x00001450      0x25d uart.o
 .debug_line    0x000016ad      0x187 spi.o
 .debug_line    0x00001834      0x193 utility.o
 .debug_line    0x000019c7      0x1b2 rotation_encoder.o
 .debug_line    0x00001b79      0x336 relay_74hc595.o

.debug_frame    0x00000000      0x680
 *(.debug_frame)
 .debug_frame   0x00000000      0x120 ATmega32A_GCC_DigitalControlAudioSystem_pLibs.o
 .debug_frame   0x00000120       0x40 24c64.o
 .debug_frame   0x00000160       0x80 ds18x20.o
 .debug_frame   0x000001e0       0x60 i2c_twi.o
 .debug_frame   0x00000240       0xe0 lcd_hd44780_74hc595.o
 .debug_frame   0x00000320       0x40 pga2310.o
 .debug_frame   0x00000360       0xd0 uart.o
 .debug_frame   0x00000430       0x80 spi.o
 .debug_frame   0x000004b0       0x80 utility.o
 .debug_frame   0x00000530       0x40 rotation_encoder.o
 .debug_frame   0x00000570      0x110 relay_74hc595.o

.debug_str      0x00000000      0x9f7
 *(.debug_str)
 .debug_str     0x00000000      0x259 ATmega32A_GCC_DigitalControlAudioSystem_pLibs.o
                                0x28d (size before relaxing)
 .debug_str     0x00000259       0xca 24c64.o
                                0x1b6 (size before relaxing)
 .debug_str     0x00000323       0x91 ds18x20.o
                                0x1d1 (size before relaxing)
 .debug_str     0x000003b4       0x58 i2c_twi.o
                                0x144 (size before relaxing)
 .debug_str     0x0000040c      0x154 lcd_hd44780_74hc595.o
                                0x2ad (size before relaxing)
 .debug_str     0x00000560       0x70 pga2310.o
                                0x157 (size before relaxing)
 .debug_str     0x000005d0      0x129 uart.o
                                0x235 (size before relaxing)
 .debug_str     0x000006f9       0x96 spi.o
                                0x182 (size before relaxing)
 .debug_str     0x0000078f       0xa0 utility.o
                                0x19d (size before relaxing)
 .debug_str     0x0000082f       0x92 rotation_encoder.o
                                0x1e6 (size before relaxing)
 .debug_str     0x000008c1      0x136 relay_74hc595.o
                                0x285 (size before relaxing)

.debug_loc      0x00000000      0xcf9
 *(.debug_loc)
 .debug_loc     0x00000000      0x660 ATmega32A_GCC_DigitalControlAudioSystem_pLibs.o
 .debug_loc     0x00000660       0x18 24c64.o
 .debug_loc     0x00000678       0xfa ds18x20.o
 .debug_loc     0x00000772       0x31 i2c_twi.o
 .debug_loc     0x000007a3      0x258 lcd_hd44780_74hc595.o
 .debug_loc     0x000009fb       0x3c pga2310.o
 .debug_loc     0x00000a37       0xed uart.o
 .debug_loc     0x00000b24       0x28 spi.o
 .debug_loc     0x00000b4c       0x31 utility.o
 .debug_loc     0x00000b7d      0x11a rotation_encoder.o
 .debug_loc     0x00000c97       0x62 relay_74hc595.o

.debug_macinfo
 *(.debug_macinfo)
OUTPUT(ATmega32A_GCC_DigitalControlAudioSystem_pLibs.elf elf32-avr)
LOAD linker stubs

.debug_ranges   0x00000000      0x2e8
 .debug_ranges  0x00000000       0x48 ATmega32A_GCC_DigitalControlAudioSystem_pLibs.o
 .debug_ranges  0x00000048       0x78 ds18x20.o
 .debug_ranges  0x000000c0      0x1f8 lcd_hd44780_74hc595.o
 .debug_ranges  0x000002b8       0x18 uart.o
 .debug_ranges  0x000002d0       0x18 spi.o
