Archive member included because of file (symbol)

c:/winavr-20100110/bin/../lib/gcc/avr/4.3.3/avr5\libgcc.a(_udivmodqi4.o)
                              utility.o (__udivmodqi4)
c:/winavr-20100110/bin/../lib/gcc/avr/4.3.3/avr5\libgcc.a(_exit.o)
                              c:/winavr-20100110/bin/../lib/gcc/avr/4.3.3/../../../../avr/lib/avr5/crtm32.o (exit)
c:/winavr-20100110/bin/../lib/gcc/avr/4.3.3/avr5\libgcc.a(_copy_data.o)
                              ATmega32A_GCC_DigitalControlAudioSystem_pLibs.o (__do_copy_data)
c:/winavr-20100110/bin/../lib/gcc/avr/4.3.3/avr5\libgcc.a(_clear_bss.o)
                              ATmega32A_GCC_DigitalControlAudioSystem_pLibs.o (__do_clear_bss)
c:/winavr-20100110/bin/../lib/gcc/avr/4.3.3/../../../../avr/lib/avr5\libc.a(itoa.o)
                              lcd_hd44780_74hc595.o (itoa)
c:/winavr-20100110/bin/../lib/gcc/avr/4.3.3/../../../../avr/lib/avr5\libc.a(ltoa.o)
                              uart.o (ltoa)
c:/winavr-20100110/bin/../lib/gcc/avr/4.3.3/../../../../avr/lib/avr5\libc.a(ultoa.o)
                              uart.o (ultoa)
c:/winavr-20100110/bin/../lib/gcc/avr/4.3.3/../../../../avr/lib/avr5\libc.a(utoa.o)
                              uart.o (utoa)
c:/winavr-20100110/bin/../lib/gcc/avr/4.3.3/../../../../avr/lib/avr5\libc.a(strrev.o)
                              c:/winavr-20100110/bin/../lib/gcc/avr/4.3.3/../../../../avr/lib/avr5\libc.a(itoa.o) (strrev)
c:/winavr-20100110/bin/../lib/gcc/avr/4.3.3/avr5\libgcc.a(_udivmodhi4.o)
                              c:/winavr-20100110/bin/../lib/gcc/avr/4.3.3/../../../../avr/lib/avr5\libc.a(itoa.o) (__udivmodhi4)
c:/winavr-20100110/bin/../lib/gcc/avr/4.3.3/avr5\libgcc.a(_udivmodsi4.o)
                              c:/winavr-20100110/bin/../lib/gcc/avr/4.3.3/../../../../avr/lib/avr5\libc.a(ltoa.o) (__udivmodsi4)

Allocating common symbols
Common symbol       size              file

rows                0x2               lcd_hd44780_74hc595.o
irCommand           0x1               ATmega32A_GCC_DigitalControlAudioSystem_pLibs.o
flagStatusBits      0x2               ATmega32A_GCC_DigitalControlAudioSystem_pLibs.o
irExtened           0x1               ATmega32A_GCC_DigitalControlAudioSystem_pLibs.o
cols                0x2               lcd_hd44780_74hc595.o
irAddress           0x1               ATmega32A_GCC_DigitalControlAudioSystem_pLibs.o

Memory Configuration

Name             Origin             Length             Attributes
text             0x00000000         0x00020000         xr
data             0x00800060         0x0000ffa0         rw !x
eeprom           0x00810000         0x00010000         rw !x
fuse             0x00820000         0x00000400         rw !x
lock             0x00830000         0x00000400         rw !x
signature        0x00840000         0x00000400         rw !x
*default*        0x00000000         0xffffffff

Linker script and memory map

LOAD c:/winavr-20100110/bin/../lib/gcc/avr/4.3.3/../../../../avr/lib/avr5/crtm32.o
LOAD ATmega32A_GCC_DigitalControlAudioSystem_pLibs.o
LOAD 24c64.o
LOAD ds18x20.o
LOAD i2c_twi.o
LOAD lcd_hd44780_74hc595.o
LOAD pga2310.o
LOAD uart.o
LOAD spi.o
LOAD utility.o
LOAD rotation_encoder.o
LOAD c:/winavr-20100110/bin/../lib/gcc/avr/4.3.3/avr5\libgcc.a
LOAD c:/winavr-20100110/bin/../lib/gcc/avr/4.3.3/../../../../avr/lib/avr5\libc.a
LOAD c:/winavr-20100110/bin/../lib/gcc/avr/4.3.3/avr5\libgcc.a

.hash
 *(.hash)

.dynsym
 *(.dynsym)

.dynstr
 *(.dynstr)

.gnu.version
 *(.gnu.version)

.gnu.version_d
 *(.gnu.version_d)

.gnu.version_r
 *(.gnu.version_r)

.rel.init
 *(.rel.init)

.rela.init
 *(.rela.init)

.rel.text
 *(.rel.text)
 *(.rel.text.*)
 *(.rel.gnu.linkonce.t*)

.rela.text
 *(.rela.text)
 *(.rela.text.*)
 *(.rela.gnu.linkonce.t*)

.rel.fini
 *(.rel.fini)

.rela.fini
 *(.rela.fini)

.rel.rodata
 *(.rel.rodata)
 *(.rel.rodata.*)
 *(.rel.gnu.linkonce.r*)

.rela.rodata
 *(.rela.rodata)
 *(.rela.rodata.*)
 *(.rela.gnu.linkonce.r*)

.rel.data
 *(.rel.data)
 *(.rel.data.*)
 *(.rel.gnu.linkonce.d*)

.rela.data
 *(.rela.data)
 *(.rela.data.*)
 *(.rela.gnu.linkonce.d*)

.rel.ctors
 *(.rel.ctors)

.rela.ctors
 *(.rela.ctors)

.rel.dtors
 *(.rel.dtors)

.rela.dtors
 *(.rela.dtors)

.rel.got
 *(.rel.got)

.rela.got
 *(.rela.got)

.rel.bss
 *(.rel.bss)

.rela.bss
 *(.rela.bss)

.rel.plt
 *(.rel.plt)

.rela.plt
 *(.rela.plt)

.text           0x00000000      0xd0e
 *(.vectors)
 .vectors       0x00000000       0x54 c:/winavr-20100110/bin/../lib/gcc/avr/4.3.3/../../../../avr/lib/avr5/crtm32.o
                0x00000000                __vectors
                0x00000000                __vector_default
 *(.vectors)
 *(.progmem.gcc*)
 *(.progmem*)
                0x00000054                . = ALIGN (0x2)
                0x00000054                __trampolines_start = .
 *(.trampolines)
 .trampolines   0x00000054        0x0 linker stubs
 *(.trampolines*)
                0x00000054                __trampolines_end = .
 *(.jumptables)
 *(.jumptables*)
 *(.lowtext)
 *(.lowtext*)
                0x00000054                __ctors_start = .
 *(.ctors)
                0x00000054                __ctors_end = .
                0x00000054                __dtors_start = .
 *(.dtors)
                0x00000054                __dtors_end = .
 SORT(*)(.ctors)
 SORT(*)(.dtors)
 *(.init0)
 .init0         0x00000054        0x0 c:/winavr-20100110/bin/../lib/gcc/avr/4.3.3/../../../../avr/lib/avr5/crtm32.o
                0x00000054                __init
 *(.init0)
 *(.init1)
 *(.init1)
 *(.init2)
 .init2         0x00000054        0xc c:/winavr-20100110/bin/../lib/gcc/avr/4.3.3/../../../../avr/lib/avr5/crtm32.o
 *(.init2)
 *(.init3)
 *(.init3)
 *(.init4)
 .init4         0x00000060       0x16 c:/winavr-20100110/bin/../lib/gcc/avr/4.3.3/avr5\libgcc.a(_copy_data.o)
                0x00000060                __do_copy_data
 .init4         0x00000076       0x10 c:/winavr-20100110/bin/../lib/gcc/avr/4.3.3/avr5\libgcc.a(_clear_bss.o)
                0x00000076                __do_clear_bss
 *(.init4)
 *(.init5)
 *(.init5)
 *(.init6)
 *(.init6)
 *(.init7)
 *(.init7)
 *(.init8)
 *(.init8)
 *(.init9)
 .init9         0x00000086        0x8 c:/winavr-20100110/bin/../lib/gcc/avr/4.3.3/../../../../avr/lib/avr5/crtm32.o
 *(.init9)
 *(.text)
 .text          0x0000008e        0x4 c:/winavr-20100110/bin/../lib/gcc/avr/4.3.3/../../../../avr/lib/avr5/crtm32.o
                0x0000008e                __vector_12
                0x0000008e                __bad_interrupt
                0x0000008e                __vector_6
                0x0000008e                __vector_11
                0x0000008e                __vector_13
                0x0000008e                __vector_17
                0x0000008e                __vector_19
                0x0000008e                __vector_7
                0x0000008e                __vector_9
                0x0000008e                __vector_15
                0x0000008e                __vector_8
                0x0000008e                __vector_14
                0x0000008e                __vector_10
                0x0000008e                __vector_16
                0x0000008e                __vector_18
                0x0000008e                __vector_20
 .text          0x00000092      0x27e ATmega32A_GCC_DigitalControlAudioSystem_pLibs.o
                0x00000092                port_init
                0x00000184                rotaryEncoder
                0x000000cc                __vector_1
                0x000000c6                timer2_off
                0x000000b0                timer2_init
                0x00000214                buttons_press
                0x000000f4                __vector_3
                0x00000130                init_all
                0x000000bc                timer2_on
                0x0000011c                __vector_5
                0x00000302                main
                0x00000108                __vector_4
                0x0000015a                ampliferOn
                0x0000013e                ampliferOff
                0x000000e0                __vector_2
 .text          0x00000310       0xbc 24c64.o
                0x0000035a                eeprom_24c64_write
                0x00000310                eeprom_24c64_read
                0x00000394                eeprom_24c64_reset
 .text          0x000003cc      0x150 ds18x20.o
                0x000004c4                wait_ready
                0x000003cc                reset
                0x000004ce                read_scratchpad
                0x000003f6                read_bit
                0x00000424                read_byte
                0x0000040e                write_bit
                0x0000047e                write_byte
 .text          0x0000051c       0x46 i2c_twi.o
                0x0000053e                i2c_write
                0x0000052c                i2c_start
                0x00000538                i2c_stop
                0x0000054c                i2c_read
                0x0000051c                i2c_init
 .text          0x00000562      0x25a lcd_hd44780_74hc595.o
                0x000006a8                LCD_INIT
                0x00000640                LCD_EXECUTE_DATA_LAST
                0x00000698                LCD_CLEAR_CONTAIN
                0x000005a0                LCD_EXECUTE_DATA
                0x00000718                LCD_CGRAM_CUSTOM_SYMBOLS
                0x00000562                LCD_EXECUTE_COMMAND
                0x0000065a                LCD_COMMAND
                0x000006ca                LCD_DATA_STRING
                0x00000602                LCD_EXECUTE_DATA_ONE
                0x00000784                LCD_DATA_INT
 .text          0x000007bc       0x82 pga2310.o
                0x000007bc                PGA2310_Volume_Update
                0x000007ea                pga2310_init
                0x00000814                pga2310_reset
 .text          0x0000083e      0x16a uart.o
                0x00000850                uart_setup
                0x00000900                transmitUartULong
                0x00000938                transmitUartInt
                0x000008c0                receiveUart
                0x000008c8                transmitUartLong
                0x0000085e                uart_transmit
                0x00000888                uart_transmit_DEC_to_BCD
                0x0000083e                uart_init
                0x00000880                uart_transmit_one
                0x000008a4                transmitUart
                0x000008ac                transmitUartString
                0x00000970                transmitUartUInt
 .text          0x000009a8       0x58 spi.o
                0x000009a8                spi_init
                0x000009b4                spi_start
                0x000009dc                spi_write_more_bytes
                0x000009ba                spi_stop
                0x000009f6                spi_read_more_bytes
                0x000009ca                spi_write_two_bytes
                0x000009be                spi_write_one_byte
 .text          0x00000a00       0xae utility.o
                0x00000a7c                shiftLeftInMsbFirst
                0x00000a6e                shiftRightInLsbFirst
                0x00000a00                decToBcd
                0x00000a8a                delay_ms
                0x00000a22                bcdToDec
                0x00000a36                shiftRightOutLsbFirst
                0x00000a52                shiftLeftOutMsbFirst
 .text          0x00000aae       0x98 rotation_encoder.o
                0x00000aee                rotaryEncoderVer1
                0x00000b2e                rotaryEncoderVer2
                0x00000aae                rotaryEncoderNikBarzakov
 .text          0x00000b46        0x0 c:/winavr-20100110/bin/../lib/gcc/avr/4.3.3/avr5\libgcc.a(_udivmodqi4.o)
 .text          0x00000b46        0x0 c:/winavr-20100110/bin/../lib/gcc/avr/4.3.3/avr5\libgcc.a(_exit.o)
 .text          0x00000b46        0x0 c:/winavr-20100110/bin/../lib/gcc/avr/4.3.3/avr5\libgcc.a(_copy_data.o)
 .text          0x00000b46        0x0 c:/winavr-20100110/bin/../lib/gcc/avr/4.3.3/avr5\libgcc.a(_clear_bss.o)
 .text          0x00000b46        0x0 c:/winavr-20100110/bin/../lib/gcc/avr/4.3.3/../../../../avr/lib/avr5\libc.a(itoa.o)
 .text          0x00000b46        0x0 c:/winavr-20100110/bin/../lib/gcc/avr/4.3.3/../../../../avr/lib/avr5\libc.a(ltoa.o)
 .text          0x00000b46        0x0 c:/winavr-20100110/bin/../lib/gcc/avr/4.3.3/../../../../avr/lib/avr5\libc.a(ultoa.o)
 .text          0x00000b46        0x0 c:/winavr-20100110/bin/../lib/gcc/avr/4.3.3/../../../../avr/lib/avr5\libc.a(utoa.o)
 .text          0x00000b46        0x0 c:/winavr-20100110/bin/../lib/gcc/avr/4.3.3/../../../../avr/lib/avr5\libc.a(strrev.o)
 .text          0x00000b46        0x0 c:/winavr-20100110/bin/../lib/gcc/avr/4.3.3/avr5\libgcc.a(_udivmodhi4.o)
 .text          0x00000b46        0x0 c:/winavr-20100110/bin/../lib/gcc/avr/4.3.3/avr5\libgcc.a(_udivmodsi4.o)
                0x00000b46                . = ALIGN (0x2)
 *(.text.*)
 .text.libgcc   0x00000b46       0x18 c:/winavr-20100110/bin/../lib/gcc/avr/4.3.3/avr5\libgcc.a(_udivmodqi4.o)
                0x00000b46                __udivmodqi4
 .text.libgcc   0x00000b5e        0x0 c:/winavr-20100110/bin/../lib/gcc/avr/4.3.3/avr5\libgcc.a(_exit.o)
 .text.libgcc   0x00000b5e        0x0 c:/winavr-20100110/bin/../lib/gcc/avr/4.3.3/avr5\libgcc.a(_copy_data.o)
 .text.libgcc   0x00000b5e        0x0 c:/winavr-20100110/bin/../lib/gcc/avr/4.3.3/avr5\libgcc.a(_clear_bss.o)
 .text.avr-libc
                0x00000b5e       0x42 c:/winavr-20100110/bin/../lib/gcc/avr/4.3.3/../../../../avr/lib/avr5\libc.a(itoa.o)
                0x00000b5e                itoa
 .text.avr-libc
                0x00000ba0       0x68 c:/winavr-20100110/bin/../lib/gcc/avr/4.3.3/../../../../avr/lib/avr5\libc.a(ltoa.o)
                0x00000ba0                ltoa
 .text.avr-libc
                0x00000c08       0x4a c:/winavr-20100110/bin/../lib/gcc/avr/4.3.3/../../../../avr/lib/avr5\libc.a(ultoa.o)
                0x00000c08                ultoa
 .text.avr-libc
                0x00000c52       0x2c c:/winavr-20100110/bin/../lib/gcc/avr/4.3.3/../../../../avr/lib/avr5\libc.a(utoa.o)
                0x00000c52                utoa
 .text.avr-libc
                0x00000c7e       0x20 c:/winavr-20100110/bin/../lib/gcc/avr/4.3.3/../../../../avr/lib/avr5\libc.a(strrev.o)
                0x00000c7e                strrev
 .text.libgcc   0x00000c9e       0x28 c:/winavr-20100110/bin/../lib/gcc/avr/4.3.3/avr5\libgcc.a(_udivmodhi4.o)
                0x00000c9e                __udivmodhi4
 .text.libgcc   0x00000cc6       0x44 c:/winavr-20100110/bin/../lib/gcc/avr/4.3.3/avr5\libgcc.a(_udivmodsi4.o)
                0x00000cc6                __udivmodsi4
                0x00000d0a                . = ALIGN (0x2)
 *(.fini9)
 .fini9         0x00000d0a        0x0 c:/winavr-20100110/bin/../lib/gcc/avr/4.3.3/avr5\libgcc.a(_exit.o)
                0x00000d0a                exit
                0x00000d0a                _exit
 *(.fini9)
 *(.fini8)
 *(.fini8)
 *(.fini7)
 *(.fini7)
 *(.fini6)
 *(.fini6)
 *(.fini5)
 *(.fini5)
 *(.fini4)
 *(.fini4)
 *(.fini3)
 *(.fini3)
 *(.fini2)
 *(.fini2)
 *(.fini1)
 *(.fini1)
 *(.fini0)
 .fini0         0x00000d0a        0x4 c:/winavr-20100110/bin/../lib/gcc/avr/4.3.3/avr5\libgcc.a(_exit.o)
 *(.fini0)
                0x00000d0e                _etext = .

.data           0x00800060       0x94 load address 0x00000d0e
                0x00800060                PROVIDE (__data_start, .)
 *(.data)
 .data          0x00800060        0x0 c:/winavr-20100110/bin/../lib/gcc/avr/4.3.3/../../../../avr/lib/avr5/crtm32.o
 .data          0x00800060       0x5c ATmega32A_GCC_DigitalControlAudioSystem_pLibs.o
                0x008000a8                volumeValue
 .data          0x008000bc        0x0 24c64.o
 .data          0x008000bc        0x0 ds18x20.o
 .data          0x008000bc        0x0 i2c_twi.o
 .data          0x008000bc       0x38 lcd_hd44780_74hc595.o
                0x008000bc                symbolGenerator
 .data          0x008000f4        0x0 pga2310.o
 .data          0x008000f4        0x0 uart.o
 .data          0x008000f4        0x0 spi.o
 .data          0x008000f4        0x0 utility.o
 .data          0x008000f4        0x0 rotation_encoder.o
 .data          0x008000f4        0x0 c:/winavr-20100110/bin/../lib/gcc/avr/4.3.3/avr5\libgcc.a(_udivmodqi4.o)
 .data          0x008000f4        0x0 c:/winavr-20100110/bin/../lib/gcc/avr/4.3.3/avr5\libgcc.a(_exit.o)
 .data          0x008000f4        0x0 c:/winavr-20100110/bin/../lib/gcc/avr/4.3.3/avr5\libgcc.a(_copy_data.o)
 .data          0x008000f4        0x0 c:/winavr-20100110/bin/../lib/gcc/avr/4.3.3/avr5\libgcc.a(_clear_bss.o)
 .data          0x008000f4        0x0 c:/winavr-20100110/bin/../lib/gcc/avr/4.3.3/../../../../avr/lib/avr5\libc.a(itoa.o)
 .data          0x008000f4        0x0 c:/winavr-20100110/bin/../lib/gcc/avr/4.3.3/../../../../avr/lib/avr5\libc.a(ltoa.o)
 .data          0x008000f4        0x0 c:/winavr-20100110/bin/../lib/gcc/avr/4.3.3/../../../../avr/lib/avr5\libc.a(ultoa.o)
 .data          0x008000f4        0x0 c:/winavr-20100110/bin/../lib/gcc/avr/4.3.3/../../../../avr/lib/avr5\libc.a(utoa.o)
 .data          0x008000f4        0x0 c:/winavr-20100110/bin/../lib/gcc/avr/4.3.3/../../../../avr/lib/avr5\libc.a(strrev.o)
 .data          0x008000f4        0x0 c:/winavr-20100110/bin/../lib/gcc/avr/4.3.3/avr5\libgcc.a(_udivmodhi4.o)
 .data          0x008000f4        0x0 c:/winavr-20100110/bin/../lib/gcc/avr/4.3.3/avr5\libgcc.a(_udivmodsi4.o)
 *(.data*)
 *(.rodata)
 *(.rodata*)
 *(.gnu.linkonce.d*)
                0x008000f4                . = ALIGN (0x2)
                0x008000f4                _edata = .
                0x008000f4                PROVIDE (__data_end, .)

.bss            0x008000f4       0x14
                0x008000f4                PROVIDE (__bss_start, .)
 *(.bss)
 .bss           0x008000f4        0x0 c:/winavr-20100110/bin/../lib/gcc/avr/4.3.3/../../../../avr/lib/avr5/crtm32.o
 .bss           0x008000f4        0x1 ATmega32A_GCC_DigitalControlAudioSystem_pLibs.o
                0x008000f4                volumeIndex
 .bss           0x008000f5        0x0 24c64.o
 .bss           0x008000f5        0xa ds18x20.o
                0x008000f5                scratchpad
 .bss           0x008000ff        0x0 i2c_twi.o
 .bss           0x008000ff        0x0 lcd_hd44780_74hc595.o
 .bss           0x008000ff        0x0 pga2310.o
 .bss           0x008000ff        0x0 uart.o
 .bss           0x008000ff        0x0 spi.o
 .bss           0x008000ff        0x0 utility.o
 .bss           0x008000ff        0x0 rotation_encoder.o
 .bss           0x008000ff        0x0 c:/winavr-20100110/bin/../lib/gcc/avr/4.3.3/avr5\libgcc.a(_udivmodqi4.o)
 .bss           0x008000ff        0x0 c:/winavr-20100110/bin/../lib/gcc/avr/4.3.3/avr5\libgcc.a(_exit.o)
 .bss           0x008000ff        0x0 c:/winavr-20100110/bin/../lib/gcc/avr/4.3.3/avr5\libgcc.a(_copy_data.o)
 .bss           0x008000ff        0x0 c:/winavr-20100110/bin/../lib/gcc/avr/4.3.3/avr5\libgcc.a(_clear_bss.o)
 .bss           0x008000ff        0x0 c:/winavr-20100110/bin/../lib/gcc/avr/4.3.3/../../../../avr/lib/avr5\libc.a(itoa.o)
 .bss           0x008000ff        0x0 c:/winavr-20100110/bin/../lib/gcc/avr/4.3.3/../../../../avr/lib/avr5\libc.a(ltoa.o)
 .bss           0x008000ff        0x0 c:/winavr-20100110/bin/../lib/gcc/avr/4.3.3/../../../../avr/lib/avr5\libc.a(ultoa.o)
 .bss           0x008000ff        0x0 c:/winavr-20100110/bin/../lib/gcc/avr/4.3.3/../../../../avr/lib/avr5\libc.a(utoa.o)
 .bss           0x008000ff        0x0 c:/winavr-20100110/bin/../lib/gcc/avr/4.3.3/../../../../avr/lib/avr5\libc.a(strrev.o)
 .bss           0x008000ff        0x0 c:/winavr-20100110/bin/../lib/gcc/avr/4.3.3/avr5\libgcc.a(_udivmodhi4.o)
 .bss           0x008000ff        0x0 c:/winavr-20100110/bin/../lib/gcc/avr/4.3.3/avr5\libgcc.a(_udivmodsi4.o)
 *(.bss*)
 *(COMMON)
 COMMON         0x008000ff        0x5 ATmega32A_GCC_DigitalControlAudioSystem_pLibs.o
                0x008000ff                irCommand
                0x00800100                flagStatusBits
                0x00800102                irExtened
                0x00800103                irAddress
 COMMON         0x00800104        0x4 lcd_hd44780_74hc595.o
                0x00800104                rows
                0x00800106                cols
                0x00800108                PROVIDE (__bss_end, .)
                0x00000d0e                __data_load_start = LOADADDR (.data)
                0x00000da2                __data_load_end = (__data_load_start + SIZEOF (.data))

.noinit         0x00800108        0x0
                0x00800108                PROVIDE (__noinit_start, .)
 *(.noinit*)
                0x00800108                PROVIDE (__noinit_end, .)
                0x00800108                _end = .
                0x00800108                PROVIDE (__heap_start, .)

.eeprom         0x00810000        0x0
 *(.eeprom*)
                0x00810000                __eeprom_end = .

.fuse
 *(.fuse)
 *(.lfuse)
 *(.hfuse)
 *(.efuse)

.lock
 *(.lock*)

.signature
 *(.signature*)

.stab
 *(.stab)

.stabstr
 *(.stabstr)

.stab.excl
 *(.stab.excl)

.stab.exclstr
 *(.stab.exclstr)

.stab.index
 *(.stab.index)

.stab.indexstr
 *(.stab.indexstr)

.comment
 *(.comment)

.debug
 *(.debug)

.line
 *(.line)

.debug_srcinfo
 *(.debug_srcinfo)

.debug_sfnames
 *(.debug_sfnames)

.debug_aranges  0x00000000      0x140
 *(.debug_aranges)
 .debug_aranges
                0x00000000       0x20 ATmega32A_GCC_DigitalControlAudioSystem_pLibs.o
 .debug_aranges
                0x00000020       0x20 24c64.o
 .debug_aranges
                0x00000040       0x20 ds18x20.o
 .debug_aranges
                0x00000060       0x20 i2c_twi.o
 .debug_aranges
                0x00000080       0x20 lcd_hd44780_74hc595.o
 .debug_aranges
                0x000000a0       0x20 pga2310.o
 .debug_aranges
                0x000000c0       0x20 uart.o
 .debug_aranges
                0x000000e0       0x20 spi.o
 .debug_aranges
                0x00000100       0x20 utility.o
 .debug_aranges
                0x00000120       0x20 rotation_encoder.o

.debug_pubnames
                0x00000000      0x66d
 *(.debug_pubnames)
 .debug_pubnames
                0x00000000      0x14e ATmega32A_GCC_DigitalControlAudioSystem_pLibs.o
 .debug_pubnames
                0x0000014e       0x56 24c64.o
 .debug_pubnames
                0x000001a4       0x86 ds18x20.o
 .debug_pubnames
                0x0000022a       0x55 i2c_twi.o
 .debug_pubnames
                0x0000027f      0x10d lcd_hd44780_74hc595.o
 .debug_pubnames
                0x0000038c       0x4f pga2310.o
 .debug_pubnames
                0x000003db      0x100 uart.o
 .debug_pubnames
                0x000004db       0x9a spi.o
 .debug_pubnames
                0x00000575       0x9d utility.o
 .debug_pubnames
                0x00000612       0x5b rotation_encoder.o

.debug_info     0x00000000     0x1eb7
 *(.debug_info)
 .debug_info    0x00000000      0x47a ATmega32A_GCC_DigitalControlAudioSystem_pLibs.o
 .debug_info    0x0000047a       0xfe 24c64.o
 .debug_info    0x00000578      0x4a2 ds18x20.o
 .debug_info    0x00000a1a       0xe8 i2c_twi.o
 .debug_info    0x00000b02      0x965 lcd_hd44780_74hc595.o
 .debug_info    0x00001467       0xbb pga2310.o
 .debug_info    0x00001522      0x2f5 uart.o
 .debug_info    0x00001817      0x170 spi.o
 .debug_info    0x00001987      0x1d6 utility.o
 .debug_info    0x00001b5d      0x35a rotation_encoder.o
 *(.gnu.linkonce.wi.*)

.debug_abbrev   0x00000000      0xaaf
 *(.debug_abbrev)
 .debug_abbrev  0x00000000      0x1b7 ATmega32A_GCC_DigitalControlAudioSystem_pLibs.o
 .debug_abbrev  0x000001b7       0x8e 24c64.o
 .debug_abbrev  0x00000245      0x177 ds18x20.o
 .debug_abbrev  0x000003bc       0x8f i2c_twi.o
 .debug_abbrev  0x0000044b      0x211 lcd_hd44780_74hc595.o
 .debug_abbrev  0x0000065c       0x63 pga2310.o
 .debug_abbrev  0x000006bf      0x16a uart.o
 .debug_abbrev  0x00000829       0xd5 spi.o
 .debug_abbrev  0x000008fe       0xb6 utility.o
 .debug_abbrev  0x000009b4       0xfb rotation_encoder.o

.debug_line     0x00000000     0x18df
 *(.debug_line)
 .debug_line    0x00000000      0x507 ATmega32A_GCC_DigitalControlAudioSystem_pLibs.o
 .debug_line    0x00000507      0x193 24c64.o
 .debug_line    0x0000069a      0x2f3 ds18x20.o
 .debug_line    0x0000098d      0x12b i2c_twi.o
 .debug_line    0x00000ab8      0x5ba lcd_hd44780_74hc595.o
 .debug_line    0x00001072      0x17f pga2310.o
 .debug_line    0x000011f1      0x222 uart.o
 .debug_line    0x00001413      0x187 spi.o
 .debug_line    0x0000159a      0x193 utility.o
 .debug_line    0x0000172d      0x1b2 rotation_encoder.o

.debug_frame    0x00000000      0x520
 *(.debug_frame)
 .debug_frame   0x00000000      0x100 ATmega32A_GCC_DigitalControlAudioSystem_pLibs.o
 .debug_frame   0x00000100       0x40 24c64.o
 .debug_frame   0x00000140       0x80 ds18x20.o
 .debug_frame   0x000001c0       0x60 i2c_twi.o
 .debug_frame   0x00000220       0xb0 lcd_hd44780_74hc595.o
 .debug_frame   0x000002d0       0x40 pga2310.o
 .debug_frame   0x00000310       0xd0 uart.o
 .debug_frame   0x000003e0       0x80 spi.o
 .debug_frame   0x00000460       0x80 utility.o
 .debug_frame   0x000004e0       0x40 rotation_encoder.o

.debug_str      0x00000000      0x871
 *(.debug_str)
 .debug_str     0x00000000      0x234 ATmega32A_GCC_DigitalControlAudioSystem_pLibs.o
                                0x268 (size before relaxing)
 .debug_str     0x00000234       0xca 24c64.o
                                0x1b6 (size before relaxing)
 .debug_str     0x000002fe       0x91 ds18x20.o
                                0x1be (size before relaxing)
 .debug_str     0x0000038f       0x58 i2c_twi.o
                                0x131 (size before relaxing)
 .debug_str     0x000003e7      0x129 lcd_hd44780_74hc595.o
                                0x26f (size before relaxing)
 .debug_str     0x00000510       0x70 pga2310.o
                                0x144 (size before relaxing)
 .debug_str     0x00000580      0x129 uart.o
                                0x222 (size before relaxing)
 .debug_str     0x000006a9       0x96 spi.o
                                0x16f (size before relaxing)
 .debug_str     0x0000073f       0xa0 utility.o
                                0x19d (size before relaxing)
 .debug_str     0x000007df       0x92 rotation_encoder.o
                                0x1d3 (size before relaxing)

.debug_loc      0x00000000      0xbac
 *(.debug_loc)
 .debug_loc     0x00000000      0x5c9 ATmega32A_GCC_DigitalControlAudioSystem_pLibs.o
 .debug_loc     0x000005c9       0x18 24c64.o
 .debug_loc     0x000005e1       0xfa ds18x20.o
 .debug_loc     0x000006db       0x31 i2c_twi.o
 .debug_loc     0x0000070c      0x204 lcd_hd44780_74hc595.o
 .debug_loc     0x00000910       0x3c pga2310.o
 .debug_loc     0x0000094c       0xed uart.o
 .debug_loc     0x00000a39       0x28 spi.o
 .debug_loc     0x00000a61       0x31 utility.o
 .debug_loc     0x00000a92      0x11a rotation_encoder.o

.debug_macinfo
 *(.debug_macinfo)
OUTPUT(ATmega32A_GCC_DigitalControlAudioSystem_pLibs.elf elf32-avr)
LOAD linker stubs

.debug_ranges   0x00000000      0x2e8
 .debug_ranges  0x00000000       0x48 ATmega32A_GCC_DigitalControlAudioSystem_pLibs.o
 .debug_ranges  0x00000048       0x78 ds18x20.o
 .debug_ranges  0x000000c0      0x1f8 lcd_hd44780_74hc595.o
 .debug_ranges  0x000002b8       0x18 uart.o
 .debug_ranges  0x000002d0       0x18 spi.o
