Archive member included because of file (symbol)

c:/winavr-20100110/bin/../lib/gcc/avr/4.3.3/avr5\libgcc.a(_udivmodqi4.o)
                              utility.o (__udivmodqi4)
c:/winavr-20100110/bin/../lib/gcc/avr/4.3.3/avr5\libgcc.a(_exit.o)
                              c:/winavr-20100110/bin/../lib/gcc/avr/4.3.3/../../../../avr/lib/avr5/crtm32.o (exit)
c:/winavr-20100110/bin/../lib/gcc/avr/4.3.3/avr5\libgcc.a(_copy_data.o)
                              ATmega32A_GCC_DigitalControlAudioSystem_pLibs.o (__do_copy_data)
c:/winavr-20100110/bin/../lib/gcc/avr/4.3.3/avr5\libgcc.a(_clear_bss.o)
                              ATmega32A_GCC_DigitalControlAudioSystem_pLibs.o (__do_clear_bss)
c:/winavr-20100110/bin/../lib/gcc/avr/4.3.3/../../../../avr/lib/avr5\libc.a(itoa.o)
                              lcd_hd44780_74hc595.o (itoa)
c:/winavr-20100110/bin/../lib/gcc/avr/4.3.3/../../../../avr/lib/avr5\libc.a(ltoa.o)
                              uart.o (ltoa)
c:/winavr-20100110/bin/../lib/gcc/avr/4.3.3/../../../../avr/lib/avr5\libc.a(ultoa.o)
                              uart.o (ultoa)
c:/winavr-20100110/bin/../lib/gcc/avr/4.3.3/../../../../avr/lib/avr5\libc.a(utoa.o)
                              uart.o (utoa)
c:/winavr-20100110/bin/../lib/gcc/avr/4.3.3/../../../../avr/lib/avr5\libc.a(strrev.o)
                              c:/winavr-20100110/bin/../lib/gcc/avr/4.3.3/../../../../avr/lib/avr5\libc.a(itoa.o) (strrev)
c:/winavr-20100110/bin/../lib/gcc/avr/4.3.3/avr5\libgcc.a(_udivmodhi4.o)
                              c:/winavr-20100110/bin/../lib/gcc/avr/4.3.3/../../../../avr/lib/avr5\libc.a(itoa.o) (__udivmodhi4)
c:/winavr-20100110/bin/../lib/gcc/avr/4.3.3/avr5\libgcc.a(_udivmodsi4.o)
                              c:/winavr-20100110/bin/../lib/gcc/avr/4.3.3/../../../../avr/lib/avr5\libc.a(ltoa.o) (__udivmodsi4)

Allocating common symbols
Common symbol       size              file

rows                0x2               lcd_hd44780_74hc595.o
irCommand           0x1               ATmega32A_GCC_DigitalControlAudioSystem_pLibs.o
flagStatusBits      0x2               ATmega32A_GCC_DigitalControlAudioSystem_pLibs.o
irExtened           0x1               ATmega32A_GCC_DigitalControlAudioSystem_pLibs.o
cols                0x2               lcd_hd44780_74hc595.o
irAddress           0x1               ATmega32A_GCC_DigitalControlAudioSystem_pLibs.o

Memory Configuration

Name             Origin             Length             Attributes
text             0x00000000         0x00020000         xr
data             0x00800060         0x0000ffa0         rw !x
eeprom           0x00810000         0x00010000         rw !x
fuse             0x00820000         0x00000400         rw !x
lock             0x00830000         0x00000400         rw !x
signature        0x00840000         0x00000400         rw !x
*default*        0x00000000         0xffffffff

Linker script and memory map

LOAD c:/winavr-20100110/bin/../lib/gcc/avr/4.3.3/../../../../avr/lib/avr5/crtm32.o
LOAD ATmega32A_GCC_DigitalControlAudioSystem_pLibs.o
LOAD 24c64.o
LOAD ds18x20.o
LOAD i2c_twi.o
LOAD lcd_hd44780_74hc595.o
LOAD pga2310.o
LOAD uart.o
LOAD spi.o
LOAD utility.o
LOAD rotation_encoder.o
LOAD c:/winavr-20100110/bin/../lib/gcc/avr/4.3.3/avr5\libgcc.a
LOAD c:/winavr-20100110/bin/../lib/gcc/avr/4.3.3/../../../../avr/lib/avr5\libc.a
LOAD c:/winavr-20100110/bin/../lib/gcc/avr/4.3.3/avr5\libgcc.a

.hash
 *(.hash)

.dynsym
 *(.dynsym)

.dynstr
 *(.dynstr)

.gnu.version
 *(.gnu.version)

.gnu.version_d
 *(.gnu.version_d)

.gnu.version_r
 *(.gnu.version_r)

.rel.init
 *(.rel.init)

.rela.init
 *(.rela.init)

.rel.text
 *(.rel.text)
 *(.rel.text.*)
 *(.rel.gnu.linkonce.t*)

.rela.text
 *(.rela.text)
 *(.rela.text.*)
 *(.rela.gnu.linkonce.t*)

.rel.fini
 *(.rel.fini)

.rela.fini
 *(.rela.fini)

.rel.rodata
 *(.rel.rodata)
 *(.rel.rodata.*)
 *(.rel.gnu.linkonce.r*)

.rela.rodata
 *(.rela.rodata)
 *(.rela.rodata.*)
 *(.rela.gnu.linkonce.r*)

.rel.data
 *(.rel.data)
 *(.rel.data.*)
 *(.rel.gnu.linkonce.d*)

.rela.data
 *(.rela.data)
 *(.rela.data.*)
 *(.rela.gnu.linkonce.d*)

.rel.ctors
 *(.rel.ctors)

.rela.ctors
 *(.rela.ctors)

.rel.dtors
 *(.rel.dtors)

.rela.dtors
 *(.rela.dtors)

.rel.got
 *(.rel.got)

.rela.got
 *(.rela.got)

.rel.bss
 *(.rel.bss)

.rela.bss
 *(.rela.bss)

.rel.plt
 *(.rel.plt)

.rela.plt
 *(.rela.plt)

.text           0x00000000      0xce6
 *(.vectors)
 .vectors       0x00000000       0x54 c:/winavr-20100110/bin/../lib/gcc/avr/4.3.3/../../../../avr/lib/avr5/crtm32.o
                0x00000000                __vectors
                0x00000000                __vector_default
 *(.vectors)
 *(.progmem.gcc*)
 *(.progmem*)
                0x00000054                . = ALIGN (0x2)
                0x00000054                __trampolines_start = .
 *(.trampolines)
 .trampolines   0x00000054        0x0 linker stubs
 *(.trampolines*)
                0x00000054                __trampolines_end = .
 *(.jumptables)
 *(.jumptables*)
 *(.lowtext)
 *(.lowtext*)
                0x00000054                __ctors_start = .
 *(.ctors)
                0x00000054                __ctors_end = .
                0x00000054                __dtors_start = .
 *(.dtors)
                0x00000054                __dtors_end = .
 SORT(*)(.ctors)
 SORT(*)(.dtors)
 *(.init0)
 .init0         0x00000054        0x0 c:/winavr-20100110/bin/../lib/gcc/avr/4.3.3/../../../../avr/lib/avr5/crtm32.o
                0x00000054                __init
 *(.init0)
 *(.init1)
 *(.init1)
 *(.init2)
 .init2         0x00000054        0xc c:/winavr-20100110/bin/../lib/gcc/avr/4.3.3/../../../../avr/lib/avr5/crtm32.o
 *(.init2)
 *(.init3)
 *(.init3)
 *(.init4)
 .init4         0x00000060       0x16 c:/winavr-20100110/bin/../lib/gcc/avr/4.3.3/avr5\libgcc.a(_copy_data.o)
                0x00000060                __do_copy_data
 .init4         0x00000076       0x10 c:/winavr-20100110/bin/../lib/gcc/avr/4.3.3/avr5\libgcc.a(_clear_bss.o)
                0x00000076                __do_clear_bss
 *(.init4)
 *(.init5)
 *(.init5)
 *(.init6)
 *(.init6)
 *(.init7)
 *(.init7)
 *(.init8)
 *(.init8)
 *(.init9)
 .init9         0x00000086        0x8 c:/winavr-20100110/bin/../lib/gcc/avr/4.3.3/../../../../avr/lib/avr5/crtm32.o
 *(.init9)
 *(.text)
 .text          0x0000008e        0x4 c:/winavr-20100110/bin/../lib/gcc/avr/4.3.3/../../../../avr/lib/avr5/crtm32.o
                0x0000008e                __vector_12
                0x0000008e                __bad_interrupt
                0x0000008e                __vector_6
                0x0000008e                __vector_11
                0x0000008e                __vector_13
                0x0000008e                __vector_17
                0x0000008e                __vector_19
                0x0000008e                __vector_7
                0x0000008e                __vector_9
                0x0000008e                __vector_15
                0x0000008e                __vector_8
                0x0000008e                __vector_14
                0x0000008e                __vector_10
                0x0000008e                __vector_16
                0x0000008e                __vector_18
                0x0000008e                __vector_20
 .text          0x00000092      0x26a ATmega32A_GCC_DigitalControlAudioSystem_pLibs.o
                0x00000092                port_init
                0x0000013e                rotaryEncoder
                0x000000cc                __vector_1
                0x000000c6                timer2_off
                0x000000b0                timer2_init
                0x000001e2                buttons_press
                0x000000f4                __vector_3
                0x00000130                init_all
                0x000000bc                timer2_on
                0x0000011c                __vector_5
                0x000002ee                main
                0x00000108                __vector_4
                0x000001b6                ampliferOn
                0x0000019a                ampliferOff
                0x000000e0                __vector_2
 .text          0x000002fc       0xbc 24c64.o
                0x00000346                eeprom_24c64_write
                0x000002fc                eeprom_24c64_read
                0x00000380                eeprom_24c64_reset
 .text          0x000003b8      0x150 ds18x20.o
                0x000004b0                wait_ready
                0x000003b8                reset
                0x000004ba                read_scratchpad
                0x000003e2                read_bit
                0x00000410                read_byte
                0x000003fa                write_bit
                0x0000046a                write_byte
 .text          0x00000508       0x46 i2c_twi.o
                0x0000052a                i2c_write
                0x00000518                i2c_start
                0x00000524                i2c_stop
                0x00000538                i2c_read
                0x00000508                i2c_init
 .text          0x0000054e      0x25a lcd_hd44780_74hc595.o
                0x00000694                LCD_INIT
                0x0000062c                LCD_EXECUTE_DATA_LAST
                0x00000684                LCD_CLEAR_CONTAIN
                0x0000058c                LCD_EXECUTE_DATA
                0x00000704                LCD_CGRAM_CUSTOM_SYMBOLS
                0x0000054e                LCD_EXECUTE_COMMAND
                0x00000646                LCD_COMMAND
                0x000006b6                LCD_DATA_STRING
                0x000005ee                LCD_EXECUTE_DATA_ONE
                0x00000770                LCD_DATA_INT
 .text          0x000007a8       0x82 pga2310.o
                0x000007a8                PGA2310_Volume_Update
                0x000007d6                pga2310_init
                0x00000800                pga2310_reset
 .text          0x0000082a      0x16a uart.o
                0x0000083c                uart_setup
                0x000008ec                transmitUartULong
                0x00000924                transmitUartInt
                0x000008ac                receiveUart
                0x000008b4                transmitUartLong
                0x0000084a                uart_transmit
                0x00000874                uart_transmit_DEC_to_BCD
                0x0000082a                uart_init
                0x0000086c                uart_transmit_one
                0x00000890                transmitUart
                0x00000898                transmitUartString
                0x0000095c                transmitUartUInt
 .text          0x00000994       0x58 spi.o
                0x00000994                spi_init
                0x000009a0                spi_start
                0x000009c8                spi_write_more_bytes
                0x000009a6                spi_stop
                0x000009e2                spi_read_more_bytes
                0x000009b6                spi_write_two_bytes
                0x000009aa                spi_write_one_byte
 .text          0x000009ec       0xae utility.o
                0x00000a68                shiftLeftInMsbFirst
                0x00000a5a                shiftRightInLsbFirst
                0x000009ec                decToBcd
                0x00000a76                delay_ms
                0x00000a0e                bcdToDec
                0x00000a22                shiftRightOutLsbFirst
                0x00000a3e                shiftLeftOutMsbFirst
 .text          0x00000a9a       0x84 rotation_encoder.o
                0x00000ad0                rotaryEncoderVer1
                0x00000b06                rotaryEncoderVer2
                0x00000a9a                rotaryEncoderNikBarzakov
 .text          0x00000b1e        0x0 c:/winavr-20100110/bin/../lib/gcc/avr/4.3.3/avr5\libgcc.a(_udivmodqi4.o)
 .text          0x00000b1e        0x0 c:/winavr-20100110/bin/../lib/gcc/avr/4.3.3/avr5\libgcc.a(_exit.o)
 .text          0x00000b1e        0x0 c:/winavr-20100110/bin/../lib/gcc/avr/4.3.3/avr5\libgcc.a(_copy_data.o)
 .text          0x00000b1e        0x0 c:/winavr-20100110/bin/../lib/gcc/avr/4.3.3/avr5\libgcc.a(_clear_bss.o)
 .text          0x00000b1e        0x0 c:/winavr-20100110/bin/../lib/gcc/avr/4.3.3/../../../../avr/lib/avr5\libc.a(itoa.o)
 .text          0x00000b1e        0x0 c:/winavr-20100110/bin/../lib/gcc/avr/4.3.3/../../../../avr/lib/avr5\libc.a(ltoa.o)
 .text          0x00000b1e        0x0 c:/winavr-20100110/bin/../lib/gcc/avr/4.3.3/../../../../avr/lib/avr5\libc.a(ultoa.o)
 .text          0x00000b1e        0x0 c:/winavr-20100110/bin/../lib/gcc/avr/4.3.3/../../../../avr/lib/avr5\libc.a(utoa.o)
 .text          0x00000b1e        0x0 c:/winavr-20100110/bin/../lib/gcc/avr/4.3.3/../../../../avr/lib/avr5\libc.a(strrev.o)
 .text          0x00000b1e        0x0 c:/winavr-20100110/bin/../lib/gcc/avr/4.3.3/avr5\libgcc.a(_udivmodhi4.o)
 .text          0x00000b1e        0x0 c:/winavr-20100110/bin/../lib/gcc/avr/4.3.3/avr5\libgcc.a(_udivmodsi4.o)
                0x00000b1e                . = ALIGN (0x2)
 *(.text.*)
 .text.libgcc   0x00000b1e       0x18 c:/winavr-20100110/bin/../lib/gcc/avr/4.3.3/avr5\libgcc.a(_udivmodqi4.o)
                0x00000b1e                __udivmodqi4
 .text.libgcc   0x00000b36        0x0 c:/winavr-20100110/bin/../lib/gcc/avr/4.3.3/avr5\libgcc.a(_exit.o)
 .text.libgcc   0x00000b36        0x0 c:/winavr-20100110/bin/../lib/gcc/avr/4.3.3/avr5\libgcc.a(_copy_data.o)
 .text.libgcc   0x00000b36        0x0 c:/winavr-20100110/bin/../lib/gcc/avr/4.3.3/avr5\libgcc.a(_clear_bss.o)
 .text.avr-libc
                0x00000b36       0x42 c:/winavr-20100110/bin/../lib/gcc/avr/4.3.3/../../../../avr/lib/avr5\libc.a(itoa.o)
                0x00000b36                itoa
 .text.avr-libc
                0x00000b78       0x68 c:/winavr-20100110/bin/../lib/gcc/avr/4.3.3/../../../../avr/lib/avr5\libc.a(ltoa.o)
                0x00000b78                ltoa
 .text.avr-libc
                0x00000be0       0x4a c:/winavr-20100110/bin/../lib/gcc/avr/4.3.3/../../../../avr/lib/avr5\libc.a(ultoa.o)
                0x00000be0                ultoa
 .text.avr-libc
                0x00000c2a       0x2c c:/winavr-20100110/bin/../lib/gcc/avr/4.3.3/../../../../avr/lib/avr5\libc.a(utoa.o)
                0x00000c2a                utoa
 .text.avr-libc
                0x00000c56       0x20 c:/winavr-20100110/bin/../lib/gcc/avr/4.3.3/../../../../avr/lib/avr5\libc.a(strrev.o)
                0x00000c56                strrev
 .text.libgcc   0x00000c76       0x28 c:/winavr-20100110/bin/../lib/gcc/avr/4.3.3/avr5\libgcc.a(_udivmodhi4.o)
                0x00000c76                __udivmodhi4
 .text.libgcc   0x00000c9e       0x44 c:/winavr-20100110/bin/../lib/gcc/avr/4.3.3/avr5\libgcc.a(_udivmodsi4.o)
                0x00000c9e                __udivmodsi4
                0x00000ce2                . = ALIGN (0x2)
 *(.fini9)
 .fini9         0x00000ce2        0x0 c:/winavr-20100110/bin/../lib/gcc/avr/4.3.3/avr5\libgcc.a(_exit.o)
                0x00000ce2                exit
                0x00000ce2                _exit
 *(.fini9)
 *(.fini8)
 *(.fini8)
 *(.fini7)
 *(.fini7)
 *(.fini6)
 *(.fini6)
 *(.fini5)
 *(.fini5)
 *(.fini4)
 *(.fini4)
 *(.fini3)
 *(.fini3)
 *(.fini2)
 *(.fini2)
 *(.fini1)
 *(.fini1)
 *(.fini0)
 .fini0         0x00000ce2        0x4 c:/winavr-20100110/bin/../lib/gcc/avr/4.3.3/avr5\libgcc.a(_exit.o)
 *(.fini0)
                0x00000ce6                _etext = .

.data           0x00800060       0xca load address 0x00000ce6
                0x00800060                PROVIDE (__data_start, .)
 *(.data)
 .data          0x00800060        0x0 c:/winavr-20100110/bin/../lib/gcc/avr/4.3.3/../../../../avr/lib/avr5/crtm32.o
 .data          0x00800060       0x91 ATmega32A_GCC_DigitalControlAudioSystem_pLibs.o
                0x008000dd                volumeValue
 .data          0x008000f1        0x0 24c64.o
 .data          0x008000f1        0x0 ds18x20.o
 .data          0x008000f1        0x0 i2c_twi.o
 .data          0x008000f1       0x38 lcd_hd44780_74hc595.o
                0x008000f1                symbolGenerator
 .data          0x00800129        0x0 pga2310.o
 .data          0x00800129        0x0 uart.o
 .data          0x00800129        0x0 spi.o
 .data          0x00800129        0x0 utility.o
 .data          0x00800129        0x0 rotation_encoder.o
 .data          0x00800129        0x0 c:/winavr-20100110/bin/../lib/gcc/avr/4.3.3/avr5\libgcc.a(_udivmodqi4.o)
 .data          0x00800129        0x0 c:/winavr-20100110/bin/../lib/gcc/avr/4.3.3/avr5\libgcc.a(_exit.o)
 .data          0x00800129        0x0 c:/winavr-20100110/bin/../lib/gcc/avr/4.3.3/avr5\libgcc.a(_copy_data.o)
 .data          0x00800129        0x0 c:/winavr-20100110/bin/../lib/gcc/avr/4.3.3/avr5\libgcc.a(_clear_bss.o)
 .data          0x00800129        0x0 c:/winavr-20100110/bin/../lib/gcc/avr/4.3.3/../../../../avr/lib/avr5\libc.a(itoa.o)
 .data          0x00800129        0x0 c:/winavr-20100110/bin/../lib/gcc/avr/4.3.3/../../../../avr/lib/avr5\libc.a(ltoa.o)
 .data          0x00800129        0x0 c:/winavr-20100110/bin/../lib/gcc/avr/4.3.3/../../../../avr/lib/avr5\libc.a(ultoa.o)
 .data          0x00800129        0x0 c:/winavr-20100110/bin/../lib/gcc/avr/4.3.3/../../../../avr/lib/avr5\libc.a(utoa.o)
 .data          0x00800129        0x0 c:/winavr-20100110/bin/../lib/gcc/avr/4.3.3/../../../../avr/lib/avr5\libc.a(strrev.o)
 .data          0x00800129        0x0 c:/winavr-20100110/bin/../lib/gcc/avr/4.3.3/avr5\libgcc.a(_udivmodhi4.o)
 .data          0x00800129        0x0 c:/winavr-20100110/bin/../lib/gcc/avr/4.3.3/avr5\libgcc.a(_udivmodsi4.o)
 *(.data*)
 *(.rodata)
 *(.rodata*)
 *(.gnu.linkonce.d*)
                0x0080012a                . = ALIGN (0x2)
 *fill*         0x00800129        0x1 00
                0x0080012a                _edata = .
                0x0080012a                PROVIDE (__data_end, .)

.bss            0x0080012a       0x14
                0x0080012a                PROVIDE (__bss_start, .)
 *(.bss)
 .bss           0x0080012a        0x0 c:/winavr-20100110/bin/../lib/gcc/avr/4.3.3/../../../../avr/lib/avr5/crtm32.o
 .bss           0x0080012a        0x1 ATmega32A_GCC_DigitalControlAudioSystem_pLibs.o
                0x0080012a                volumeIndex
 .bss           0x0080012b        0x0 24c64.o
 .bss           0x0080012b        0xa ds18x20.o
                0x0080012b                scratchpad
 .bss           0x00800135        0x0 i2c_twi.o
 .bss           0x00800135        0x0 lcd_hd44780_74hc595.o
 .bss           0x00800135        0x0 pga2310.o
 .bss           0x00800135        0x0 uart.o
 .bss           0x00800135        0x0 spi.o
 .bss           0x00800135        0x0 utility.o
 .bss           0x00800135        0x0 rotation_encoder.o
 .bss           0x00800135        0x0 c:/winavr-20100110/bin/../lib/gcc/avr/4.3.3/avr5\libgcc.a(_udivmodqi4.o)
 .bss           0x00800135        0x0 c:/winavr-20100110/bin/../lib/gcc/avr/4.3.3/avr5\libgcc.a(_exit.o)
 .bss           0x00800135        0x0 c:/winavr-20100110/bin/../lib/gcc/avr/4.3.3/avr5\libgcc.a(_copy_data.o)
 .bss           0x00800135        0x0 c:/winavr-20100110/bin/../lib/gcc/avr/4.3.3/avr5\libgcc.a(_clear_bss.o)
 .bss           0x00800135        0x0 c:/winavr-20100110/bin/../lib/gcc/avr/4.3.3/../../../../avr/lib/avr5\libc.a(itoa.o)
 .bss           0x00800135        0x0 c:/winavr-20100110/bin/../lib/gcc/avr/4.3.3/../../../../avr/lib/avr5\libc.a(ltoa.o)
 .bss           0x00800135        0x0 c:/winavr-20100110/bin/../lib/gcc/avr/4.3.3/../../../../avr/lib/avr5\libc.a(ultoa.o)
 .bss           0x00800135        0x0 c:/winavr-20100110/bin/../lib/gcc/avr/4.3.3/../../../../avr/lib/avr5\libc.a(utoa.o)
 .bss           0x00800135        0x0 c:/winavr-20100110/bin/../lib/gcc/avr/4.3.3/../../../../avr/lib/avr5\libc.a(strrev.o)
 .bss           0x00800135        0x0 c:/winavr-20100110/bin/../lib/gcc/avr/4.3.3/avr5\libgcc.a(_udivmodhi4.o)
 .bss           0x00800135        0x0 c:/winavr-20100110/bin/../lib/gcc/avr/4.3.3/avr5\libgcc.a(_udivmodsi4.o)
 *(.bss*)
 *(COMMON)
 COMMON         0x00800135        0x5 ATmega32A_GCC_DigitalControlAudioSystem_pLibs.o
                0x00800135                irCommand
                0x00800136                flagStatusBits
                0x00800138                irExtened
                0x00800139                irAddress
 COMMON         0x0080013a        0x4 lcd_hd44780_74hc595.o
                0x0080013a                rows
                0x0080013c                cols
                0x0080013e                PROVIDE (__bss_end, .)
                0x00000ce6                __data_load_start = LOADADDR (.data)
                0x00000db0                __data_load_end = (__data_load_start + SIZEOF (.data))

.noinit         0x0080013e        0x0
                0x0080013e                PROVIDE (__noinit_start, .)
 *(.noinit*)
                0x0080013e                PROVIDE (__noinit_end, .)
                0x0080013e                _end = .
                0x0080013e                PROVIDE (__heap_start, .)

.eeprom         0x00810000        0x0
 *(.eeprom*)
                0x00810000                __eeprom_end = .

.fuse
 *(.fuse)
 *(.lfuse)
 *(.hfuse)
 *(.efuse)

.lock
 *(.lock*)

.signature
 *(.signature*)

.stab
 *(.stab)

.stabstr
 *(.stabstr)

.stab.excl
 *(.stab.excl)

.stab.exclstr
 *(.stab.exclstr)

.stab.index
 *(.stab.index)

.stab.indexstr
 *(.stab.indexstr)

.comment
 *(.comment)

.debug
 *(.debug)

.line
 *(.line)

.debug_srcinfo
 *(.debug_srcinfo)

.debug_sfnames
 *(.debug_sfnames)

.debug_aranges  0x00000000      0x140
 *(.debug_aranges)
 .debug_aranges
                0x00000000       0x20 ATmega32A_GCC_DigitalControlAudioSystem_pLibs.o
 .debug_aranges
                0x00000020       0x20 24c64.o
 .debug_aranges
                0x00000040       0x20 ds18x20.o
 .debug_aranges
                0x00000060       0x20 i2c_twi.o
 .debug_aranges
                0x00000080       0x20 lcd_hd44780_74hc595.o
 .debug_aranges
                0x000000a0       0x20 pga2310.o
 .debug_aranges
                0x000000c0       0x20 uart.o
 .debug_aranges
                0x000000e0       0x20 spi.o
 .debug_aranges
                0x00000100       0x20 utility.o
 .debug_aranges
                0x00000120       0x20 rotation_encoder.o

.debug_pubnames
                0x00000000      0x66d
 *(.debug_pubnames)
 .debug_pubnames
                0x00000000      0x14e ATmega32A_GCC_DigitalControlAudioSystem_pLibs.o
 .debug_pubnames
                0x0000014e       0x56 24c64.o
 .debug_pubnames
                0x000001a4       0x86 ds18x20.o
 .debug_pubnames
                0x0000022a       0x55 i2c_twi.o
 .debug_pubnames
                0x0000027f      0x10d lcd_hd44780_74hc595.o
 .debug_pubnames
                0x0000038c       0x4f pga2310.o
 .debug_pubnames
                0x000003db      0x100 uart.o
 .debug_pubnames
                0x000004db       0x9a spi.o
 .debug_pubnames
                0x00000575       0x9d utility.o
 .debug_pubnames
                0x00000612       0x5b rotation_encoder.o

.debug_info     0x00000000     0x1e2c
 *(.debug_info)
 .debug_info    0x00000000      0x3e6 ATmega32A_GCC_DigitalControlAudioSystem_pLibs.o
 .debug_info    0x000003e6       0xfe 24c64.o
 .debug_info    0x000004e4      0x4a2 ds18x20.o
 .debug_info    0x00000986       0xe8 i2c_twi.o
 .debug_info    0x00000a6e      0x965 lcd_hd44780_74hc595.o
 .debug_info    0x000013d3       0xbb pga2310.o
 .debug_info    0x0000148e      0x2f5 uart.o
 .debug_info    0x00001783      0x170 spi.o
 .debug_info    0x000018f3      0x1d6 utility.o
 .debug_info    0x00001ac9      0x363 rotation_encoder.o
 *(.gnu.linkonce.wi.*)

.debug_abbrev   0x00000000      0xaba
 *(.debug_abbrev)
 .debug_abbrev  0x00000000      0x1b5 ATmega32A_GCC_DigitalControlAudioSystem_pLibs.o
 .debug_abbrev  0x000001b5       0x8e 24c64.o
 .debug_abbrev  0x00000243      0x177 ds18x20.o
 .debug_abbrev  0x000003ba       0x8f i2c_twi.o
 .debug_abbrev  0x00000449      0x211 lcd_hd44780_74hc595.o
 .debug_abbrev  0x0000065a       0x63 pga2310.o
 .debug_abbrev  0x000006bd      0x16a uart.o
 .debug_abbrev  0x00000827       0xd5 spi.o
 .debug_abbrev  0x000008fc       0xb6 utility.o
 .debug_abbrev  0x000009b2      0x108 rotation_encoder.o

.debug_line     0x00000000     0x18aa
 *(.debug_line)
 .debug_line    0x00000000      0x4b2 ATmega32A_GCC_DigitalControlAudioSystem_pLibs.o
 .debug_line    0x000004b2      0x193 24c64.o
 .debug_line    0x00000645      0x2f3 ds18x20.o
 .debug_line    0x00000938      0x12b i2c_twi.o
 .debug_line    0x00000a63      0x5ba lcd_hd44780_74hc595.o
 .debug_line    0x0000101d      0x17f pga2310.o
 .debug_line    0x0000119c      0x222 uart.o
 .debug_line    0x000013be      0x187 spi.o
 .debug_line    0x00001545      0x193 utility.o
 .debug_line    0x000016d8      0x1d2 rotation_encoder.o

.debug_frame    0x00000000      0x520
 *(.debug_frame)
 .debug_frame   0x00000000      0x100 ATmega32A_GCC_DigitalControlAudioSystem_pLibs.o
 .debug_frame   0x00000100       0x40 24c64.o
 .debug_frame   0x00000140       0x80 ds18x20.o
 .debug_frame   0x000001c0       0x60 i2c_twi.o
 .debug_frame   0x00000220       0xb0 lcd_hd44780_74hc595.o
 .debug_frame   0x000002d0       0x40 pga2310.o
 .debug_frame   0x00000310       0xd0 uart.o
 .debug_frame   0x000003e0       0x80 spi.o
 .debug_frame   0x00000460       0x80 utility.o
 .debug_frame   0x000004e0       0x40 rotation_encoder.o

.debug_str      0x00000000      0x871
 *(.debug_str)
 .debug_str     0x00000000      0x234 ATmega32A_GCC_DigitalControlAudioSystem_pLibs.o
                                0x26d (size before relaxing)
 .debug_str     0x00000234       0xca 24c64.o
                                0x1b6 (size before relaxing)
 .debug_str     0x000002fe       0x91 ds18x20.o
                                0x1be (size before relaxing)
 .debug_str     0x0000038f       0x58 i2c_twi.o
                                0x131 (size before relaxing)
 .debug_str     0x000003e7      0x129 lcd_hd44780_74hc595.o
                                0x26f (size before relaxing)
 .debug_str     0x00000510       0x70 pga2310.o
                                0x144 (size before relaxing)
 .debug_str     0x00000580      0x129 uart.o
                                0x222 (size before relaxing)
 .debug_str     0x000006a9       0x96 spi.o
                                0x16f (size before relaxing)
 .debug_str     0x0000073f       0xa0 utility.o
                                0x19d (size before relaxing)
 .debug_str     0x000007df       0x92 rotation_encoder.o
                                0x1ce (size before relaxing)

.debug_loc      0x00000000      0x912
 *(.debug_loc)
 .debug_loc     0x00000000      0x3c0 ATmega32A_GCC_DigitalControlAudioSystem_pLibs.o
 .debug_loc     0x000003c0       0x18 24c64.o
 .debug_loc     0x000003d8       0xfa ds18x20.o
 .debug_loc     0x000004d2       0x31 i2c_twi.o
 .debug_loc     0x00000503      0x204 lcd_hd44780_74hc595.o
 .debug_loc     0x00000707       0x3c pga2310.o
 .debug_loc     0x00000743       0xed uart.o
 .debug_loc     0x00000830       0x28 spi.o
 .debug_loc     0x00000858       0x31 utility.o
 .debug_loc     0x00000889       0x89 rotation_encoder.o

.debug_macinfo
 *(.debug_macinfo)
OUTPUT(ATmega32A_GCC_DigitalControlAudioSystem_pLibs.elf elf32-avr)
LOAD linker stubs

.debug_ranges   0x00000000      0x2e8
 .debug_ranges  0x00000000       0x48 ATmega32A_GCC_DigitalControlAudioSystem_pLibs.o
 .debug_ranges  0x00000048       0x78 ds18x20.o
 .debug_ranges  0x000000c0      0x1f8 lcd_hd44780_74hc595.o
 .debug_ranges  0x000002b8       0x18 uart.o
 .debug_ranges  0x000002d0       0x18 spi.o
