Archive member included because of file (symbol)

c:/winavr-20100110/bin/../lib/gcc/avr/4.3.3/avr5\libgcc.a(_udivmodqi4.o)
                              utility.o (__udivmodqi4)
c:/winavr-20100110/bin/../lib/gcc/avr/4.3.3/avr5\libgcc.a(_exit.o)
                              c:/winavr-20100110/bin/../lib/gcc/avr/4.3.3/../../../../avr/lib/avr5/crtm32.o (exit)
c:/winavr-20100110/bin/../lib/gcc/avr/4.3.3/avr5\libgcc.a(_copy_data.o)
                              lcd_hd44780_74hc595.o (__do_copy_data)
c:/winavr-20100110/bin/../lib/gcc/avr/4.3.3/avr5\libgcc.a(_clear_bss.o)
                              ATmega32A_GCC_DigitalControlAudioSystem_pLibs.o (__do_clear_bss)
c:/winavr-20100110/bin/../lib/gcc/avr/4.3.3/../../../../avr/lib/avr5\libc.a(itoa.o)
                              lcd_hd44780_74hc595.o (itoa)
c:/winavr-20100110/bin/../lib/gcc/avr/4.3.3/../../../../avr/lib/avr5\libc.a(ltoa.o)
                              uart.o (ltoa)
c:/winavr-20100110/bin/../lib/gcc/avr/4.3.3/../../../../avr/lib/avr5\libc.a(ultoa.o)
                              uart.o (ultoa)
c:/winavr-20100110/bin/../lib/gcc/avr/4.3.3/../../../../avr/lib/avr5\libc.a(utoa.o)
                              uart.o (utoa)
c:/winavr-20100110/bin/../lib/gcc/avr/4.3.3/../../../../avr/lib/avr5\libc.a(strrev.o)
                              c:/winavr-20100110/bin/../lib/gcc/avr/4.3.3/../../../../avr/lib/avr5\libc.a(itoa.o) (strrev)
c:/winavr-20100110/bin/../lib/gcc/avr/4.3.3/avr5\libgcc.a(_udivmodhi4.o)
                              c:/winavr-20100110/bin/../lib/gcc/avr/4.3.3/../../../../avr/lib/avr5\libc.a(itoa.o) (__udivmodhi4)
c:/winavr-20100110/bin/../lib/gcc/avr/4.3.3/avr5\libgcc.a(_udivmodsi4.o)
                              c:/winavr-20100110/bin/../lib/gcc/avr/4.3.3/../../../../avr/lib/avr5\libc.a(ltoa.o) (__udivmodsi4)

Allocating common symbols
Common symbol       size              file

rows                0x2               lcd_hd44780_74hc595.o
irCommand           0x1               ATmega32A_GCC_DigitalControlAudioSystem_pLibs.o
flagStatusBits      0x2               ATmega32A_GCC_DigitalControlAudioSystem_pLibs.o
irExtened           0x1               ATmega32A_GCC_DigitalControlAudioSystem_pLibs.o
cols                0x2               lcd_hd44780_74hc595.o
irAddress           0x1               ATmega32A_GCC_DigitalControlAudioSystem_pLibs.o

Memory Configuration

Name             Origin             Length             Attributes
text             0x00000000         0x00020000         xr
data             0x00800060         0x0000ffa0         rw !x
eeprom           0x00810000         0x00010000         rw !x
fuse             0x00820000         0x00000400         rw !x
lock             0x00830000         0x00000400         rw !x
signature        0x00840000         0x00000400         rw !x
*default*        0x00000000         0xffffffff

Linker script and memory map

LOAD c:/winavr-20100110/bin/../lib/gcc/avr/4.3.3/../../../../avr/lib/avr5/crtm32.o
LOAD ATmega32A_GCC_DigitalControlAudioSystem_pLibs.o
LOAD 24c64.o
LOAD ds18x20.o
LOAD i2c_twi.o
LOAD lcd_hd44780_74hc595.o
LOAD pga2310.o
LOAD uart.o
LOAD spi.o
LOAD utility.o
LOAD c:/winavr-20100110/bin/../lib/gcc/avr/4.3.3/avr5\libgcc.a
LOAD c:/winavr-20100110/bin/../lib/gcc/avr/4.3.3/../../../../avr/lib/avr5\libc.a
LOAD c:/winavr-20100110/bin/../lib/gcc/avr/4.3.3/avr5\libgcc.a

.hash
 *(.hash)

.dynsym
 *(.dynsym)

.dynstr
 *(.dynstr)

.gnu.version
 *(.gnu.version)

.gnu.version_d
 *(.gnu.version_d)

.gnu.version_r
 *(.gnu.version_r)

.rel.init
 *(.rel.init)

.rela.init
 *(.rela.init)

.rel.text
 *(.rel.text)
 *(.rel.text.*)
 *(.rel.gnu.linkonce.t*)

.rela.text
 *(.rela.text)
 *(.rela.text.*)
 *(.rela.gnu.linkonce.t*)

.rel.fini
 *(.rel.fini)

.rela.fini
 *(.rela.fini)

.rel.rodata
 *(.rel.rodata)
 *(.rel.rodata.*)
 *(.rel.gnu.linkonce.r*)

.rela.rodata
 *(.rela.rodata)
 *(.rela.rodata.*)
 *(.rela.gnu.linkonce.r*)

.rel.data
 *(.rel.data)
 *(.rel.data.*)
 *(.rel.gnu.linkonce.d*)

.rela.data
 *(.rela.data)
 *(.rela.data.*)
 *(.rela.gnu.linkonce.d*)

.rel.ctors
 *(.rel.ctors)

.rela.ctors
 *(.rela.ctors)

.rel.dtors
 *(.rel.dtors)

.rela.dtors
 *(.rela.dtors)

.rel.got
 *(.rel.got)

.rela.got
 *(.rela.got)

.rel.bss
 *(.rel.bss)

.rela.bss
 *(.rela.bss)

.rel.plt
 *(.rel.plt)

.rela.plt
 *(.rela.plt)

.text           0x00000000      0xb04
 *(.vectors)
 .vectors       0x00000000       0x54 c:/winavr-20100110/bin/../lib/gcc/avr/4.3.3/../../../../avr/lib/avr5/crtm32.o
                0x00000000                __vectors
                0x00000000                __vector_default
 *(.vectors)
 *(.progmem.gcc*)
 *(.progmem*)
                0x00000054                . = ALIGN (0x2)
                0x00000054                __trampolines_start = .
 *(.trampolines)
 .trampolines   0x00000054        0x0 linker stubs
 *(.trampolines*)
                0x00000054                __trampolines_end = .
 *(.jumptables)
 *(.jumptables*)
 *(.lowtext)
 *(.lowtext*)
                0x00000054                __ctors_start = .
 *(.ctors)
                0x00000054                __ctors_end = .
                0x00000054                __dtors_start = .
 *(.dtors)
                0x00000054                __dtors_end = .
 SORT(*)(.ctors)
 SORT(*)(.dtors)
 *(.init0)
 .init0         0x00000054        0x0 c:/winavr-20100110/bin/../lib/gcc/avr/4.3.3/../../../../avr/lib/avr5/crtm32.o
                0x00000054                __init
 *(.init0)
 *(.init1)
 *(.init1)
 *(.init2)
 .init2         0x00000054        0xc c:/winavr-20100110/bin/../lib/gcc/avr/4.3.3/../../../../avr/lib/avr5/crtm32.o
 *(.init2)
 *(.init3)
 *(.init3)
 *(.init4)
 .init4         0x00000060       0x16 c:/winavr-20100110/bin/../lib/gcc/avr/4.3.3/avr5\libgcc.a(_copy_data.o)
                0x00000060                __do_copy_data
 .init4         0x00000076       0x10 c:/winavr-20100110/bin/../lib/gcc/avr/4.3.3/avr5\libgcc.a(_clear_bss.o)
                0x00000076                __do_clear_bss
 *(.init4)
 *(.init5)
 *(.init5)
 *(.init6)
 *(.init6)
 *(.init7)
 *(.init7)
 *(.init8)
 *(.init8)
 *(.init9)
 .init9         0x00000086        0x8 c:/winavr-20100110/bin/../lib/gcc/avr/4.3.3/../../../../avr/lib/avr5/crtm32.o
 *(.init9)
 *(.text)
 .text          0x0000008e        0x4 c:/winavr-20100110/bin/../lib/gcc/avr/4.3.3/../../../../avr/lib/avr5/crtm32.o
                0x0000008e                __vector_12
                0x0000008e                __bad_interrupt
                0x0000008e                __vector_6
                0x0000008e                __vector_11
                0x0000008e                __vector_13
                0x0000008e                __vector_17
                0x0000008e                __vector_19
                0x0000008e                __vector_7
                0x0000008e                __vector_9
                0x0000008e                __vector_15
                0x0000008e                __vector_8
                0x0000008e                __vector_14
                0x0000008e                __vector_10
                0x0000008e                __vector_16
                0x0000008e                __vector_18
                0x0000008e                __vector_20
 .text          0x00000092      0x152 ATmega32A_GCC_DigitalControlAudioSystem_pLibs.o
                0x00000092                port_init
                0x000000cc                __vector_1
                0x000000c6                timer2_off
                0x000000b0                timer2_init
                0x00000130                buttons_press
                0x000000f4                __vector_3
                0x000001be                init_all
                0x000000bc                timer2_on
                0x0000011c                __vector_5
                0x000001d8                main
                0x00000108                __vector_4
                0x000000e0                __vector_2
 .text          0x000001e4       0xbc 24c64.o
                0x0000022e                eeprom_24c64_write
                0x000001e4                eeprom_24c64_read
                0x00000268                eeprom_24c64_reset
 .text          0x000002a0      0x150 ds18x20.o
                0x00000398                wait_ready
                0x000002a0                reset
                0x000003a2                read_scratchpad
                0x000002ca                read_bit
                0x000002f8                read_byte
                0x000002e2                write_bit
                0x00000352                write_byte
 .text          0x000003f0       0x46 i2c_twi.o
                0x00000412                i2c_write
                0x00000400                i2c_start
                0x0000040c                i2c_stop
                0x00000420                i2c_read
                0x000003f0                i2c_init
 .text          0x00000436      0x222 lcd_hd44780_74hc595.o
                0x00000484                LCD_INIT
                0x0000054c                LCD_EXECUTE_DATA_LAST
                0x00000566                lcdDataString
                0x000004ac                LCD_EXECUTE_DATA
                0x00000620                lcdDataInt
                0x000005b4                LCD_CGRAM_CUSTOM_SYMBOLS
                0x00000436                LCD_EXECUTE_COMMAND
                0x0000050e                LCD_EXECUTE_DATA_ONE
                0x00000474                LCD_CLEAR_CONTAINS
 .text          0x00000658       0x82 pga2310.o
                0x00000658                PGA2310_Volume_Update
                0x00000686                pga2310_init
                0x000006b0                pga2310_reset
 .text          0x000006da      0x15c uart.o
                0x0000078e                transmitUartULong
                0x000007c6                transmitUartInt
                0x0000074e                receiveUart
                0x00000756                transmitUartLong
                0x000006ec                uart_transmit
                0x00000716                uart_transmit_DEC_to_BCD
                0x000006da                uart_init
                0x0000070e                uart_transmit_one
                0x00000732                transmitUart
                0x0000073a                transmitUartString
                0x000007fe                transmitUartUInt
 .text          0x00000836       0x58 spi.o
                0x00000836                spi_init
                0x00000842                spi_start
                0x0000086a                spi_write_more_bytes
                0x00000848                spi_stop
                0x00000884                spi_read_more_bytes
                0x00000858                spi_write_two_bytes
                0x0000084c                spi_write_one_byte
 .text          0x0000088e       0xae utility.o
                0x0000090a                shiftLeftInMsbFirst
                0x000008fc                shiftRightInLsbFirst
                0x0000088e                decToBcd
                0x00000918                delay_ms
                0x000008b0                bcdToDec
                0x000008c4                shiftRightOutLsbFirst
                0x000008e0                shiftLeftOutMsbFirst
 .text          0x0000093c        0x0 c:/winavr-20100110/bin/../lib/gcc/avr/4.3.3/avr5\libgcc.a(_udivmodqi4.o)
 .text          0x0000093c        0x0 c:/winavr-20100110/bin/../lib/gcc/avr/4.3.3/avr5\libgcc.a(_exit.o)
 .text          0x0000093c        0x0 c:/winavr-20100110/bin/../lib/gcc/avr/4.3.3/avr5\libgcc.a(_copy_data.o)
 .text          0x0000093c        0x0 c:/winavr-20100110/bin/../lib/gcc/avr/4.3.3/avr5\libgcc.a(_clear_bss.o)
 .text          0x0000093c        0x0 c:/winavr-20100110/bin/../lib/gcc/avr/4.3.3/../../../../avr/lib/avr5\libc.a(itoa.o)
 .text          0x0000093c        0x0 c:/winavr-20100110/bin/../lib/gcc/avr/4.3.3/../../../../avr/lib/avr5\libc.a(ltoa.o)
 .text          0x0000093c        0x0 c:/winavr-20100110/bin/../lib/gcc/avr/4.3.3/../../../../avr/lib/avr5\libc.a(ultoa.o)
 .text          0x0000093c        0x0 c:/winavr-20100110/bin/../lib/gcc/avr/4.3.3/../../../../avr/lib/avr5\libc.a(utoa.o)
 .text          0x0000093c        0x0 c:/winavr-20100110/bin/../lib/gcc/avr/4.3.3/../../../../avr/lib/avr5\libc.a(strrev.o)
 .text          0x0000093c        0x0 c:/winavr-20100110/bin/../lib/gcc/avr/4.3.3/avr5\libgcc.a(_udivmodhi4.o)
 .text          0x0000093c        0x0 c:/winavr-20100110/bin/../lib/gcc/avr/4.3.3/avr5\libgcc.a(_udivmodsi4.o)
                0x0000093c                . = ALIGN (0x2)
 *(.text.*)
 .text.libgcc   0x0000093c       0x18 c:/winavr-20100110/bin/../lib/gcc/avr/4.3.3/avr5\libgcc.a(_udivmodqi4.o)
                0x0000093c                __udivmodqi4
 .text.libgcc   0x00000954        0x0 c:/winavr-20100110/bin/../lib/gcc/avr/4.3.3/avr5\libgcc.a(_exit.o)
 .text.libgcc   0x00000954        0x0 c:/winavr-20100110/bin/../lib/gcc/avr/4.3.3/avr5\libgcc.a(_copy_data.o)
 .text.libgcc   0x00000954        0x0 c:/winavr-20100110/bin/../lib/gcc/avr/4.3.3/avr5\libgcc.a(_clear_bss.o)
 .text.avr-libc
                0x00000954       0x42 c:/winavr-20100110/bin/../lib/gcc/avr/4.3.3/../../../../avr/lib/avr5\libc.a(itoa.o)
                0x00000954                itoa
 .text.avr-libc
                0x00000996       0x68 c:/winavr-20100110/bin/../lib/gcc/avr/4.3.3/../../../../avr/lib/avr5\libc.a(ltoa.o)
                0x00000996                ltoa
 .text.avr-libc
                0x000009fe       0x4a c:/winavr-20100110/bin/../lib/gcc/avr/4.3.3/../../../../avr/lib/avr5\libc.a(ultoa.o)
                0x000009fe                ultoa
 .text.avr-libc
                0x00000a48       0x2c c:/winavr-20100110/bin/../lib/gcc/avr/4.3.3/../../../../avr/lib/avr5\libc.a(utoa.o)
                0x00000a48                utoa
 .text.avr-libc
                0x00000a74       0x20 c:/winavr-20100110/bin/../lib/gcc/avr/4.3.3/../../../../avr/lib/avr5\libc.a(strrev.o)
                0x00000a74                strrev
 .text.libgcc   0x00000a94       0x28 c:/winavr-20100110/bin/../lib/gcc/avr/4.3.3/avr5\libgcc.a(_udivmodhi4.o)
                0x00000a94                __udivmodhi4
 .text.libgcc   0x00000abc       0x44 c:/winavr-20100110/bin/../lib/gcc/avr/4.3.3/avr5\libgcc.a(_udivmodsi4.o)
                0x00000abc                __udivmodsi4
                0x00000b00                . = ALIGN (0x2)
 *(.fini9)
 .fini9         0x00000b00        0x0 c:/winavr-20100110/bin/../lib/gcc/avr/4.3.3/avr5\libgcc.a(_exit.o)
                0x00000b00                exit
                0x00000b00                _exit
 *(.fini9)
 *(.fini8)
 *(.fini8)
 *(.fini7)
 *(.fini7)
 *(.fini6)
 *(.fini6)
 *(.fini5)
 *(.fini5)
 *(.fini4)
 *(.fini4)
 *(.fini3)
 *(.fini3)
 *(.fini2)
 *(.fini2)
 *(.fini1)
 *(.fini1)
 *(.fini0)
 .fini0         0x00000b00        0x4 c:/winavr-20100110/bin/../lib/gcc/avr/4.3.3/avr5\libgcc.a(_exit.o)
 *(.fini0)
                0x00000b04                _etext = .

.data           0x00800060       0x38 load address 0x00000b04
                0x00800060                PROVIDE (__data_start, .)
 *(.data)
 .data          0x00800060        0x0 c:/winavr-20100110/bin/../lib/gcc/avr/4.3.3/../../../../avr/lib/avr5/crtm32.o
 .data          0x00800060        0x0 ATmega32A_GCC_DigitalControlAudioSystem_pLibs.o
 .data          0x00800060        0x0 24c64.o
 .data          0x00800060        0x0 ds18x20.o
 .data          0x00800060        0x0 i2c_twi.o
 .data          0x00800060       0x38 lcd_hd44780_74hc595.o
                0x00800060                symbolGenerator
 .data          0x00800098        0x0 pga2310.o
 .data          0x00800098        0x0 uart.o
 .data          0x00800098        0x0 spi.o
 .data          0x00800098        0x0 utility.o
 .data          0x00800098        0x0 c:/winavr-20100110/bin/../lib/gcc/avr/4.3.3/avr5\libgcc.a(_udivmodqi4.o)
 .data          0x00800098        0x0 c:/winavr-20100110/bin/../lib/gcc/avr/4.3.3/avr5\libgcc.a(_exit.o)
 .data          0x00800098        0x0 c:/winavr-20100110/bin/../lib/gcc/avr/4.3.3/avr5\libgcc.a(_copy_data.o)
 .data          0x00800098        0x0 c:/winavr-20100110/bin/../lib/gcc/avr/4.3.3/avr5\libgcc.a(_clear_bss.o)
 .data          0x00800098        0x0 c:/winavr-20100110/bin/../lib/gcc/avr/4.3.3/../../../../avr/lib/avr5\libc.a(itoa.o)
 .data          0x00800098        0x0 c:/winavr-20100110/bin/../lib/gcc/avr/4.3.3/../../../../avr/lib/avr5\libc.a(ltoa.o)
 .data          0x00800098        0x0 c:/winavr-20100110/bin/../lib/gcc/avr/4.3.3/../../../../avr/lib/avr5\libc.a(ultoa.o)
 .data          0x00800098        0x0 c:/winavr-20100110/bin/../lib/gcc/avr/4.3.3/../../../../avr/lib/avr5\libc.a(utoa.o)
 .data          0x00800098        0x0 c:/winavr-20100110/bin/../lib/gcc/avr/4.3.3/../../../../avr/lib/avr5\libc.a(strrev.o)
 .data          0x00800098        0x0 c:/winavr-20100110/bin/../lib/gcc/avr/4.3.3/avr5\libgcc.a(_udivmodhi4.o)
 .data          0x00800098        0x0 c:/winavr-20100110/bin/../lib/gcc/avr/4.3.3/avr5\libgcc.a(_udivmodsi4.o)
 *(.data*)
 *(.rodata)
 *(.rodata*)
 *(.gnu.linkonce.d*)
                0x00800098                . = ALIGN (0x2)
                0x00800098                _edata = .
                0x00800098                PROVIDE (__data_end, .)

.bss            0x00800098       0x15
                0x00800098                PROVIDE (__bss_start, .)
 *(.bss)
 .bss           0x00800098        0x0 c:/winavr-20100110/bin/../lib/gcc/avr/4.3.3/../../../../avr/lib/avr5/crtm32.o
 .bss           0x00800098        0x2 ATmega32A_GCC_DigitalControlAudioSystem_pLibs.o
                0x00800099                n
                0x00800098                tempEncoder
 .bss           0x0080009a        0x0 24c64.o
 .bss           0x0080009a        0xa ds18x20.o
                0x0080009a                scratchpad
 .bss           0x008000a4        0x0 i2c_twi.o
 .bss           0x008000a4        0x0 lcd_hd44780_74hc595.o
 .bss           0x008000a4        0x0 pga2310.o
 .bss           0x008000a4        0x0 uart.o
 .bss           0x008000a4        0x0 spi.o
 .bss           0x008000a4        0x0 utility.o
 .bss           0x008000a4        0x0 c:/winavr-20100110/bin/../lib/gcc/avr/4.3.3/avr5\libgcc.a(_udivmodqi4.o)
 .bss           0x008000a4        0x0 c:/winavr-20100110/bin/../lib/gcc/avr/4.3.3/avr5\libgcc.a(_exit.o)
 .bss           0x008000a4        0x0 c:/winavr-20100110/bin/../lib/gcc/avr/4.3.3/avr5\libgcc.a(_copy_data.o)
 .bss           0x008000a4        0x0 c:/winavr-20100110/bin/../lib/gcc/avr/4.3.3/avr5\libgcc.a(_clear_bss.o)
 .bss           0x008000a4        0x0 c:/winavr-20100110/bin/../lib/gcc/avr/4.3.3/../../../../avr/lib/avr5\libc.a(itoa.o)
 .bss           0x008000a4        0x0 c:/winavr-20100110/bin/../lib/gcc/avr/4.3.3/../../../../avr/lib/avr5\libc.a(ltoa.o)
 .bss           0x008000a4        0x0 c:/winavr-20100110/bin/../lib/gcc/avr/4.3.3/../../../../avr/lib/avr5\libc.a(ultoa.o)
 .bss           0x008000a4        0x0 c:/winavr-20100110/bin/../lib/gcc/avr/4.3.3/../../../../avr/lib/avr5\libc.a(utoa.o)
 .bss           0x008000a4        0x0 c:/winavr-20100110/bin/../lib/gcc/avr/4.3.3/../../../../avr/lib/avr5\libc.a(strrev.o)
 .bss           0x008000a4        0x0 c:/winavr-20100110/bin/../lib/gcc/avr/4.3.3/avr5\libgcc.a(_udivmodhi4.o)
 .bss           0x008000a4        0x0 c:/winavr-20100110/bin/../lib/gcc/avr/4.3.3/avr5\libgcc.a(_udivmodsi4.o)
 *(.bss*)
 *(COMMON)
 COMMON         0x008000a4        0x5 ATmega32A_GCC_DigitalControlAudioSystem_pLibs.o
                0x008000a4                irCommand
                0x008000a5                flagStatusBits
                0x008000a7                irExtened
                0x008000a8                irAddress
 COMMON         0x008000a9        0x4 lcd_hd44780_74hc595.o
                0x008000a9                rows
                0x008000ab                cols
                0x008000ad                PROVIDE (__bss_end, .)
                0x00000b04                __data_load_start = LOADADDR (.data)
                0x00000b3c                __data_load_end = (__data_load_start + SIZEOF (.data))

.noinit         0x008000ad        0x0
                0x008000ad                PROVIDE (__noinit_start, .)
 *(.noinit*)
                0x008000ad                PROVIDE (__noinit_end, .)
                0x008000ad                _end = .
                0x008000ad                PROVIDE (__heap_start, .)

.eeprom         0x00810000        0x0
 *(.eeprom*)
                0x00810000                __eeprom_end = .

.fuse
 *(.fuse)
 *(.lfuse)
 *(.hfuse)
 *(.efuse)

.lock
 *(.lock*)

.signature
 *(.signature*)

.stab
 *(.stab)

.stabstr
 *(.stabstr)

.stab.excl
 *(.stab.excl)

.stab.exclstr
 *(.stab.exclstr)

.stab.index
 *(.stab.index)

.stab.indexstr
 *(.stab.indexstr)

.comment
 *(.comment)

.debug
 *(.debug)

.line
 *(.line)

.debug_srcinfo
 *(.debug_srcinfo)

.debug_sfnames
 *(.debug_sfnames)

.debug_aranges  0x00000000      0x120
 *(.debug_aranges)
 .debug_aranges
                0x00000000       0x20 ATmega32A_GCC_DigitalControlAudioSystem_pLibs.o
 .debug_aranges
                0x00000020       0x20 24c64.o
 .debug_aranges
                0x00000040       0x20 ds18x20.o
 .debug_aranges
                0x00000060       0x20 i2c_twi.o
 .debug_aranges
                0x00000080       0x20 lcd_hd44780_74hc595.o
 .debug_aranges
                0x000000a0       0x20 pga2310.o
 .debug_aranges
                0x000000c0       0x20 uart.o
 .debug_aranges
                0x000000e0       0x20 spi.o
 .debug_aranges
                0x00000100       0x20 utility.o

.debug_pubnames
                0x00000000      0x5b5
 *(.debug_pubnames)
 .debug_pubnames
                0x00000000      0x113 ATmega32A_GCC_DigitalControlAudioSystem_pLibs.o
 .debug_pubnames
                0x00000113       0x56 24c64.o
 .debug_pubnames
                0x00000169       0x86 ds18x20.o
 .debug_pubnames
                0x000001ef       0x55 i2c_twi.o
 .debug_pubnames
                0x00000244       0xfa lcd_hd44780_74hc595.o
 .debug_pubnames
                0x0000033e       0x4f pga2310.o
 .debug_pubnames
                0x0000038d       0xf1 uart.o
 .debug_pubnames
                0x0000047e       0x9a spi.o
 .debug_pubnames
                0x00000518       0x9d utility.o

.debug_info     0x00000000     0x1863
 *(.debug_info)
 .debug_info    0x00000000      0x32e ATmega32A_GCC_DigitalControlAudioSystem_pLibs.o
 .debug_info    0x0000032e       0xfe 24c64.o
 .debug_info    0x0000042c      0x4a2 ds18x20.o
 .debug_info    0x000008ce       0xe8 i2c_twi.o
 .debug_info    0x000009b6      0x81c lcd_hd44780_74hc595.o
 .debug_info    0x000011d2       0xbb pga2310.o
 .debug_info    0x0000128d      0x290 uart.o
 .debug_info    0x0000151d      0x170 spi.o
 .debug_info    0x0000168d      0x1d6 utility.o
 *(.gnu.linkonce.wi.*)

.debug_abbrev   0x00000000      0x947
 *(.debug_abbrev)
 .debug_abbrev  0x00000000      0x1bb ATmega32A_GCC_DigitalControlAudioSystem_pLibs.o
 .debug_abbrev  0x000001bb       0x8e 24c64.o
 .debug_abbrev  0x00000249      0x177 ds18x20.o
 .debug_abbrev  0x000003c0       0x8f i2c_twi.o
 .debug_abbrev  0x0000044f      0x1e4 lcd_hd44780_74hc595.o
 .debug_abbrev  0x00000633       0x63 pga2310.o
 .debug_abbrev  0x00000696      0x126 uart.o
 .debug_abbrev  0x000007bc       0xd5 spi.o
 .debug_abbrev  0x00000891       0xb6 utility.o

.debug_line     0x00000000     0x14ca
 *(.debug_line)
 .debug_line    0x00000000      0x37c ATmega32A_GCC_DigitalControlAudioSystem_pLibs.o
 .debug_line    0x0000037c      0x193 24c64.o
 .debug_line    0x0000050f      0x2f3 ds18x20.o
 .debug_line    0x00000802      0x12b i2c_twi.o
 .debug_line    0x0000092d      0x512 lcd_hd44780_74hc595.o
 .debug_line    0x00000e3f      0x17f pga2310.o
 .debug_line    0x00000fbe      0x1f2 uart.o
 .debug_line    0x000011b0      0x187 spi.o
 .debug_line    0x00001337      0x193 utility.o

.debug_frame    0x00000000      0x490
 *(.debug_frame)
 .debug_frame   0x00000000       0xd0 ATmega32A_GCC_DigitalControlAudioSystem_pLibs.o
 .debug_frame   0x000000d0       0x40 24c64.o
 .debug_frame   0x00000110       0x80 ds18x20.o
 .debug_frame   0x00000190       0x60 i2c_twi.o
 .debug_frame   0x000001f0       0xa0 lcd_hd44780_74hc595.o
 .debug_frame   0x00000290       0x40 pga2310.o
 .debug_frame   0x000002d0       0xc0 uart.o
 .debug_frame   0x00000390       0x80 spi.o
 .debug_frame   0x00000410       0x80 utility.o

.debug_str      0x00000000      0x762
 *(.debug_str)
 .debug_str     0x00000000      0x21b ATmega32A_GCC_DigitalControlAudioSystem_pLibs.o
                                0x254 (size before relaxing)
 .debug_str     0x0000021b       0xca 24c64.o
                                0x1b6 (size before relaxing)
 .debug_str     0x000002e5       0x91 ds18x20.o
                                0x1be (size before relaxing)
 .debug_str     0x00000376       0x58 i2c_twi.o
                                0x131 (size before relaxing)
 .debug_str     0x000003ce      0x11a lcd_hd44780_74hc595.o
                                0x260 (size before relaxing)
 .debug_str     0x000004e8       0x53 pga2310.o
                                0x144 (size before relaxing)
 .debug_str     0x0000053b       0xec uart.o
                                0x1e5 (size before relaxing)
 .debug_str     0x00000627       0x96 spi.o
                                0x16f (size before relaxing)
 .debug_str     0x000006bd       0xa5 utility.o
                                0x19d (size before relaxing)

.debug_loc      0x00000000      0x50d
 *(.debug_loc)
 .debug_loc     0x00000000       0xa0 ATmega32A_GCC_DigitalControlAudioSystem_pLibs.o
 .debug_loc     0x000000a0       0x18 24c64.o
 .debug_loc     0x000000b8       0xfa ds18x20.o
 .debug_loc     0x000001b2       0x31 i2c_twi.o
 .debug_loc     0x000001e3      0x1bb lcd_hd44780_74hc595.o
 .debug_loc     0x0000039e       0x3c pga2310.o
 .debug_loc     0x000003da       0xda uart.o
 .debug_loc     0x000004b4       0x28 spi.o
 .debug_loc     0x000004dc       0x31 utility.o

.debug_macinfo
 *(.debug_macinfo)
OUTPUT(ATmega32A_GCC_DigitalControlAudioSystem_pLibs.elf elf32-avr)
LOAD linker stubs

.debug_ranges   0x00000000      0x2e8
 .debug_ranges  0x00000000       0x48 ATmega32A_GCC_DigitalControlAudioSystem_pLibs.o
 .debug_ranges  0x00000048       0x78 ds18x20.o
 .debug_ranges  0x000000c0      0x1f8 lcd_hd44780_74hc595.o
 .debug_ranges  0x000002b8       0x18 uart.o
 .debug_ranges  0x000002d0       0x18 spi.o
